Archive member included to satisfy reference by file (symbol)

/opt/st/stm32cubeide_1.6.1/plugins/com.st.stm32cube.ide.mcu.externaltools.gnu-tools-for-stm32.9-2020-q2-update.linux64_1.5.0.202011040924/tools/bin/../lib/gcc/arm-none-eabi/9.3.1/../../../../arm-none-eabi/lib/thumb/v7e-m+fp/hard/libc_nano.a(lib_a-errno.o)
                              Core/Src/syscalls.o (__errno)
/opt/st/stm32cubeide_1.6.1/plugins/com.st.stm32cube.ide.mcu.externaltools.gnu-tools-for-stm32.9-2020-q2-update.linux64_1.5.0.202011040924/tools/bin/../lib/gcc/arm-none-eabi/9.3.1/../../../../arm-none-eabi/lib/thumb/v7e-m+fp/hard/libc_nano.a(lib_a-exit.o)
                              /opt/st/stm32cubeide_1.6.1/plugins/com.st.stm32cube.ide.mcu.externaltools.gnu-tools-for-stm32.9-2020-q2-update.linux64_1.5.0.202011040924/tools/bin/../lib/gcc/arm-none-eabi/9.3.1/../../../../arm-none-eabi/lib/thumb/v7e-m+fp/hard/crt0.o (exit)
/opt/st/stm32cubeide_1.6.1/plugins/com.st.stm32cube.ide.mcu.externaltools.gnu-tools-for-stm32.9-2020-q2-update.linux64_1.5.0.202011040924/tools/bin/../lib/gcc/arm-none-eabi/9.3.1/../../../../arm-none-eabi/lib/thumb/v7e-m+fp/hard/libc_nano.a(lib_a-impure.o)
                              /opt/st/stm32cubeide_1.6.1/plugins/com.st.stm32cube.ide.mcu.externaltools.gnu-tools-for-stm32.9-2020-q2-update.linux64_1.5.0.202011040924/tools/bin/../lib/gcc/arm-none-eabi/9.3.1/../../../../arm-none-eabi/lib/thumb/v7e-m+fp/hard/libc_nano.a(lib_a-exit.o) (_global_impure_ptr)
/opt/st/stm32cubeide_1.6.1/plugins/com.st.stm32cube.ide.mcu.externaltools.gnu-tools-for-stm32.9-2020-q2-update.linux64_1.5.0.202011040924/tools/bin/../lib/gcc/arm-none-eabi/9.3.1/../../../../arm-none-eabi/lib/thumb/v7e-m+fp/hard/libc_nano.a(lib_a-init.o)
                              /opt/st/stm32cubeide_1.6.1/plugins/com.st.stm32cube.ide.mcu.externaltools.gnu-tools-for-stm32.9-2020-q2-update.linux64_1.5.0.202011040924/tools/bin/../lib/gcc/arm-none-eabi/9.3.1/../../../../arm-none-eabi/lib/thumb/v7e-m+fp/hard/crt0.o (__libc_init_array)
/opt/st/stm32cubeide_1.6.1/plugins/com.st.stm32cube.ide.mcu.externaltools.gnu-tools-for-stm32.9-2020-q2-update.linux64_1.5.0.202011040924/tools/bin/../lib/gcc/arm-none-eabi/9.3.1/../../../../arm-none-eabi/lib/thumb/v7e-m+fp/hard/libc_nano.a(lib_a-memset.o)
                              /opt/st/stm32cubeide_1.6.1/plugins/com.st.stm32cube.ide.mcu.externaltools.gnu-tools-for-stm32.9-2020-q2-update.linux64_1.5.0.202011040924/tools/bin/../lib/gcc/arm-none-eabi/9.3.1/../../../../arm-none-eabi/lib/thumb/v7e-m+fp/hard/crt0.o (memset)

Allocating common symbols
Common symbol       size              file

hdfsdm1_channel1    0x38              Core/Src/main.o
hUsbDeviceFS        0x2d0             USB_DEVICE/App/usb_device.o
hdac1               0x14              Core/Src/main.o
hdma_dfsdm1_flt2    0x48              Core/Src/main.o
hpcd_USB_OTG_FS     0x408             USB_DEVICE/Target/usbd_conf.o
hdfsdm1_filter0     0x54              Core/Src/main.o
hdma_tim2_up        0x48              Core/Src/main.o
buffoutmoy          0x20              Core/Src/main.o
uwTick              0x4               Drivers/STM32L4xx_HAL_Driver/Src/stm32l4xx_hal.o
hdfsdm1_channel3    0x38              Core/Src/main.o
buffin_1            0x20              Core/Src/main.o
hdfsdm1_filter2     0x54              Core/Src/main.o
hdma_dfsdm1_flt1    0x48              Core/Src/main.o
hdma_dfsdm1_flt0    0x48              Core/Src/main.o
hdfsdm1_filter1     0x54              Core/Src/main.o
hdma_dac_ch2        0x48              Core/Src/main.o
buffin_0            0x20              Core/Src/main.o
htim2               0x4c              Core/Src/main.o
USBD_StrDesc        0x200             USB_DEVICE/App/usbd_desc.o
hdfsdm1_channel2    0x38              Core/Src/main.o
buffout             0x10              Core/Src/main.o

Discarded input sections

 .text          0x0000000000000000        0x0 /opt/st/stm32cubeide_1.6.1/plugins/com.st.stm32cube.ide.mcu.externaltools.gnu-tools-for-stm32.9-2020-q2-update.linux64_1.5.0.202011040924/tools/bin/../lib/gcc/arm-none-eabi/9.3.1/thumb/v7e-m+fp/hard/crti.o
 .data          0x0000000000000000        0x0 /opt/st/stm32cubeide_1.6.1/plugins/com.st.stm32cube.ide.mcu.externaltools.gnu-tools-for-stm32.9-2020-q2-update.linux64_1.5.0.202011040924/tools/bin/../lib/gcc/arm-none-eabi/9.3.1/thumb/v7e-m+fp/hard/crti.o
 .bss           0x0000000000000000        0x0 /opt/st/stm32cubeide_1.6.1/plugins/com.st.stm32cube.ide.mcu.externaltools.gnu-tools-for-stm32.9-2020-q2-update.linux64_1.5.0.202011040924/tools/bin/../lib/gcc/arm-none-eabi/9.3.1/thumb/v7e-m+fp/hard/crti.o
 .data          0x0000000000000000        0x4 /opt/st/stm32cubeide_1.6.1/plugins/com.st.stm32cube.ide.mcu.externaltools.gnu-tools-for-stm32.9-2020-q2-update.linux64_1.5.0.202011040924/tools/bin/../lib/gcc/arm-none-eabi/9.3.1/thumb/v7e-m+fp/hard/crtbegin.o
[...]
Memory Configuration

Name             Origin             Length             Attributes
RAM              0x0000000020000000 0x0000000000018000 xrw
RAM2             0x0000000010000000 0x0000000000008000 xrw
FLASH            0x0000000008000000 0x0000000000100000 xr
*default*        0x0000000000000000 0xffffffffffffffff

Linker script and memory map

LOAD /opt/st/stm32cubeide_1.6.1/plugins/com.st.stm32cube.ide.mcu.externaltools.gnu-tools-for-stm32.9-2020-q2-update.linux64_1.5.0.202011040924/tools/bin/../lib/gcc/arm-none-eabi/9.3.1/thumb/v7e-m+fp/hard/crti.o
LOAD /opt/st/stm32cubeide_1.6.1/plugins/com.st.stm32cube.ide.mcu.externaltools.gnu-tools-for-stm32.9-2020-q2-update.linux64_1.5.0.202011040924/tools/bin/../lib/gcc/arm-none-eabi/9.3.1/thumb/v7e-m+fp/hard/crtbegin.o
LOAD /opt/st/stm32cubeide_1.6.1/plugins/com.st.stm32cube.ide.mcu.externaltools.gnu-tools-for-stm32.9-2020-q2-update.linux64_1.5.0.202011040924/tools/bin/../lib/gcc/arm-none-eabi/9.3.1/../../../../arm-none-eabi/lib/thumb/v7e-m+fp/hard/crt0.o
LOAD Core/Src/main.o
LOAD Core/Src/stm32l4xx_hal_msp.o
LOAD Core/Src/stm32l4xx_it.o
LOAD Core/Src/syscalls.o
LOAD Core/Src/sysmem.o
LOAD Core/Src/system_stm32l4xx.o
LOAD Core/Startup/startup_stm32l475vgtx.o
LOAD Drivers/BSP/stm32l475e_iot01.o
LOAD Drivers/STM32L4xx_HAL_Driver/Src/stm32l4xx_hal.o
LOAD Drivers/STM32L4xx_HAL_Driver/Src/stm32l4xx_hal_cortex.o
LOAD Drivers/STM32L4xx_HAL_Driver/Src/stm32l4xx_hal_dac.o
LOAD Drivers/STM32L4xx_HAL_Driver/Src/stm32l4xx_hal_dac_ex.o
LOAD Drivers/STM32L4xx_HAL_Driver/Src/stm32l4xx_hal_dfsdm.o
LOAD Drivers/STM32L4xx_HAL_Driver/Src/stm32l4xx_hal_dma.o
LOAD Drivers/STM32L4xx_HAL_Driver/Src/stm32l4xx_hal_dma_ex.o
LOAD Drivers/STM32L4xx_HAL_Driver/Src/stm32l4xx_hal_exti.o
LOAD Drivers/STM32L4xx_HAL_Driver/Src/stm32l4xx_hal_flash.o
LOAD Drivers/STM32L4xx_HAL_Driver/Src/stm32l4xx_hal_flash_ex.o
LOAD Drivers/STM32L4xx_HAL_Driver/Src/stm32l4xx_hal_flash_ramfunc.o
LOAD Drivers/STM32L4xx_HAL_Driver/Src/stm32l4xx_hal_gpio.o
LOAD Drivers/STM32L4xx_HAL_Driver/Src/stm32l4xx_hal_i2c.o
LOAD Drivers/STM32L4xx_HAL_Driver/Src/stm32l4xx_hal_i2c_ex.o
LOAD Drivers/STM32L4xx_HAL_Driver/Src/stm32l4xx_hal_pcd.o
LOAD Drivers/STM32L4xx_HAL_Driver/Src/stm32l4xx_hal_pcd_ex.o
LOAD Drivers/STM32L4xx_HAL_Driver/Src/stm32l4xx_hal_pwr.o
LOAD Drivers/STM32L4xx_HAL_Driver/Src/stm32l4xx_hal_pwr_ex.o
LOAD Drivers/STM32L4xx_HAL_Driver/Src/stm32l4xx_hal_rcc.o
LOAD Drivers/STM32L4xx_HAL_Driver/Src/stm32l4xx_hal_rcc_ex.o
LOAD Drivers/STM32L4xx_HAL_Driver/Src/stm32l4xx_hal_tim.o
LOAD Drivers/STM32L4xx_HAL_Driver/Src/stm32l4xx_hal_tim_ex.o
LOAD Drivers/STM32L4xx_HAL_Driver/Src/stm32l4xx_ll_usb.o
LOAD Middlewares/ST/STM32_USB_Device_Library/Class/AUDIO/Src/usbd_audio.o
LOAD Middlewares/ST/STM32_USB_Device_Library/Core/Src/usbd_core.o
LOAD Middlewares/ST/STM32_USB_Device_Library/Core/Src/usbd_ctlreq.o
LOAD Middlewares/ST/STM32_USB_Device_Library/Core/Src/usbd_ioreq.o
LOAD USB_DEVICE/App/usb_device.o
LOAD USB_DEVICE/App/usbd_audio_if.o
LOAD USB_DEVICE/App/usbd_desc.o
LOAD USB_DEVICE/Target/usbd_conf.o
START GROUP
LOAD /opt/st/stm32cubeide_1.6.1/plugins/com.st.stm32cube.ide.mcu.externaltools.gnu-tools-for-stm32.9-2020-q2-update.linux64_1.5.0.202011040924/tools/bin/../lib/gcc/arm-none-eabi/9.3.1/../../../../arm-none-eabi/lib/thumb/v7e-m+fp/hard/libc_nano.a
LOAD /opt/st/stm32cubeide_1.6.1/plugins/com.st.stm32cube.ide.mcu.externaltools.gnu-tools-for-stm32.9-2020-q2-update.linux64_1.5.0.202011040924/tools/bin/../lib/gcc/arm-none-eabi/9.3.1/../../../../arm-none-eabi/lib/thumb/v7e-m+fp/hard/libm.a
END GROUP
START GROUP
LOAD /opt/st/stm32cubeide_1.6.1/plugins/com.st.stm32cube.ide.mcu.externaltools.gnu-tools-for-stm32.9-2020-q2-update.linux64_1.5.0.202011040924/tools/bin/../lib/gcc/arm-none-eabi/9.3.1/thumb/v7e-m+fp/hard/libgcc.a
LOAD /opt/st/stm32cubeide_1.6.1/plugins/com.st.stm32cube.ide.mcu.externaltools.gnu-tools-for-stm32.9-2020-q2-update.linux64_1.5.0.202011040924/tools/bin/../lib/gcc/arm-none-eabi/9.3.1/../../../../arm-none-eabi/lib/thumb/v7e-m+fp/hard/libc_nano.a
END GROUP
START GROUP
LOAD /opt/st/stm32cubeide_1.6.1/plugins/com.st.stm32cube.ide.mcu.externaltools.gnu-tools-for-stm32.9-2020-q2-update.linux64_1.5.0.202011040924/tools/bin/../lib/gcc/arm-none-eabi/9.3.1/thumb/v7e-m+fp/hard/libgcc.a
LOAD /opt/st/stm32cubeide_1.6.1/plugins/com.st.stm32cube.ide.mcu.externaltools.gnu-tools-for-stm32.9-2020-q2-update.linux64_1.5.0.202011040924/tools/bin/../lib/gcc/arm-none-eabi/9.3.1/../../../../arm-none-eabi/lib/thumb/v7e-m+fp/hard/libc_nano.a
LOAD /opt/st/stm32cubeide_1.6.1/plugins/com.st.stm32cube.ide.mcu.externaltools.gnu-tools-for-stm32.9-2020-q2-update.linux64_1.5.0.202011040924/tools/bin/../lib/gcc/arm-none-eabi/9.3.1/../../../../arm-none-eabi/lib/thumb/v7e-m+fp/hard/libnosys.a
END GROUP
START GROUP
LOAD /opt/st/stm32cubeide_1.6.1/plugins/com.st.stm32cube.ide.mcu.externaltools.gnu-tools-for-stm32.9-2020-q2-update.linux64_1.5.0.202011040924/tools/bin/../lib/gcc/arm-none-eabi/9.3.1/thumb/v7e-m+fp/hard/libgcc.a
LOAD /opt/st/stm32cubeide_1.6.1/plugins/com.st.stm32cube.ide.mcu.externaltools.gnu-tools-for-stm32.9-2020-q2-update.linux64_1.5.0.202011040924/tools/bin/../lib/gcc/arm-none-eabi/9.3.1/../../../../arm-none-eabi/lib/thumb/v7e-m+fp/hard/libc_nano.a
LOAD /opt/st/stm32cubeide_1.6.1/plugins/com.st.stm32cube.ide.mcu.externaltools.gnu-tools-for-stm32.9-2020-q2-update.linux64_1.5.0.202011040924/tools/bin/../lib/gcc/arm-none-eabi/9.3.1/../../../../arm-none-eabi/lib/thumb/v7e-m+fp/hard/libnosys.a
END GROUP
LOAD /opt/st/stm32cubeide_1.6.1/plugins/com.st.stm32cube.ide.mcu.externaltools.gnu-tools-for-stm32.9-2020-q2-update.linux64_1.5.0.202011040924/tools/bin/../lib/gcc/arm-none-eabi/9.3.1/thumb/v7e-m+fp/hard/crtend.o
LOAD /opt/st/stm32cubeide_1.6.1/plugins/com.st.stm32cube.ide.mcu.externaltools.gnu-tools-for-stm32.9-2020-q2-update.linux64_1.5.0.202011040924/tools/bin/../lib/gcc/arm-none-eabi/9.3.1/thumb/v7e-m+fp/hard/crtn.o
                0x0000000020018000                _estack = (ORIGIN (RAM) + LENGTH (RAM))
                0x0000000000000200                _Min_Heap_Size = 0x200
                0x0000000000000400                _Min_Stack_Size = 0x400

.isr_vector     0x0000000008000000      0x188
                0x0000000008000000                . = ALIGN (0x4)
 *(.isr_vector)
 .isr_vector    0x0000000008000000      0x188 Core/Startup/startup_stm32l475vgtx.o
                0x0000000008000000                g_pfnVectors
                0x0000000008000188                . = ALIGN (0x4)

.text           0x0000000008000188     0x4af8
                0x0000000008000188                . = ALIGN (0x4)
 *(.text)
 .text          0x0000000008000188       0x40 /opt/st/stm32cubeide_1.6.1/plugins/com.st.stm32cube.ide.mcu.externaltools.gnu-tools-for-stm32.9-2020-q2-update.linux64_1.5.0.202011040924/tools/bin/../lib/gcc/arm-none-eabi/9.3.1/thumb/v7e-m+fp/hard/crtbegin.o
 *(.text*)
 .text.HAL_DFSDM_FilterRegConvCpltCallback
                0x00000000080001c8       0x30 Core/Src/main.o
                0x00000000080001c8                HAL_DFSDM_FilterRegConvCpltCallback
 .text.HAL_DFSDM_FilterRegConvHalfCpltCallback
                0x00000000080001f8       0x30 Core/Src/main.o
                0x00000000080001f8                HAL_DFSDM_FilterRegConvHalfCpltCallback
 .text.SystemClock_Config
                0x0000000008000228       0xe8 Core/Src/main.o
                0x0000000008000228                SystemClock_Config
 .text.startup.main
                0x0000000008000310      0x678 Core/Src/main.o
                0x0000000008000310                main
 .text.Error_Handler
                0x0000000008000988        0x4 Core/Src/main.o
                0x0000000008000988                Error_Handler
 .text.HAL_MspInit
                0x000000000800098c       0x30 Core/Src/stm32l4xx_hal_msp.o
                0x000000000800098c                HAL_MspInit
 .text.HAL_DAC_MspInit
                0x00000000080009bc       0xa4 Core/Src/stm32l4xx_hal_msp.o
                0x00000000080009bc                HAL_DAC_MspInit
 .text.HAL_DFSDM_FilterMspInit
                0x0000000008000a60      0x16c Core/Src/stm32l4xx_hal_msp.o
                0x0000000008000a60                HAL_DFSDM_FilterMspInit
 .text.HAL_DFSDM_ChannelMspInit
                0x0000000008000bcc       0x7c Core/Src/stm32l4xx_hal_msp.o
                0x0000000008000bcc                HAL_DFSDM_ChannelMspInit
 .text.HAL_TIM_Base_MspInit
                0x0000000008000c48       0x9c Core/Src/stm32l4xx_hal_msp.o
                0x0000000008000c48                HAL_TIM_Base_MspInit
 .text.NMI_Handler
                0x0000000008000ce4        0x2 Core/Src/stm32l4xx_it.o
                0x0000000008000ce4                NMI_Handler
 .text.HardFault_Handler
                0x0000000008000ce6        0x2 Core/Src/stm32l4xx_it.o
                0x0000000008000ce6                HardFault_Handler
 .text.MemManage_Handler
                0x0000000008000ce8        0x2 Core/Src/stm32l4xx_it.o
                0x0000000008000ce8                MemManage_Handler
 .text.BusFault_Handler
                0x0000000008000cea        0x2 Core/Src/stm32l4xx_it.o
                0x0000000008000cea                BusFault_Handler
 .text.UsageFault_Handler
                0x0000000008000cec        0x2 Core/Src/stm32l4xx_it.o
                0x0000000008000cec                UsageFault_Handler
 .text.SVC_Handler
                0x0000000008000cee        0x2 Core/Src/stm32l4xx_it.o
                0x0000000008000cee                SVC_Handler
 .text.DebugMon_Handler
                0x0000000008000cf0        0x2 Core/Src/stm32l4xx_it.o
                0x0000000008000cf0                DebugMon_Handler
 .text.PendSV_Handler
                0x0000000008000cf2        0x2 Core/Src/stm32l4xx_it.o
                0x0000000008000cf2                PendSV_Handler
 .text.SysTick_Handler
                0x0000000008000cf4        0x4 Core/Src/stm32l4xx_it.o
                0x0000000008000cf4                SysTick_Handler
 .text.DMA1_Channel2_IRQHandler
                0x0000000008000cf8        0xc Core/Src/stm32l4xx_it.o
                0x0000000008000cf8                DMA1_Channel2_IRQHandler
 .text.DMA1_Channel4_IRQHandler
                0x0000000008000d04        0xc Core/Src/stm32l4xx_it.o
                0x0000000008000d04                DMA1_Channel4_IRQHandler
 .text.DMA1_Channel5_IRQHandler
                0x0000000008000d10        0xc Core/Src/stm32l4xx_it.o
                0x0000000008000d10                DMA1_Channel5_IRQHandler
 .text.DMA1_Channel6_IRQHandler
                0x0000000008000d1c        0xc Core/Src/stm32l4xx_it.o
                0x0000000008000d1c                DMA1_Channel6_IRQHandler
 .text.EXTI9_5_IRQHandler
                0x0000000008000d28       0x20 Core/Src/stm32l4xx_it.o
                0x0000000008000d28                EXTI9_5_IRQHandler
 .text.EXTI15_10_IRQHandler
                0x0000000008000d48       0x2e Core/Src/stm32l4xx_it.o
                0x0000000008000d48                EXTI15_10_IRQHandler
 *fill*         0x0000000008000d76        0x2 
 .text.DMA2_Channel5_IRQHandler
                0x0000000008000d78        0xc Core/Src/stm32l4xx_it.o
                0x0000000008000d78                DMA2_Channel5_IRQHandler
 .text.OTG_FS_IRQHandler
                0x0000000008000d84        0xc Core/Src/stm32l4xx_it.o
                0x0000000008000d84                OTG_FS_IRQHandler
 .text.SystemInit
                0x0000000008000d90       0x44 Core/Src/system_stm32l4xx.o
                0x0000000008000d90                SystemInit
 .text.Reset_Handler
                0x0000000008000dd4       0x50 Core/Startup/startup_stm32l475vgtx.o
                0x0000000008000dd4                Reset_Handler
 .text.Default_Handler
                0x0000000008000e24        0x2 Core/Startup/startup_stm32l475vgtx.o
                0x0000000008000e24                RTC_Alarm_IRQHandler
                0x0000000008000e24                EXTI2_IRQHandler
                0x0000000008000e24                TIM8_TRG_COM_IRQHandler
                0x0000000008000e24                TIM8_CC_IRQHandler
                0x0000000008000e24                TIM1_CC_IRQHandler
                0x0000000008000e24                TSC_IRQHandler
                0x0000000008000e24                TAMP_STAMP_IRQHandler
                0x0000000008000e24                EXTI3_IRQHandler
                0x0000000008000e24                LPTIM2_IRQHandler
                0x0000000008000e24                DFSDM1_FLT1_IRQHandler
                0x0000000008000e24                I2C3_ER_IRQHandler
                0x0000000008000e24                DFSDM1_FLT2_IRQHandler
                0x0000000008000e24                EXTI0_IRQHandler
                0x0000000008000e24                I2C2_EV_IRQHandler
                0x0000000008000e24                CAN1_RX0_IRQHandler
                0x0000000008000e24                FPU_IRQHandler
                0x0000000008000e24                TIM1_UP_TIM16_IRQHandler
                0x0000000008000e24                ADC1_2_IRQHandler
                0x0000000008000e24                SPI1_IRQHandler
                0x0000000008000e24                TIM6_DAC_IRQHandler
                0x0000000008000e24                TIM8_UP_IRQHandler
                0x0000000008000e24                DMA2_Channel2_IRQHandler
                0x0000000008000e24                SAI2_IRQHandler
                0x0000000008000e24                DFSDM1_FLT3_IRQHandler
                0x0000000008000e24                USART3_IRQHandler
                0x0000000008000e24                DMA1_Channel7_IRQHandler
                0x0000000008000e24                CAN1_RX1_IRQHandler
                0x0000000008000e24                UART5_IRQHandler
                0x0000000008000e24                ADC3_IRQHandler
                0x0000000008000e24                TIM4_IRQHandler
                0x0000000008000e24                DMA2_Channel1_IRQHandler
                0x0000000008000e24                QUADSPI_IRQHandler
                0x0000000008000e24                I2C1_EV_IRQHandler
                0x0000000008000e24                UART4_IRQHandler
                0x0000000008000e24                DMA2_Channel4_IRQHandler
                0x0000000008000e24                TIM3_IRQHandler
                0x0000000008000e24                RCC_IRQHandler
                0x0000000008000e24                DMA1_Channel1_IRQHandler
                0x0000000008000e24                Default_Handler
                0x0000000008000e24                DMA2_Channel7_IRQHandler
                0x0000000008000e24                TIM7_IRQHandler
                0x0000000008000e24                SDMMC1_IRQHandler
                0x0000000008000e24                TIM5_IRQHandler
                0x0000000008000e24                I2C3_EV_IRQHandler
                0x0000000008000e24                RTC_WKUP_IRQHandler
                0x0000000008000e24                PVD_PVM_IRQHandler
                0x0000000008000e24                SPI2_IRQHandler
                0x0000000008000e24                CAN1_TX_IRQHandler
                0x0000000008000e24                EXTI4_IRQHandler
                0x0000000008000e24                RNG_IRQHandler
                0x0000000008000e24                TIM1_TRG_COM_TIM17_IRQHandler
                0x0000000008000e24                DMA1_Channel3_IRQHandler
                0x0000000008000e24                COMP_IRQHandler
                0x0000000008000e24                WWDG_IRQHandler
                0x0000000008000e24                LPUART1_IRQHandler
                0x0000000008000e24                DMA2_Channel6_IRQHandler
                0x0000000008000e24                TIM2_IRQHandler
                0x0000000008000e24                EXTI1_IRQHandler
                0x0000000008000e24                USART2_IRQHandler
                0x0000000008000e24                DFSDM1_FLT0_IRQHandler
                0x0000000008000e24                I2C2_ER_IRQHandler
                0x0000000008000e24                TIM8_BRK_IRQHandler
                0x0000000008000e24                CAN1_SCE_IRQHandler
                0x0000000008000e24                FLASH_IRQHandler
                0x0000000008000e24                USART1_IRQHandler
                0x0000000008000e24                SPI3_IRQHandler
                0x0000000008000e24                I2C1_ER_IRQHandler
                0x0000000008000e24                FMC_IRQHandler
                0x0000000008000e24                SWPMI1_IRQHandler
                0x0000000008000e24                LPTIM1_IRQHandler
                0x0000000008000e24                SAI1_IRQHandler
                0x0000000008000e24                DMA2_Channel3_IRQHandler
                0x0000000008000e24                TIM1_BRK_TIM15_IRQHandler
 *fill*         0x0000000008000e26        0x2 
 .text.HAL_InitTick
                0x0000000008000e28       0x4c Drivers/STM32L4xx_HAL_Driver/Src/stm32l4xx_hal.o
                0x0000000008000e28                HAL_InitTick
 .text.HAL_Init
                0x0000000008000e74       0x1e Drivers/STM32L4xx_HAL_Driver/Src/stm32l4xx_hal.o
                0x0000000008000e74                HAL_Init
 *fill*         0x0000000008000e92        0x2 
 .text.HAL_IncTick
                0x0000000008000e94       0x18 Drivers/STM32L4xx_HAL_Driver/Src/stm32l4xx_hal.o
                0x0000000008000e94                HAL_IncTick
 .text.HAL_GetTick
                0x0000000008000eac        0xc Drivers/STM32L4xx_HAL_Driver/Src/stm32l4xx_hal.o
                0x0000000008000eac                HAL_GetTick
 .text.HAL_Delay
                0x0000000008000eb8       0x28 Drivers/STM32L4xx_HAL_Driver/Src/stm32l4xx_hal.o
                0x0000000008000eb8                HAL_Delay
 .text.HAL_NVIC_SetPriorityGrouping
                0x0000000008000ee0       0x24 Drivers/STM32L4xx_HAL_Driver/Src/stm32l4xx_hal_cortex.o
                0x0000000008000ee0                HAL_NVIC_SetPriorityGrouping
 .text.HAL_NVIC_SetPriority
                0x0000000008000f04       0x64 Drivers/STM32L4xx_HAL_Driver/Src/stm32l4xx_hal_cortex.o
                0x0000000008000f04                HAL_NVIC_SetPriority
 .text.HAL_NVIC_EnableIRQ
                0x0000000008000f68       0x1c Drivers/STM32L4xx_HAL_Driver/Src/stm32l4xx_hal_cortex.o
                0x0000000008000f68                HAL_NVIC_EnableIRQ
 .text.HAL_SYSTICK_Config
                0x0000000008000f84       0x2c Drivers/STM32L4xx_HAL_Driver/Src/stm32l4xx_hal_cortex.o
                0x0000000008000f84                HAL_SYSTICK_Config
 .text.HAL_DAC_Init
                0x0000000008000fb0       0x26 Drivers/STM32L4xx_HAL_Driver/Src/stm32l4xx_hal_dac.o
                0x0000000008000fb0                HAL_DAC_Init
 .text.HAL_DAC_Start
                0x0000000008000fd6       0x50 Drivers/STM32L4xx_HAL_Driver/Src/stm32l4xx_hal_dac.o
                0x0000000008000fd6                HAL_DAC_Start
 *fill*         0x0000000008001026        0x2 
 .text.HAL_DAC_Start_DMA
                0x0000000008001028       0xdc Drivers/STM32L4xx_HAL_Driver/Src/stm32l4xx_hal_dac.o
                0x0000000008001028                HAL_DAC_Start_DMA
 .text.HAL_DAC_ConvCpltCallbackCh1
                0x0000000008001104        0x2 Drivers/STM32L4xx_HAL_Driver/Src/stm32l4xx_hal_dac.o
                0x0000000008001104                HAL_DAC_ConvCpltCallbackCh1
 .text.DAC_DMAConvCpltCh1
                0x0000000008001106       0x10 Drivers/STM32L4xx_HAL_Driver/Src/stm32l4xx_hal_dac.o
                0x0000000008001106                DAC_DMAConvCpltCh1
 .text.HAL_DAC_ConvHalfCpltCallbackCh1
                0x0000000008001116        0x2 Drivers/STM32L4xx_HAL_Driver/Src/stm32l4xx_hal_dac.o
                0x0000000008001116                HAL_DAC_ConvHalfCpltCallbackCh1
 .text.DAC_DMAHalfConvCpltCh1
                0x0000000008001118        0xa Drivers/STM32L4xx_HAL_Driver/Src/stm32l4xx_hal_dac.o
                0x0000000008001118                DAC_DMAHalfConvCpltCh1
 .text.HAL_DAC_ErrorCallbackCh1
                0x0000000008001122        0x2 Drivers/STM32L4xx_HAL_Driver/Src/stm32l4xx_hal_dac.o
                0x0000000008001122                HAL_DAC_ErrorCallbackCh1
 .text.DAC_DMAErrorCh1
                0x0000000008001124       0x18 Drivers/STM32L4xx_HAL_Driver/Src/stm32l4xx_hal_dac.o
                0x0000000008001124                DAC_DMAErrorCh1
 .text.HAL_DAC_ConfigChannel
                0x000000000800113c      0x114 Drivers/STM32L4xx_HAL_Driver/Src/stm32l4xx_hal_dac.o
                0x000000000800113c                HAL_DAC_ConfigChannel
 .text.HAL_DACEx_ConvCpltCallbackCh2
                0x0000000008001250        0x2 Drivers/STM32L4xx_HAL_Driver/Src/stm32l4xx_hal_dac_ex.o
                0x0000000008001250                HAL_DACEx_ConvCpltCallbackCh2
 .text.HAL_DACEx_ConvHalfCpltCallbackCh2
                0x0000000008001252        0x2 Drivers/STM32L4xx_HAL_Driver/Src/stm32l4xx_hal_dac_ex.o
                0x0000000008001252                HAL_DACEx_ConvHalfCpltCallbackCh2
 .text.HAL_DACEx_ErrorCallbackCh2
                0x0000000008001254        0x2 Drivers/STM32L4xx_HAL_Driver/Src/stm32l4xx_hal_dac_ex.o
                0x0000000008001254                HAL_DACEx_ErrorCallbackCh2
 .text.DAC_DMAConvCpltCh2
                0x0000000008001256       0x10 Drivers/STM32L4xx_HAL_Driver/Src/stm32l4xx_hal_dac_ex.o
                0x0000000008001256                DAC_DMAConvCpltCh2
 .text.DAC_DMAHalfConvCpltCh2
                0x0000000008001266        0xa Drivers/STM32L4xx_HAL_Driver/Src/stm32l4xx_hal_dac_ex.o
                0x0000000008001266                DAC_DMAHalfConvCpltCh2
 .text.DAC_DMAErrorCh2
                0x0000000008001270       0x18 Drivers/STM32L4xx_HAL_Driver/Src/stm32l4xx_hal_dac_ex.o
                0x0000000008001270                DAC_DMAErrorCh2
 .text.DFSDM_RegConvStart
                0x0000000008001288       0x5a Drivers/STM32L4xx_HAL_Driver/Src/stm32l4xx_hal_dfsdm.o
 *fill*         0x00000000080012e2        0x2 
 .text.DFSDM_GetChannelFromInstance
                0x00000000080012e4       0x4c Drivers/STM32L4xx_HAL_Driver/Src/stm32l4xx_hal_dfsdm.o
 .text.HAL_DFSDM_ChannelInit
                0x0000000008001330       0xe8 Drivers/STM32L4xx_HAL_Driver/Src/stm32l4xx_hal_dfsdm.o
                0x0000000008001330                HAL_DFSDM_ChannelInit
 .text.HAL_DFSDM_FilterInit
                0x0000000008001418       0xe4 Drivers/STM32L4xx_HAL_Driver/Src/stm32l4xx_hal_dfsdm.o
                0x0000000008001418                HAL_DFSDM_FilterInit
 .text.HAL_DFSDM_FilterConfigRegChannel
                0x00000000080014fc       0x3a Drivers/STM32L4xx_HAL_Driver/Src/stm32l4xx_hal_dfsdm.o
                0x00000000080014fc                HAL_DFSDM_FilterConfigRegChannel
 *fill*         0x0000000008001536        0x2 
 .text.HAL_DFSDM_FilterRegularStart_DMA
                0x0000000008001538       0x78 Drivers/STM32L4xx_HAL_Driver/Src/stm32l4xx_hal_dfsdm.o
                0x0000000008001538                HAL_DFSDM_FilterRegularStart_DMA
 .text.DFSDM_DMARegularConvCplt
                0x00000000080015b0        0xa Drivers/STM32L4xx_HAL_Driver/Src/stm32l4xx_hal_dfsdm.o
 .text.DFSDM_DMARegularHalfConvCplt
                0x00000000080015ba        0xa Drivers/STM32L4xx_HAL_Driver/Src/stm32l4xx_hal_dfsdm.o
 .text.HAL_DFSDM_FilterErrorCallback
                0x00000000080015c4        0x2 Drivers/STM32L4xx_HAL_Driver/Src/stm32l4xx_hal_dfsdm.o
                0x00000000080015c4                HAL_DFSDM_FilterErrorCallback
 .text.DFSDM_DMAError
                0x00000000080015c6        0xe Drivers/STM32L4xx_HAL_Driver/Src/stm32l4xx_hal_dfsdm.o
 .text.HAL_DMA_Init
                0x00000000080015d4       0xd4 Drivers/STM32L4xx_HAL_Driver/Src/stm32l4xx_hal_dma.o
                0x00000000080015d4                HAL_DMA_Init
 .text.HAL_DMA_Start_IT
                0x00000000080016a8       0x7e Drivers/STM32L4xx_HAL_Driver/Src/stm32l4xx_hal_dma.o
                0x00000000080016a8                HAL_DMA_Start_IT
 .text.HAL_DMA_IRQHandler
                0x0000000008001726       0x94 Drivers/STM32L4xx_HAL_Driver/Src/stm32l4xx_hal_dma.o
                0x0000000008001726                HAL_DMA_IRQHandler
 *fill*         0x00000000080017ba        0x2 
 .text.HAL_GPIO_Init
                0x00000000080017bc      0x1bc Drivers/STM32L4xx_HAL_Driver/Src/stm32l4xx_hal_gpio.o
                0x00000000080017bc                HAL_GPIO_Init
 .text.HAL_GPIO_WritePin
                0x0000000008001978        0xa Drivers/STM32L4xx_HAL_Driver/Src/stm32l4xx_hal_gpio.o
                0x0000000008001978                HAL_GPIO_WritePin
 .text.HAL_GPIO_EXTI_Callback
                0x0000000008001982        0x2 Drivers/STM32L4xx_HAL_Driver/Src/stm32l4xx_hal_gpio.o
                0x0000000008001982                HAL_GPIO_EXTI_Callback
 .text.HAL_GPIO_EXTI_IRQHandler
                0x0000000008001984       0x18 Drivers/STM32L4xx_HAL_Driver/Src/stm32l4xx_hal_gpio.o
                0x0000000008001984                HAL_GPIO_EXTI_IRQHandler
 .text.HAL_PCD_Init
                0x000000000800199c      0x116 Drivers/STM32L4xx_HAL_Driver/Src/stm32l4xx_hal_pcd.o
                0x000000000800199c                HAL_PCD_Init
 .text.HAL_PCD_Start
                0x0000000008001ab2       0x38 Drivers/STM32L4xx_HAL_Driver/Src/stm32l4xx_hal_pcd.o
                0x0000000008001ab2                HAL_PCD_Start
 *fill*         0x0000000008001aea        0x2 
 .text.HAL_PCD_IRQHandler
                0x0000000008001aec      0x4ec Drivers/STM32L4xx_HAL_Driver/Src/stm32l4xx_hal_pcd.o
                0x0000000008001aec                HAL_PCD_IRQHandler
 .text.HAL_PCD_SetAddress
                0x0000000008001fd8       0x28 Drivers/STM32L4xx_HAL_Driver/Src/stm32l4xx_hal_pcd.o
                0x0000000008001fd8                HAL_PCD_SetAddress
 .text.HAL_PCD_EP_Open
                0x0000000008002000       0x70 Drivers/STM32L4xx_HAL_Driver/Src/stm32l4xx_hal_pcd.o
                0x0000000008002000                HAL_PCD_EP_Open
 .text.HAL_PCD_EP_Close
                0x0000000008002070       0x5e Drivers/STM32L4xx_HAL_Driver/Src/stm32l4xx_hal_pcd.o
                0x0000000008002070                HAL_PCD_EP_Close
 .text.HAL_PCD_EP_Receive
                0x00000000080020ce       0x3c Drivers/STM32L4xx_HAL_Driver/Src/stm32l4xx_hal_pcd.o
                0x00000000080020ce                HAL_PCD_EP_Receive
 .text.HAL_PCD_EP_GetRxCount
                0x000000000800210a       0x10 Drivers/STM32L4xx_HAL_Driver/Src/stm32l4xx_hal_pcd.o
                0x000000000800210a                HAL_PCD_EP_GetRxCount
 .text.HAL_PCD_EP_Transmit
                0x000000000800211a       0x36 Drivers/STM32L4xx_HAL_Driver/Src/stm32l4xx_hal_pcd.o
                0x000000000800211a                HAL_PCD_EP_Transmit
 .text.HAL_PCD_EP_SetStall
                0x0000000008002150       0x6e Drivers/STM32L4xx_HAL_Driver/Src/stm32l4xx_hal_pcd.o
                0x0000000008002150                HAL_PCD_EP_SetStall
 .text.HAL_PCD_EP_ClrStall
                0x00000000080021be       0x6c Drivers/STM32L4xx_HAL_Driver/Src/stm32l4xx_hal_pcd.o
                0x00000000080021be                HAL_PCD_EP_ClrStall
 .text.HAL_PCDEx_SetTxFiFo
                0x000000000800222a       0x40 Drivers/STM32L4xx_HAL_Driver/Src/stm32l4xx_hal_pcd_ex.o
                0x000000000800222a                HAL_PCDEx_SetTxFiFo
 .text.HAL_PCDEx_SetRxFiFo
                0x000000000800226a        0x8 Drivers/STM32L4xx_HAL_Driver/Src/stm32l4xx_hal_pcd_ex.o
                0x000000000800226a                HAL_PCDEx_SetRxFiFo
 .text.HAL_PCDEx_ActivateLPM
                0x0000000008002272       0x26 Drivers/STM32L4xx_HAL_Driver/Src/stm32l4xx_hal_pcd_ex.o
                0x0000000008002272                HAL_PCDEx_ActivateLPM
 .text.HAL_PWR_EnableBkUpAccess
                0x0000000008002298       0x10 Drivers/STM32L4xx_HAL_Driver/Src/stm32l4xx_hal_pwr.o
                0x0000000008002298                HAL_PWR_EnableBkUpAccess
 .text.HAL_PWREx_GetVoltageRange
                0x00000000080022a8       0x10 Drivers/STM32L4xx_HAL_Driver/Src/stm32l4xx_hal_pwr_ex.o
                0x00000000080022a8                HAL_PWREx_GetVoltageRange
 .text.HAL_PWREx_ControlVoltageScaling
                0x00000000080022b8       0x6c Drivers/STM32L4xx_HAL_Driver/Src/stm32l4xx_hal_pwr_ex.o
                0x00000000080022b8                HAL_PWREx_ControlVoltageScaling
 .text.HAL_PWREx_EnableVddUSB
                0x0000000008002324       0x10 Drivers/STM32L4xx_HAL_Driver/Src/stm32l4xx_hal_pwr_ex.o
                0x0000000008002324                HAL_PWREx_EnableVddUSB
 .text.RCC_SetFlashLatencyFromMSIRange
                0x0000000008002334       0x84 Drivers/STM32L4xx_HAL_Driver/Src/stm32l4xx_hal_rcc.o
 .text.HAL_RCC_GetSysClockFreq
                0x00000000080023b8       0x9c Drivers/STM32L4xx_HAL_Driver/Src/stm32l4xx_hal_rcc.o
                0x00000000080023b8                HAL_RCC_GetSysClockFreq
 .text.HAL_RCC_OscConfig
                0x0000000008002454      0x50c Drivers/STM32L4xx_HAL_Driver/Src/stm32l4xx_hal_rcc.o
                0x0000000008002454                HAL_RCC_OscConfig
 .text.HAL_RCC_ClockConfig
                0x0000000008002960      0x128 Drivers/STM32L4xx_HAL_Driver/Src/stm32l4xx_hal_rcc.o
                0x0000000008002960                HAL_RCC_ClockConfig
 .text.HAL_RCC_GetHCLKFreq
                0x0000000008002a88        0xc Drivers/STM32L4xx_HAL_Driver/Src/stm32l4xx_hal_rcc.o
                0x0000000008002a88                HAL_RCC_GetHCLKFreq
 .text.RCCEx_PLLSAI1_Config
                0x0000000008002a94      0x118 Drivers/STM32L4xx_HAL_Driver/Src/stm32l4xx_hal_rcc_ex.o
 .text.RCCEx_PLLSAI2_Config
                0x0000000008002bac       0xfc Drivers/STM32L4xx_HAL_Driver/Src/stm32l4xx_hal_rcc_ex.o
 .text.HAL_RCCEx_PeriphCLKConfig
                0x0000000008002ca8      0x3d4 Drivers/STM32L4xx_HAL_Driver/Src/stm32l4xx_hal_rcc_ex.o
                0x0000000008002ca8                HAL_RCCEx_PeriphCLKConfig
 .text.HAL_RCCEx_EnableMSIPLLMode
                0x000000000800307c       0x10 Drivers/STM32L4xx_HAL_Driver/Src/stm32l4xx_hal_rcc_ex.o
                0x000000000800307c                HAL_RCCEx_EnableMSIPLLMode
 .text.HAL_TIM_Base_Start
                0x000000000800308c       0x6c Drivers/STM32L4xx_HAL_Driver/Src/stm32l4xx_hal_tim.o
                0x000000000800308c                HAL_TIM_Base_Start
 .text.TIM_Base_SetConfig
                0x00000000080030f8       0xcc Drivers/STM32L4xx_HAL_Driver/Src/stm32l4xx_hal_tim.o
                0x00000000080030f8                TIM_Base_SetConfig
 .text.HAL_TIM_Base_Init
                0x00000000080031c4       0x60 Drivers/STM32L4xx_HAL_Driver/Src/stm32l4xx_hal_tim.o
                0x00000000080031c4                HAL_TIM_Base_Init
 .text.TIM_ETR_SetConfig
                0x0000000008003224       0x14 Drivers/STM32L4xx_HAL_Driver/Src/stm32l4xx_hal_tim.o
                0x0000000008003224                TIM_ETR_SetConfig
 .text.HAL_TIM_ConfigClockSource
                0x0000000008003238      0x128 Drivers/STM32L4xx_HAL_Driver/Src/stm32l4xx_hal_tim.o
                0x0000000008003238                HAL_TIM_ConfigClockSource
 .text.HAL_TIMEx_MasterConfigSynchronization
                0x0000000008003360       0x8c Drivers/STM32L4xx_HAL_Driver/Src/stm32l4xx_hal_tim_ex.o
                0x0000000008003360                HAL_TIMEx_MasterConfigSynchronization
 .text.USB_CoreInit
                0x00000000080033ec       0x5c Drivers/STM32L4xx_HAL_Driver/Src/stm32l4xx_ll_usb.o
                0x00000000080033ec                USB_CoreInit
 .text.USB_SetTurnaroundTime
                0x0000000008003448       0xe0 Drivers/STM32L4xx_HAL_Driver/Src/stm32l4xx_ll_usb.o
                0x0000000008003448                USB_SetTurnaroundTime
 .text.USB_EnableGlobalInt
                0x0000000008003528        0xc Drivers/STM32L4xx_HAL_Driver/Src/stm32l4xx_ll_usb.o
                0x0000000008003528                USB_EnableGlobalInt
 .text.USB_DisableGlobalInt
                0x0000000008003534        0xc Drivers/STM32L4xx_HAL_Driver/Src/stm32l4xx_ll_usb.o
                0x0000000008003534                USB_DisableGlobalInt
 .text.USB_SetCurrentMode
                0x0000000008003540       0x2e Drivers/STM32L4xx_HAL_Driver/Src/stm32l4xx_ll_usb.o
                0x0000000008003540                USB_SetCurrentMode
 *fill*         0x000000000800356e        0x2 
 .text.USB_FlushTxFifo
                0x0000000008003570       0x24 Drivers/STM32L4xx_HAL_Driver/Src/stm32l4xx_ll_usb.o
                0x0000000008003570                USB_FlushTxFifo
 .text.USB_FlushRxFifo
                0x0000000008003594       0x20 Drivers/STM32L4xx_HAL_Driver/Src/stm32l4xx_ll_usb.o
                0x0000000008003594                USB_FlushRxFifo
 .text.USB_SetDevSpeed
                0x00000000080035b4        0xe Drivers/STM32L4xx_HAL_Driver/Src/stm32l4xx_ll_usb.o
                0x00000000080035b4                USB_SetDevSpeed
 *fill*         0x00000000080035c2        0x2 
 .text.USB_DevInit
                0x00000000080035c4      0x150 Drivers/STM32L4xx_HAL_Driver/Src/stm32l4xx_ll_usb.o
                0x00000000080035c4                USB_DevInit
 .text.USB_GetDevSpeed
                0x0000000008003714       0x14 Drivers/STM32L4xx_HAL_Driver/Src/stm32l4xx_ll_usb.o
                0x0000000008003714                USB_GetDevSpeed
 .text.USB_ActivateEndpoint
                0x0000000008003728       0x7c Drivers/STM32L4xx_HAL_Driver/Src/stm32l4xx_ll_usb.o
                0x0000000008003728                USB_ActivateEndpoint
 .text.USB_DeactivateEndpoint
                0x00000000080037a4       0xac Drivers/STM32L4xx_HAL_Driver/Src/stm32l4xx_ll_usb.o
                0x00000000080037a4                USB_DeactivateEndpoint
 .text.USB_EP0StartXfer
                0x0000000008003850       0xc8 Drivers/STM32L4xx_HAL_Driver/Src/stm32l4xx_ll_usb.o
                0x0000000008003850                USB_EP0StartXfer
 .text.USB_WritePacket
                0x0000000008003918       0x1e Drivers/STM32L4xx_HAL_Driver/Src/stm32l4xx_ll_usb.o
                0x0000000008003918                USB_WritePacket
 *fill*         0x0000000008003936        0x2 
 .text.USB_EPStartXfer
                0x0000000008003938      0x160 Drivers/STM32L4xx_HAL_Driver/Src/stm32l4xx_ll_usb.o
                0x0000000008003938                USB_EPStartXfer
 .text.USB_ReadPacket
                0x0000000008003a98       0x1c Drivers/STM32L4xx_HAL_Driver/Src/stm32l4xx_ll_usb.o
                0x0000000008003a98                USB_ReadPacket
 .text.USB_EPSetStall
                0x0000000008003ab4       0x56 Drivers/STM32L4xx_HAL_Driver/Src/stm32l4xx_ll_usb.o
                0x0000000008003ab4                USB_EPSetStall
 .text.USB_EPClearStall
                0x0000000008003b0a       0x52 Drivers/STM32L4xx_HAL_Driver/Src/stm32l4xx_ll_usb.o
                0x0000000008003b0a                USB_EPClearStall
 .text.USB_SetDevAddress
                0x0000000008003b5c       0x20 Drivers/STM32L4xx_HAL_Driver/Src/stm32l4xx_ll_usb.o
                0x0000000008003b5c                USB_SetDevAddress
 .text.USB_DevConnect
                0x0000000008003b7c       0x1c Drivers/STM32L4xx_HAL_Driver/Src/stm32l4xx_ll_usb.o
                0x0000000008003b7c                USB_DevConnect
 .text.USB_DevDisconnect
                0x0000000008003b98       0x1c Drivers/STM32L4xx_HAL_Driver/Src/stm32l4xx_ll_usb.o
                0x0000000008003b98                USB_DevDisconnect
 .text.USB_ReadInterrupts
                0x0000000008003bb4        0x8 Drivers/STM32L4xx_HAL_Driver/Src/stm32l4xx_ll_usb.o
                0x0000000008003bb4                USB_ReadInterrupts
 .text.USB_ReadDevAllOutEpInterrupt
                0x0000000008003bbc       0x10 Drivers/STM32L4xx_HAL_Driver/Src/stm32l4xx_ll_usb.o
                0x0000000008003bbc                USB_ReadDevAllOutEpInterrupt
 .text.USB_ReadDevAllInEpInterrupt
                0x0000000008003bcc       0x10 Drivers/STM32L4xx_HAL_Driver/Src/stm32l4xx_ll_usb.o
                0x0000000008003bcc                USB_ReadDevAllInEpInterrupt
 .text.USB_ReadDevOutEPInterrupt
                0x0000000008003bdc       0x12 Drivers/STM32L4xx_HAL_Driver/Src/stm32l4xx_ll_usb.o
                0x0000000008003bdc                USB_ReadDevOutEPInterrupt
 .text.USB_ReadDevInEPInterrupt
                0x0000000008003bee       0x24 Drivers/STM32L4xx_HAL_Driver/Src/stm32l4xx_ll_usb.o
                0x0000000008003bee                USB_ReadDevInEPInterrupt
 .text.USB_GetMode
                0x0000000008003c12        0x8 Drivers/STM32L4xx_HAL_Driver/Src/stm32l4xx_ll_usb.o
                0x0000000008003c12                USB_GetMode
 .text.USB_ActivateSetup
                0x0000000008003c1a       0x20 Drivers/STM32L4xx_HAL_Driver/Src/stm32l4xx_ll_usb.o
                0x0000000008003c1a                USB_ActivateSetup
 *fill*         0x0000000008003c3a        0x2 
 .text.USB_EP0_OutStart
                0x0000000008003c3c       0x38 Drivers/STM32L4xx_HAL_Driver/Src/stm32l4xx_ll_usb.o
                0x0000000008003c3c                USB_EP0_OutStart
 .text.USBD_AUDIO_GetCfgDesc
                0x0000000008003c74        0xc Middlewares/ST/STM32_USB_Device_Library/Class/AUDIO/Src/usbd_audio.o
 .text.USBD_AUDIO_DataIn
                0x0000000008003c80        0x4 Middlewares/ST/STM32_USB_Device_Library/Class/AUDIO/Src/usbd_audio.o
 .text.USBD_AUDIO_EP0_RxReady
                0x0000000008003c84       0x3e Middlewares/ST/STM32_USB_Device_Library/Class/AUDIO/Src/usbd_audio.o
 .text.USBD_AUDIO_EP0_TxReady
                0x0000000008003cc2        0x4 Middlewares/ST/STM32_USB_Device_Library/Class/AUDIO/Src/usbd_audio.o
 *fill*         0x0000000008003cc6        0x2 
 .text.USBD_AUDIO_GetDeviceQualifierDesc
                0x0000000008003cc8        0xc Middlewares/ST/STM32_USB_Device_Library/Class/AUDIO/Src/usbd_audio.o
 .text.USBD_AUDIO_DataOut
                0x0000000008003cd4       0x98 Middlewares/ST/STM32_USB_Device_Library/Class/AUDIO/Src/usbd_audio.o
 .text.USBD_AUDIO_DeInit
                0x0000000008003d6c       0x30 Middlewares/ST/STM32_USB_Device_Library/Class/AUDIO/Src/usbd_audio.o
 .text.USBD_AUDIO_Init
                0x0000000008003d9c       0x6a Middlewares/ST/STM32_USB_Device_Library/Class/AUDIO/Src/usbd_audio.o
 *fill*         0x0000000008003e06        0x2 
 .text.USBD_AUDIO_Setup
                0x0000000008003e08      0x11c Middlewares/ST/STM32_USB_Device_Library/Class/AUDIO/Src/usbd_audio.o
 .text.USBD_AUDIO_IsoINIncomplete
                0x0000000008003f24        0x4 Middlewares/ST/STM32_USB_Device_Library/Class/AUDIO/Src/usbd_audio.o
 .text.USBD_AUDIO_IsoOutIncomplete
                0x0000000008003f28        0x4 Middlewares/ST/STM32_USB_Device_Library/Class/AUDIO/Src/usbd_audio.o
 .text.USBD_AUDIO_SOF
                0x0000000008003f2c        0x4 Middlewares/ST/STM32_USB_Device_Library/Class/AUDIO/Src/usbd_audio.o
 .text.USBD_AUDIO_RegisterInterface
                0x0000000008003f30        0xe Middlewares/ST/STM32_USB_Device_Library/Class/AUDIO/Src/usbd_audio.o
                0x0000000008003f30                USBD_AUDIO_RegisterInterface
 .text.USBD_Init
                0x0000000008003f3e       0x26 Middlewares/ST/STM32_USB_Device_Library/Core/Src/usbd_core.o
                0x0000000008003f3e                USBD_Init
 .text.USBD_RegisterClass
                0x0000000008003f64       0x2c Middlewares/ST/STM32_USB_Device_Library/Core/Src/usbd_core.o
                0x0000000008003f64                USBD_RegisterClass
 .text.USBD_Start
                0x0000000008003f90        0x4 Middlewares/ST/STM32_USB_Device_Library/Core/Src/usbd_core.o
                0x0000000008003f90                USBD_Start
 .text.USBD_SetClassConfig
                0x0000000008003f94        0xe Middlewares/ST/STM32_USB_Device_Library/Core/Src/usbd_core.o
                0x0000000008003f94                USBD_SetClassConfig
 .text.USBD_ClrClassConfig
                0x0000000008003fa2       0x10 Middlewares/ST/STM32_USB_Device_Library/Core/Src/usbd_core.o
                0x0000000008003fa2                USBD_ClrClassConfig
 .text.USBD_LL_SetupStage
                0x0000000008003fb2       0x60 Middlewares/ST/STM32_USB_Device_Library/Core/Src/usbd_core.o
                0x0000000008003fb2                USBD_LL_SetupStage
 .text.USBD_LL_DataOutStage
                0x0000000008004012       0x60 Middlewares/ST/STM32_USB_Device_Library/Core/Src/usbd_core.o
                0x0000000008004012                USBD_LL_DataOutStage
 .text.USBD_LL_DataInStage
                0x0000000008004072       0xa4 Middlewares/ST/STM32_USB_Device_Library/Core/Src/usbd_core.o
                0x0000000008004072                USBD_LL_DataInStage
 .text.USBD_LL_Reset
                0x0000000008004116       0x58 Middlewares/ST/STM32_USB_Device_Library/Core/Src/usbd_core.o
                0x0000000008004116                USBD_LL_Reset
 .text.USBD_LL_SetSpeed
                0x000000000800416e        0x6 Middlewares/ST/STM32_USB_Device_Library/Core/Src/usbd_core.o
                0x000000000800416e                USBD_LL_SetSpeed
 .text.USBD_LL_Suspend
                0x0000000008004174       0x14 Middlewares/ST/STM32_USB_Device_Library/Core/Src/usbd_core.o
                0x0000000008004174                USBD_LL_Suspend
 .text.USBD_LL_Resume
                0x0000000008004188       0x16 Middlewares/ST/STM32_USB_Device_Library/Core/Src/usbd_core.o
                0x0000000008004188                USBD_LL_Resume
 .text.USBD_LL_SOF
                0x000000000800419e       0x22 Middlewares/ST/STM32_USB_Device_Library/Core/Src/usbd_core.o
                0x000000000800419e                USBD_LL_SOF
 .text.USBD_LL_IsoINIncomplete
                0x00000000080041c0       0x22 Middlewares/ST/STM32_USB_Device_Library/Core/Src/usbd_core.o
                0x00000000080041c0                USBD_LL_IsoINIncomplete
 .text.USBD_LL_IsoOUTIncomplete
                0x00000000080041e2       0x22 Middlewares/ST/STM32_USB_Device_Library/Core/Src/usbd_core.o
                0x00000000080041e2                USBD_LL_IsoOUTIncomplete
 .text.USBD_LL_DevConnected
                0x0000000008004204        0x4 Middlewares/ST/STM32_USB_Device_Library/Core/Src/usbd_core.o
                0x0000000008004204                USBD_LL_DevConnected
 .text.USBD_LL_DevDisconnected
                0x0000000008004208       0x18 Middlewares/ST/STM32_USB_Device_Library/Core/Src/usbd_core.o
                0x0000000008004208                USBD_LL_DevDisconnected
 .text.USBD_CtlError.constprop.0
                0x0000000008004220       0x16 Middlewares/ST/STM32_USB_Device_Library/Core/Src/usbd_ctlreq.o
 *fill*         0x0000000008004236        0x2 
 .text.USBD_StdDevReq
                0x0000000008004238      0x298 Middlewares/ST/STM32_USB_Device_Library/Core/Src/usbd_ctlreq.o
                0x0000000008004238                USBD_StdDevReq
 .text.USBD_StdItfReq
                0x00000000080044d0       0x4c Middlewares/ST/STM32_USB_Device_Library/Core/Src/usbd_ctlreq.o
                0x00000000080044d0                USBD_StdItfReq
 .text.USBD_StdEPReq
                0x000000000800451c      0x11e Middlewares/ST/STM32_USB_Device_Library/Core/Src/usbd_ctlreq.o
                0x000000000800451c                USBD_StdEPReq
 .text.USBD_ParseSetupRequest
                0x000000000800463a       0x28 Middlewares/ST/STM32_USB_Device_Library/Core/Src/usbd_ctlreq.o
                0x000000000800463a                USBD_ParseSetupRequest
 .text.USBD_CtlError
                0x0000000008004662       0x16 Middlewares/ST/STM32_USB_Device_Library/Core/Src/usbd_ctlreq.o
                0x0000000008004662                USBD_CtlError
 .text.USBD_GetString
                0x0000000008004678       0x38 Middlewares/ST/STM32_USB_Device_Library/Core/Src/usbd_ctlreq.o
                0x0000000008004678                USBD_GetString
 .text.USBD_CtlSendData
                0x00000000080046b0       0x1a Middlewares/ST/STM32_USB_Device_Library/Core/Src/usbd_ioreq.o
                0x00000000080046b0                USBD_CtlSendData
 .text.USBD_CtlContinueSendData
                0x00000000080046ca       0x10 Middlewares/ST/STM32_USB_Device_Library/Core/Src/usbd_ioreq.o
                0x00000000080046ca                USBD_CtlContinueSendData
 .text.USBD_CtlPrepareRx
                0x00000000080046da       0x1a Middlewares/ST/STM32_USB_Device_Library/Core/Src/usbd_ioreq.o
                0x00000000080046da                USBD_CtlPrepareRx
 .text.USBD_CtlContinueRx
                0x00000000080046f4       0x10 Middlewares/ST/STM32_USB_Device_Library/Core/Src/usbd_ioreq.o
                0x00000000080046f4                USBD_CtlContinueRx
 .text.USBD_CtlSendStatus
                0x0000000008004704       0x16 Middlewares/ST/STM32_USB_Device_Library/Core/Src/usbd_ioreq.o
                0x0000000008004704                USBD_CtlSendStatus
 .text.USBD_CtlReceiveStatus
                0x000000000800471a       0x16 Middlewares/ST/STM32_USB_Device_Library/Core/Src/usbd_ioreq.o
                0x000000000800471a                USBD_CtlReceiveStatus
 .text.MX_USB_DEVICE_Init
                0x0000000008004730       0x50 USB_DEVICE/App/usb_device.o
                0x0000000008004730                MX_USB_DEVICE_Init
 .text.AUDIO_Init_FS
                0x0000000008004780        0x4 USB_DEVICE/App/usbd_audio_if.o
 .text.AUDIO_DeInit_FS
                0x0000000008004784        0x4 USB_DEVICE/App/usbd_audio_if.o
 .text.AUDIO_AudioCmd_FS
                0x0000000008004788        0x4 USB_DEVICE/App/usbd_audio_if.o
 .text.AUDIO_VolumeCtl_FS
                0x000000000800478c        0x4 USB_DEVICE/App/usbd_audio_if.o
 .text.AUDIO_GetState_FS
                0x0000000008004790        0x4 USB_DEVICE/App/usbd_audio_if.o
 .text.AUDIO_PeriodicTC_FS
                0x0000000008004794        0x4 USB_DEVICE/App/usbd_audio_if.o
 .text.AUDIO_MuteCtl_FS
                0x0000000008004798        0x4 USB_DEVICE/App/usbd_audio_if.o
 .text.USBD_FS_DeviceDescriptor
                0x000000000800479c        0xc USB_DEVICE/App/usbd_desc.o
                0x000000000800479c                USBD_FS_DeviceDescriptor
 .text.USBD_FS_LangIDStrDescriptor
                0x00000000080047a8        0xc USB_DEVICE/App/usbd_desc.o
                0x00000000080047a8                USBD_FS_LangIDStrDescriptor
 .text.USBD_FS_USR_BOSDescriptor
                0x00000000080047b4        0xc USB_DEVICE/App/usbd_desc.o
                0x00000000080047b4                USBD_FS_USR_BOSDescriptor
 .text.IntToUnicode
                0x00000000080047c0       0x2a USB_DEVICE/App/usbd_desc.o
 *fill*         0x00000000080047ea        0x2 
 .text.USBD_FS_SerialStrDescriptor
                0x00000000080047ec       0x40 USB_DEVICE/App/usbd_desc.o
                0x00000000080047ec                USBD_FS_SerialStrDescriptor
 .text.USBD_FS_ManufacturerStrDescriptor
                0x000000000800482c       0x1c USB_DEVICE/App/usbd_desc.o
                0x000000000800482c                USBD_FS_ManufacturerStrDescriptor
 .text.USBD_FS_ProductStrDescriptor
                0x0000000008004848       0x1c USB_DEVICE/App/usbd_desc.o
                0x0000000008004848                USBD_FS_ProductStrDescriptor
 .text.USBD_FS_ConfigStrDescriptor
                0x0000000008004864       0x1c USB_DEVICE/App/usbd_desc.o
                0x0000000008004864                USBD_FS_ConfigStrDescriptor
 .text.USBD_FS_InterfaceStrDescriptor
                0x0000000008004880       0x1c USB_DEVICE/App/usbd_desc.o
                0x0000000008004880                USBD_FS_InterfaceStrDescriptor
 .text.HAL_PCD_MspInit
                0x000000000800489c       0xb4 USB_DEVICE/Target/usbd_conf.o
                0x000000000800489c                HAL_PCD_MspInit
 .text.HAL_PCD_SetupStageCallback
                0x0000000008004950        0xc USB_DEVICE/Target/usbd_conf.o
                0x0000000008004950                HAL_PCD_SetupStageCallback
 .text.HAL_PCD_DataOutStageCallback
                0x000000000800495c       0x12 USB_DEVICE/Target/usbd_conf.o
                0x000000000800495c                HAL_PCD_DataOutStageCallback
 .text.HAL_PCD_DataInStageCallback
                0x000000000800496e       0x10 USB_DEVICE/Target/usbd_conf.o
                0x000000000800496e                HAL_PCD_DataInStageCallback
 .text.HAL_PCD_SOFCallback
                0x000000000800497e        0x8 USB_DEVICE/Target/usbd_conf.o
                0x000000000800497e                HAL_PCD_SOFCallback
 .text.HAL_PCD_ResetCallback
                0x0000000008004986       0x24 USB_DEVICE/Target/usbd_conf.o
                0x0000000008004986                HAL_PCD_ResetCallback
 *fill*         0x00000000080049aa        0x2 
 .text.HAL_PCD_SuspendCallback
                0x00000000080049ac       0x30 USB_DEVICE/Target/usbd_conf.o
                0x00000000080049ac                HAL_PCD_SuspendCallback
 .text.HAL_PCD_ResumeCallback
                0x00000000080049dc       0x34 USB_DEVICE/Target/usbd_conf.o
                0x00000000080049dc                HAL_PCD_ResumeCallback
 .text.HAL_PCD_ISOOUTIncompleteCallback
                0x0000000008004a10        0x8 USB_DEVICE/Target/usbd_conf.o
                0x0000000008004a10                HAL_PCD_ISOOUTIncompleteCallback
 .text.HAL_PCD_ISOINIncompleteCallback
                0x0000000008004a18        0x8 USB_DEVICE/Target/usbd_conf.o
                0x0000000008004a18                HAL_PCD_ISOINIncompleteCallback
 .text.HAL_PCD_ConnectCallback
                0x0000000008004a20        0x8 USB_DEVICE/Target/usbd_conf.o
                0x0000000008004a20                HAL_PCD_ConnectCallback
 .text.HAL_PCD_DisconnectCallback
                0x0000000008004a28        0x8 USB_DEVICE/Target/usbd_conf.o
                0x0000000008004a28                HAL_PCD_DisconnectCallback
 .text.USBD_LL_Init
                0x0000000008004a30       0x5c USB_DEVICE/Target/usbd_conf.o
                0x0000000008004a30                USBD_LL_Init
 .text.USBD_LL_Start
                0x0000000008004a8c       0x1c USB_DEVICE/Target/usbd_conf.o
                0x0000000008004a8c                USBD_LL_Start
 .text.USBD_LL_OpenEP
                0x0000000008004aa8       0x20 USB_DEVICE/Target/usbd_conf.o
                0x0000000008004aa8                USBD_LL_OpenEP
 .text.USBD_LL_CloseEP
                0x0000000008004ac8       0x1c USB_DEVICE/Target/usbd_conf.o
                0x0000000008004ac8                USBD_LL_CloseEP
 .text.USBD_LL_StallEP
                0x0000000008004ae4       0x1c USB_DEVICE/Target/usbd_conf.o
                0x0000000008004ae4                USBD_LL_StallEP
 .text.USBD_LL_ClearStallEP
                0x0000000008004b00       0x1c USB_DEVICE/Target/usbd_conf.o
                0x0000000008004b00                USBD_LL_ClearStallEP
 .text.USBD_LL_IsStallEP
                0x0000000008004b1c       0x26 USB_DEVICE/Target/usbd_conf.o
                0x0000000008004b1c                USBD_LL_IsStallEP
 *fill*         0x0000000008004b42        0x2 
 .text.USBD_LL_SetUSBAddress
                0x0000000008004b44       0x1c USB_DEVICE/Target/usbd_conf.o
                0x0000000008004b44                USBD_LL_SetUSBAddress
 .text.USBD_LL_Transmit
                0x0000000008004b60       0x1c USB_DEVICE/Target/usbd_conf.o
                0x0000000008004b60                USBD_LL_Transmit
 .text.USBD_LL_PrepareReceive
                0x0000000008004b7c       0x1c USB_DEVICE/Target/usbd_conf.o
                0x0000000008004b7c                USBD_LL_PrepareReceive
 .text.USBD_LL_GetRxDataSize
                0x0000000008004b98        0x8 USB_DEVICE/Target/usbd_conf.o
                0x0000000008004b98                USBD_LL_GetRxDataSize
 .text.HAL_PCDEx_LPM_Callback
                0x0000000008004ba0       0x64 USB_DEVICE/Target/usbd_conf.o
                0x0000000008004ba0                HAL_PCDEx_LPM_Callback
 .text.USBD_static_malloc
                0x0000000008004c04        0x8 USB_DEVICE/Target/usbd_conf.o
                0x0000000008004c04                USBD_static_malloc
 .text.USBD_static_free
                0x0000000008004c0c        0x2 USB_DEVICE/Target/usbd_conf.o
                0x0000000008004c0c                USBD_static_free
 *fill*         0x0000000008004c0e        0x2 
 .text.__libc_init_array
                0x0000000008004c10       0x48 /opt/st/stm32cubeide_1.6.1/plugins/com.st.stm32cube.ide.mcu.externaltools.gnu-tools-for-stm32.9-2020-q2-update.linux64_1.5.0.202011040924/tools/bin/../lib/gcc/arm-none-eabi/9.3.1/../../../../arm-none-eabi/lib/thumb/v7e-m+fp/hard/libc_nano.a(lib_a-init.o)
                0x0000000008004c10                __libc_init_array
 .text.memset   0x0000000008004c58       0x10 /opt/st/stm32cubeide_1.6.1/plugins/com.st.stm32cube.ide.mcu.externaltools.gnu-tools-for-stm32.9-2020-q2-update.linux64_1.5.0.202011040924/tools/bin/../lib/gcc/arm-none-eabi/9.3.1/../../../../arm-none-eabi/lib/thumb/v7e-m+fp/hard/libc_nano.a(lib_a-memset.o)
                0x0000000008004c58                memset
 *(.glue_7)
 .glue_7        0x0000000008004c68        0x0 linker stubs
 *(.glue_7t)
 .glue_7t       0x0000000008004c68        0x0 linker stubs
 *(.eh_frame)
 .eh_frame      0x0000000008004c68        0x0 /opt/st/stm32cubeide_1.6.1/plugins/com.st.stm32cube.ide.mcu.externaltools.gnu-tools-for-stm32.9-2020-q2-update.linux64_1.5.0.202011040924/tools/bin/../lib/gcc/arm-none-eabi/9.3.1/thumb/v7e-m+fp/hard/crtbegin.o
 *(.init)
 .init          0x0000000008004c68        0x4 /opt/st/stm32cubeide_1.6.1/plugins/com.st.stm32cube.ide.mcu.externaltools.gnu-tools-for-stm32.9-2020-q2-update.linux64_1.5.0.202011040924/tools/bin/../lib/gcc/arm-none-eabi/9.3.1/thumb/v7e-m+fp/hard/crti.o
                0x0000000008004c68                _init
 .init          0x0000000008004c6c        0x8 /opt/st/stm32cubeide_1.6.1/plugins/com.st.stm32cube.ide.mcu.externaltools.gnu-tools-for-stm32.9-2020-q2-update.linux64_1.5.0.202011040924/tools/bin/../lib/gcc/arm-none-eabi/9.3.1/thumb/v7e-m+fp/hard/crtn.o
 *(.fini)
 .fini          0x0000000008004c74        0x4 /opt/st/stm32cubeide_1.6.1/plugins/com.st.stm32cube.ide.mcu.externaltools.gnu-tools-for-stm32.9-2020-q2-update.linux64_1.5.0.202011040924/tools/bin/../lib/gcc/arm-none-eabi/9.3.1/thumb/v7e-m+fp/hard/crti.o
                0x0000000008004c74                _fini
 .fini          0x0000000008004c78        0x8 /opt/st/stm32cubeide_1.6.1/plugins/com.st.stm32cube.ide.mcu.externaltools.gnu-tools-for-stm32.9-2020-q2-update.linux64_1.5.0.202011040924/tools/bin/../lib/gcc/arm-none-eabi/9.3.1/thumb/v7e-m+fp/hard/crtn.o
                0x0000000008004c80                . = ALIGN (0x4)
                0x0000000008004c80                _etext = .

.vfp11_veneer   0x0000000008004c80        0x0
 .vfp11_veneer  0x0000000008004c80        0x0 linker stubs

.v4_bx          0x0000000008004c80        0x0
 .v4_bx         0x0000000008004c80        0x0 linker stubs

.iplt           0x0000000008004c80        0x0
 .iplt          0x0000000008004c80        0x0 /opt/st/stm32cubeide_1.6.1/plugins/com.st.stm32cube.ide.mcu.externaltools.gnu-tools-for-stm32.9-2020-q2-update.linux64_1.5.0.202011040924/tools/bin/../lib/gcc/arm-none-eabi/9.3.1/thumb/v7e-m+fp/hard/crtbegin.o

.rodata         0x0000000008004c80       0x88
                0x0000000008004c80                . = ALIGN (0x4)
 *(.rodata)
 *(.rodata*)
 .rodata.AHBPrescTable
                0x0000000008004c80       0x10 Core/Src/system_stm32l4xx.o
                0x0000000008004c80                AHBPrescTable
 .rodata.MSIRangeTable
                0x0000000008004c90       0x30 Core/Src/system_stm32l4xx.o
                0x0000000008004c90                MSIRangeTable
 .rodata.USBD_FS_ManufacturerStrDescriptor.str1.1
                0x0000000008004cc0       0x13 USB_DEVICE/App/usbd_desc.o
 .rodata.USBD_FS_ProductStrDescriptor.str1.1
                0x0000000008004cd3       0x12 USB_DEVICE/App/usbd_desc.o
 .rodata.USBD_FS_ConfigStrDescriptor.str1.1
                0x0000000008004ce5        0xd USB_DEVICE/App/usbd_desc.o
 .rodata.USBD_FS_InterfaceStrDescriptor.str1.1
                0x0000000008004cf2       0x10 USB_DEVICE/App/usbd_desc.o
 .rodata.CSWTCH.21
                0x0000000008004d02        0x4 USB_DEVICE/Target/usbd_conf.o
                0x0000000008004d08                . = ALIGN (0x4)
 *fill*         0x0000000008004d06        0x2 

.rel.dyn        0x0000000008004d08        0x0
 .rel.iplt      0x0000000008004d08        0x0 /opt/st/stm32cubeide_1.6.1/plugins/com.st.stm32cube.ide.mcu.externaltools.gnu-tools-for-stm32.9-2020-q2-update.linux64_1.5.0.202011040924/tools/bin/../lib/gcc/arm-none-eabi/9.3.1/thumb/v7e-m+fp/hard/crtbegin.o

.ARM.extab      0x0000000008004d08        0x0
                0x0000000008004d08                . = ALIGN (0x4)
 *(.ARM.extab* .gnu.linkonce.armextab.*)
                0x0000000008004d08                . = ALIGN (0x4)

.ARM            0x0000000008004d08        0x0
                0x0000000008004d08                . = ALIGN (0x4)
                0x0000000008004d08                __exidx_start = .
 *(.ARM.exidx*)
                0x0000000008004d08                __exidx_end = .
                0x0000000008004d08                . = ALIGN (0x4)

.preinit_array  0x0000000008004d08        0x0
                0x0000000008004d08                . = ALIGN (0x4)
                0x0000000008004d08                PROVIDE (__preinit_array_start = .)
 *(.preinit_array*)
                0x0000000008004d08                PROVIDE (__preinit_array_end = .)
                0x0000000008004d08                . = ALIGN (0x4)

.init_array     0x0000000008004d08        0x4
                0x0000000008004d08                . = ALIGN (0x4)
                0x0000000008004d08                PROVIDE (__init_array_start = .)
 *(SORT_BY_NAME(.init_array.*))
 *(.init_array*)
 .init_array    0x0000000008004d08        0x4 /opt/st/stm32cubeide_1.6.1/plugins/com.st.stm32cube.ide.mcu.externaltools.gnu-tools-for-stm32.9-2020-q2-update.linux64_1.5.0.202011040924/tools/bin/../lib/gcc/arm-none-eabi/9.3.1/thumb/v7e-m+fp/hard/crtbegin.o
                0x0000000008004d0c                PROVIDE (__init_array_end = .)
                0x0000000008004d0c                . = ALIGN (0x4)

.fini_array     0x0000000008004d0c        0x4
                0x0000000008004d0c                . = ALIGN (0x4)
                [!provide]                        PROVIDE (__fini_array_start = .)
 *(SORT_BY_NAME(.fini_array.*))
 *(.fini_array*)
 .fini_array    0x0000000008004d0c        0x4 /opt/st/stm32cubeide_1.6.1/plugins/com.st.stm32cube.ide.mcu.externaltools.gnu-tools-for-stm32.9-2020-q2-update.linux64_1.5.0.202011040924/tools/bin/../lib/gcc/arm-none-eabi/9.3.1/thumb/v7e-m+fp/hard/crtbegin.o
                [!provide]                        PROVIDE (__fini_array_end = .)
                0x0000000008004d10                . = ALIGN (0x4)
                0x0000000008004d10                _sidata = LOADADDR (.data)

.data           0x0000000020000000      0x13c load address 0x0000000008004d10
                0x0000000020000000                . = ALIGN (0x4)
                0x0000000020000000                _sdata = .
 *(.data)
 *(.data*)
 .data.SystemCoreClock
                0x0000000020000000        0x4 Core/Src/system_stm32l4xx.o
                0x0000000020000000                SystemCoreClock
 .data.uwTickFreq
                0x0000000020000004        0x1 Drivers/STM32L4xx_HAL_Driver/Src/stm32l4xx_hal.o
                0x0000000020000004                uwTickFreq
 *fill*         0x0000000020000005        0x3 
 .data.uwTickPrio
                0x0000000020000008        0x4 Drivers/STM32L4xx_HAL_Driver/Src/stm32l4xx_hal.o
                0x0000000020000008                uwTickPrio
 .data.USBD_AUDIO
                0x000000002000000c       0x38 Middlewares/ST/STM32_USB_Device_Library/Class/AUDIO/Src/usbd_audio.o
                0x000000002000000c                USBD_AUDIO
 .data.USBD_AUDIO_CfgDesc
                0x0000000020000044       0x6d Middlewares/ST/STM32_USB_Device_Library/Class/AUDIO/Src/usbd_audio.o
 *fill*         0x00000000200000b1        0x3 
 .data.USBD_AUDIO_DeviceQualifierDesc
                0x00000000200000b4        0xa Middlewares/ST/STM32_USB_Device_Library/Class/AUDIO/Src/usbd_audio.o
 *fill*         0x00000000200000be        0x2 
 .data.USBD_AUDIO_fops_FS
                0x00000000200000c0       0x1c USB_DEVICE/App/usbd_audio_if.o
                0x00000000200000c0                USBD_AUDIO_fops_FS
 .data.FS_Desc  0x00000000200000dc       0x20 USB_DEVICE/App/usbd_desc.o
                0x00000000200000dc                FS_Desc
 .data.USBD_FS_BOSDesc
                0x00000000200000fc        0xc USB_DEVICE/App/usbd_desc.o
                0x00000000200000fc                USBD_FS_BOSDesc
 .data.USBD_FS_DeviceDesc
                0x0000000020000108       0x12 USB_DEVICE/App/usbd_desc.o
                0x0000000020000108                USBD_FS_DeviceDesc
 *fill*         0x000000002000011a        0x2 
 .data.USBD_LangIDDesc
                0x000000002000011c        0x4 USB_DEVICE/App/usbd_desc.o
                0x000000002000011c                USBD_LangIDDesc
 .data.USBD_StringSerial
                0x0000000020000120       0x1a USB_DEVICE/App/usbd_desc.o
                0x0000000020000120                USBD_StringSerial
 *(.RamFunc)
 *(.RamFunc*)
                0x000000002000013c                . = ALIGN (0x4)
 *fill*         0x000000002000013a        0x2 
                0x000000002000013c                _edata = .

.igot.plt       0x000000002000013c        0x0 load address 0x0000000008004e4c
 .igot.plt      0x000000002000013c        0x0 /opt/st/stm32cubeide_1.6.1/plugins/com.st.stm32cube.ide.mcu.externaltools.gnu-tools-for-stm32.9-2020-q2-update.linux64_1.5.0.202011040924/tools/bin/../lib/gcc/arm-none-eabi/9.3.1/thumb/v7e-m+fp/hard/crtbegin.o
                0x000000002000013c                . = ALIGN (0x4)

.bss            0x000000002000013c     0x4454 load address 0x0000000008004e4c
                0x000000002000013c                _sbss = .
                0x000000002000013c                __bss_start__ = _sbss
 *(.bss)
 .bss           0x000000002000013c       0x1c /opt/st/stm32cubeide_1.6.1/plugins/com.st.stm32cube.ide.mcu.externaltools.gnu-tools-for-stm32.9-2020-q2-update.linux64_1.5.0.202011040924/tools/bin/../lib/gcc/arm-none-eabi/9.3.1/thumb/v7e-m+fp/hard/crtbegin.o
 *(.bss*)
 .bss.DFSDM1_Init
                0x0000000020000158        0x4 Core/Src/stm32l4xx_hal_msp.o
 .bss.HAL_RCC_DFSDM1_CLK_ENABLED
                0x000000002000015c        0x4 Core/Src/stm32l4xx_hal_msp.o
 .bss.a_dfsdm1ChannelHandle
                0x0000000020000160       0x20 Drivers/STM32L4xx_HAL_Driver/Src/stm32l4xx_hal_dfsdm.o
 .bss.v_dfsdm1ChannelCounter
                0x0000000020000180        0x4 Drivers/STM32L4xx_HAL_Driver/Src/stm32l4xx_hal_dfsdm.o
 .bss.cfgidx.11405
                0x0000000020000184        0x1 Middlewares/ST/STM32_USB_Device_Library/Core/Src/usbd_ctlreq.o
 .bss.mem.11559
                0x0000000020000185     0x3750 USB_DEVICE/Target/usbd_conf.o
 *(COMMON)
 *fill*         0x00000000200038d5        0x3 
 COMMON         0x00000000200038d8      0x3dc Core/Src/main.o
                0x00000000200038d8                hdfsdm1_channel1
                0x0000000020003910                hdac1
                0x0000000020003924                hdma_dfsdm1_flt2
                0x000000002000396c                hdfsdm1_filter0
                0x00000000200039c0                hdma_tim2_up
                0x0000000020003a08                buffoutmoy
                0x0000000020003a28                hdfsdm1_channel3
                0x0000000020003a60                buffin_1
                0x0000000020003a80                hdfsdm1_filter2
                0x0000000020003ad4                hdma_dfsdm1_flt1
                0x0000000020003b1c                hdma_dfsdm1_flt0
                0x0000000020003b64                hdfsdm1_filter1
                0x0000000020003bb8                hdma_dac_ch2
                0x0000000020003c00                buffin_0
                0x0000000020003c20                htim2
                0x0000000020003c6c                hdfsdm1_channel2
                0x0000000020003ca4                buffout
 COMMON         0x0000000020003cb4        0x4 Drivers/STM32L4xx_HAL_Driver/Src/stm32l4xx_hal.o
                0x0000000020003cb4                uwTick
 COMMON         0x0000000020003cb8      0x2d0 USB_DEVICE/App/usb_device.o
                0x0000000020003cb8                hUsbDeviceFS
 COMMON         0x0000000020003f88      0x200 USB_DEVICE/App/usbd_desc.o
                0x0000000020003f88                USBD_StrDesc
 COMMON         0x0000000020004188      0x408 USB_DEVICE/Target/usbd_conf.o
                0x0000000020004188                hpcd_USB_OTG_FS
                0x0000000020004590                . = ALIGN (0x4)
                0x0000000020004590                _ebss = .
                0x0000000020004590                __bss_end__ = _ebss

._user_heap_stack
                0x0000000020004590      0x600 load address 0x0000000008004e4c
                0x0000000020004590                . = ALIGN (0x8)
                [!provide]                        PROVIDE (end = .)
                0x0000000020004590                PROVIDE (_end = .)
                0x0000000020004790                . = (. + _Min_Heap_Size)
 *fill*         0x0000000020004590      0x200 
                0x0000000020004b90                . = (. + _Min_Stack_Size)
 *fill*         0x0000000020004790      0x400 
                0x0000000020004b90                . = ALIGN (0x8)

/DISCARD/
 libc.a(*)
 libm.a(*)
 libgcc.a(*)

.ARM.attributes
                0x0000000000000000       0x30
 *(.ARM.attributes)
 .ARM.attributes
                0x0000000000000000       0x1e /opt/st/stm32cubeide_1.6.1/plugins/com.st.stm32cube.ide.mcu.externaltools.gnu-tools-for-stm32.9-2020-q2-update.linux64_1.5.0.202011040924/tools/bin/../lib/gcc/arm-none-eabi/9.3.1/thumb/v7e-m+fp/hard/crti.o
 .ARM.attributes
                0x000000000000001e       0x34 /opt/st/stm32cubeide_1.6.1/plugins/com.st.stm32cube.ide.mcu.externaltools.gnu-tools-for-stm32.9-2020-q2-update.linux64_1.5.0.202011040924/tools/bin/../lib/gcc/arm-none-eabi/9.3.1/thumb/v7e-m+fp/hard/crtbegin.o
 .ARM.attributes
                0x0000000000000052       0x34 Core/Src/main.o
 .ARM.attributes
                0x0000000000000086       0x34 Core/Src/stm32l4xx_hal_msp.o
 .ARM.attributes
                0x00000000000000ba       0x34 Core/Src/stm32l4xx_it.o
 .ARM.attributes
                0x00000000000000ee       0x34 Core/Src/system_stm32l4xx.o
 .ARM.attributes
                0x0000000000000122       0x21 Core/Startup/startup_stm32l475vgtx.o
 .ARM.attributes
                0x0000000000000143       0x34 Drivers/STM32L4xx_HAL_Driver/Src/stm32l4xx_hal.o
 .ARM.attributes
                0x0000000000000177       0x34 Drivers/STM32L4xx_HAL_Driver/Src/stm32l4xx_hal_cortex.o
 .ARM.attributes
                0x00000000000001ab       0x34 Drivers/STM32L4xx_HAL_Driver/Src/stm32l4xx_hal_dac.o
 .ARM.attributes
                0x00000000000001df       0x34 Drivers/STM32L4xx_HAL_Driver/Src/stm32l4xx_hal_dac_ex.o
 .ARM.attributes
                0x0000000000000213       0x34 Drivers/STM32L4xx_HAL_Driver/Src/stm32l4xx_hal_dfsdm.o
 .ARM.attributes
                0x0000000000000247       0x34 Drivers/STM32L4xx_HAL_Driver/Src/stm32l4xx_hal_dma.o
 .ARM.attributes
                0x000000000000027b       0x34 Drivers/STM32L4xx_HAL_Driver/Src/stm32l4xx_hal_gpio.o
 .ARM.attributes
                0x00000000000002af       0x34 Drivers/STM32L4xx_HAL_Driver/Src/stm32l4xx_hal_pcd.o
 .ARM.attributes
                0x00000000000002e3       0x34 Drivers/STM32L4xx_HAL_Driver/Src/stm32l4xx_hal_pcd_ex.o
 .ARM.attributes
                0x0000000000000317       0x34 Drivers/STM32L4xx_HAL_Driver/Src/stm32l4xx_hal_pwr.o
 .ARM.attributes
                0x000000000000034b       0x34 Drivers/STM32L4xx_HAL_Driver/Src/stm32l4xx_hal_pwr_ex.o
 .ARM.attributes
                0x000000000000037f       0x34 Drivers/STM32L4xx_HAL_Driver/Src/stm32l4xx_hal_rcc.o
 .ARM.attributes
                0x00000000000003b3       0x34 Drivers/STM32L4xx_HAL_Driver/Src/stm32l4xx_hal_rcc_ex.o
 .ARM.attributes
                0x00000000000003e7       0x34 Drivers/STM32L4xx_HAL_Driver/Src/stm32l4xx_hal_tim.o
 .ARM.attributes
                0x000000000000041b       0x34 Drivers/STM32L4xx_HAL_Driver/Src/stm32l4xx_hal_tim_ex.o
 .ARM.attributes
                0x000000000000044f       0x34 Drivers/STM32L4xx_HAL_Driver/Src/stm32l4xx_ll_usb.o
 .ARM.attributes
                0x0000000000000483       0x34 Middlewares/ST/STM32_USB_Device_Library/Class/AUDIO/Src/usbd_audio.o
 .ARM.attributes
                0x00000000000004b7       0x34 Middlewares/ST/STM32_USB_Device_Library/Core/Src/usbd_core.o
 .ARM.attributes
                0x00000000000004eb       0x34 Middlewares/ST/STM32_USB_Device_Library/Core/Src/usbd_ctlreq.o
 .ARM.attributes
                0x000000000000051f       0x34 Middlewares/ST/STM32_USB_Device_Library/Core/Src/usbd_ioreq.o
 .ARM.attributes
                0x0000000000000553       0x34 USB_DEVICE/App/usb_device.o
 .ARM.attributes
                0x0000000000000587       0x34 USB_DEVICE/App/usbd_audio_if.o
 .ARM.attributes
                0x00000000000005bb       0x34 USB_DEVICE/App/usbd_desc.o
 .ARM.attributes
                0x00000000000005ef       0x34 USB_DEVICE/Target/usbd_conf.o
 .ARM.attributes
                0x0000000000000623       0x34 /opt/st/stm32cubeide_1.6.1/plugins/com.st.stm32cube.ide.mcu.externaltools.gnu-tools-for-stm32.9-2020-q2-update.linux64_1.5.0.202011040924/tools/bin/../lib/gcc/arm-none-eabi/9.3.1/../../../../arm-none-eabi/lib/thumb/v7e-m+fp/hard/libc_nano.a(lib_a-init.o)
 .ARM.attributes
                0x0000000000000657       0x34 /opt/st/stm32cubeide_1.6.1/plugins/com.st.stm32cube.ide.mcu.externaltools.gnu-tools-for-stm32.9-2020-q2-update.linux64_1.5.0.202011040924/tools/bin/../lib/gcc/arm-none-eabi/9.3.1/../../../../arm-none-eabi/lib/thumb/v7e-m+fp/hard/libc_nano.a(lib_a-memset.o)
 .ARM.attributes
                0x000000000000068b       0x1e /opt/st/stm32cubeide_1.6.1/plugins/com.st.stm32cube.ide.mcu.externaltools.gnu-tools-for-stm32.9-2020-q2-update.linux64_1.5.0.202011040924/tools/bin/../lib/gcc/arm-none-eabi/9.3.1/thumb/v7e-m+fp/hard/crtn.o
OUTPUT(CarteAudio.elf elf32-littlearm)
LOAD linker stubs
LOAD /opt/st/stm32cubeide_1.6.1/plugins/com.st.stm32cube.ide.mcu.externaltools.gnu-tools-for-stm32.9-2020-q2-update.linux64_1.5.0.202011040924/tools/bin/../lib/gcc/arm-none-eabi/9.3.1/../../../../arm-none-eabi/lib/thumb/v7e-m+fp/hard/libc.a
LOAD /opt/st/stm32cubeide_1.6.1/plugins/com.st.stm32cube.ide.mcu.externaltools.gnu-tools-for-stm32.9-2020-q2-update.linux64_1.5.0.202011040924/tools/bin/../lib/gcc/arm-none-eabi/9.3.1/../../../../arm-none-eabi/lib/thumb/v7e-m+fp/hard/libm.a
LOAD /opt/st/stm32cubeide_1.6.1/plugins/com.st.stm32cube.ide.mcu.externaltools.gnu-tools-for-stm32.9-2020-q2-update.linux64_1.5.0.202011040924/tools/bin/../lib/gcc/arm-none-eabi/9.3.1/thumb/v7e-m+fp/hard/libgcc.a

.comment        0x0000000000000000       0x53
 .comment       0x0000000000000000       0x53 Core/Src/main.o
                                         0x54 (size before relaxing)
 .comment       0x0000000000000053       0x54 Core/Src/stm32l4xx_hal_msp.o
 .comment       0x0000000000000053       0x54 Core/Src/stm32l4xx_it.o
 .comment       0x0000000000000053       0x54 Core/Src/system_stm32l4xx.o
 .comment       0x0000000000000053       0x54 Drivers/STM32L4xx_HAL_Driver/Src/stm32l4xx_hal.o
 .comment       0x0000000000000053       0x54 Drivers/STM32L4xx_HAL_Driver/Src/stm32l4xx_hal_cortex.o
 .comment       0x0000000000000053       0x54 Drivers/STM32L4xx_HAL_Driver/Src/stm32l4xx_hal_dac.o
 .comment       0x0000000000000053       0x54 Drivers/STM32L4xx_HAL_Driver/Src/stm32l4xx_hal_dac_ex.o
 .comment       0x0000000000000053       0x54 Drivers/STM32L4xx_HAL_Driver/Src/stm32l4xx_hal_dfsdm.o
 .comment       0x0000000000000053       0x54 Drivers/STM32L4xx_HAL_Driver/Src/stm32l4xx_hal_dma.o
 .comment       0x0000000000000053       0x54 Drivers/STM32L4xx_HAL_Driver/Src/stm32l4xx_hal_gpio.o
 .comment       0x0000000000000053       0x54 Drivers/STM32L4xx_HAL_Driver/Src/stm32l4xx_hal_pcd.o
 .comment       0x0000000000000053       0x54 Drivers/STM32L4xx_HAL_Driver/Src/stm32l4xx_hal_pcd_ex.o
 .comment       0x0000000000000053       0x54 Drivers/STM32L4xx_HAL_Driver/Src/stm32l4xx_hal_pwr.o
 .comment       0x0000000000000053       0x54 Drivers/STM32L4xx_HAL_Driver/Src/stm32l4xx_hal_pwr_ex.o
 .comment       0x0000000000000053       0x54 Drivers/STM32L4xx_HAL_Driver/Src/stm32l4xx_hal_rcc.o
 .comment       0x0000000000000053       0x54 Drivers/STM32L4xx_HAL_Driver/Src/stm32l4xx_hal_rcc_ex.o
 .comment       0x0000000000000053       0x54 Drivers/STM32L4xx_HAL_Driver/Src/stm32l4xx_hal_tim.o
 .comment       0x0000000000000053       0x54 Drivers/STM32L4xx_HAL_Driver/Src/stm32l4xx_hal_tim_ex.o
 .comment       0x0000000000000053       0x54 Drivers/STM32L4xx_HAL_Driver/Src/stm32l4xx_ll_usb.o
 .comment       0x0000000000000053       0x54 Middlewares/ST/STM32_USB_Device_Library/Class/AUDIO/Src/usbd_audio.o
 .comment       0x0000000000000053       0x54 Middlewares/ST/STM32_USB_Device_Library/Core/Src/usbd_core.o
 .comment       0x0000000000000053       0x54 Middlewares/ST/STM32_USB_Device_Library/Core/Src/usbd_ctlreq.o
 .comment       0x0000000000000053       0x54 Middlewares/ST/STM32_USB_Device_Library/Core/Src/usbd_ioreq.o
 .comment       0x0000000000000053       0x54 USB_DEVICE/App/usb_device.o
 .comment       0x0000000000000053       0x54 USB_DEVICE/App/usbd_audio_if.o
 .comment       0x0000000000000053       0x54 USB_DEVICE/App/usbd_desc.o
 .comment       0x0000000000000053       0x54 USB_DEVICE/Target/usbd_conf.o

.debug_frame    0x0000000000000000       0x4c
 .debug_frame   0x0000000000000000       0x2c /opt/st/stm32cubeide_1.6.1/plugins/com.st.stm32cube.ide.mcu.externaltools.gnu-tools-for-stm32.9-2020-q2-update.linux64_1.5.0.202011040924/tools/bin/../lib/gcc/arm-none-eabi/9.3.1/../../../../arm-none-eabi/lib/thumb/v7e-m+fp/hard/libc_nano.a(lib_a-init.o)
 .debug_frame   0x000000000000002c       0x20 /opt/st/stm32cubeide_1.6.1/plugins/com.st.stm32cube.ide.mcu.externaltools.gnu-tools-for-stm32.9-2020-q2-update.linux64_1.5.0.202011040924/tools/bin/../lib/gcc/arm-none-eabi/9.3.1/../../../../arm-none-eabi/lib/thumb/v7e-m+fp/hard/libc_nano.a(lib_a-memset.o)
