Archive member included because of file (symbol)

/home/acco/farm/gcc-arm-none-eabi-4_9-2015q3/bin/../lib/gcc/arm-none-eabi/4.9.3/../../../../arm-none-eabi/lib/armv7e-m/libg_nano.a(lib_a-errno.o)
                              ./system/src/newlib/_sbrk.o (__errno)
/home/acco/farm/gcc-arm-none-eabi-4_9-2015q3/bin/../lib/gcc/arm-none-eabi/4.9.3/../../../../arm-none-eabi/lib/armv7e-m/libg_nano.a(lib_a-impure.o)
                              /home/acco/farm/gcc-arm-none-eabi-4_9-2015q3/bin/../lib/gcc/arm-none-eabi/4.9.3/../../../../arm-none-eabi/lib/armv7e-m/libg_nano.a(lib_a-errno.o) (_impure_ptr)

Allocating common symbols
Common symbol       size              file

timer_delayCount    0x4               ./src/Timer.o
errno               0x4               ./system/src/newlib/_syscalls.o
pFlash              0x20              ./system/src/stm32f4-hal/stm32f4xx_hal_flash.o

Discarded input sections

 .group         0x00000000        0x8 ./system/src/stm32f4-hal/stm32f4xx_hal.o
 .group         0x00000000        0x8 ./system/src/stm32f4-hal/stm32f4xx_hal.o
 .group         0x00000000        0x8 ./system/src/stm32f4-hal/stm32f4xx_hal.o
 .group         0x00000000        0x8 ./system/src/stm32f4-hal/stm32f4xx_hal.o
 .group         0x00000000        0x8 ./system/src/stm32f4-hal/stm32f4xx_hal.o
 .group         0x00000000        0x8 ./system/src/stm32f4-hal/stm32f4xx_hal.o
 .group         0x00000000        0x8 ./system/src/stm32f4-hal/stm32f4xx_hal.o
 .group         0x00000000        0x8 ./system/src/stm32f4-hal/stm32f4xx_hal.o
 .group         0x00000000        0x8 ./system/src/stm32f4-hal/stm32f4xx_hal.o
 .group         0x00000000        0x8 ./system/src/stm32f4-hal/stm32f4xx_hal.o
 .group         0x00000000        0x8 ./system/src/stm32f4-hal/stm32f4xx_hal.o
 .group         0x00000000        0x8 ./system/src/stm32f4-hal/stm32f4xx_hal.o
 .group         0x00000000        0x8 ./system/src/stm32f4-hal/stm32f4xx_hal.o
 .group         0x00000000        0x8 ./system/src/stm32f4-hal/stm32f4xx_hal.o
 .group         0x00000000        0x8 ./system/src/stm32f4-hal/stm32f4xx_hal.o
 .group         0x00000000        0x8 ./system/src/stm32f4-hal/stm32f4xx_hal.o
 .group         0x00000000        0x8 ./system/src/stm32f4-hal/stm32f4xx_hal.o
 .group         0x00000000        0x8 ./system/src/stm32f4-hal/stm32f4xx_hal.o
 .group         0x00000000        0x8 ./system/src/stm32f4-hal/stm32f4xx_hal.o
 .group         0x00000000        0x8 ./system/src/stm32f4-hal/stm32f4xx_hal.o
 .group         0x00000000        0x8 ./system/src/stm32f4-hal/stm32f4xx_hal.o
 .group         0x00000000        0x8 ./system/src/stm32f4-hal/stm32f4xx_hal.o
 .group         0x00000000        0x8 ./system/src/stm32f4-hal/stm32f4xx_hal.o
 .group         0x00000000        0x8 ./system/src/stm32f4-hal/stm32f4xx_hal.o
 .group         0x00000000        0x8 ./system/src/stm32f4-hal/stm32f4xx_hal.o
 .group         0x00000000        0x8 ./system/src/stm32f4-hal/stm32f4xx_hal.o
 .group         0x00000000        0x8 ./system/src/stm32f4-hal/stm32f4xx_hal.o
 .group         0x00000000        0x8 ./system/src/stm32f4-hal/stm32f4xx_hal.o
 .group         0x00000000        0x8 ./system/src/stm32f4-hal/stm32f4xx_hal.o
 .group         0x00000000        0x8 ./system/src/stm32f4-hal/stm32f4xx_hal.o
 .group         0x00000000        0x8 ./system/src/stm32f4-hal/stm32f4xx_hal.o
 .group         0x00000000        0x8 ./system/src/stm32f4-hal/stm32f4xx_hal.o
 .group         0x00000000        0x8 ./system/src/stm32f4-hal/stm32f4xx_hal.o
 .group         0x00000000        0x8 ./system/src/stm32f4-hal/stm32f4xx_hal.o
 .group         0x00000000        0x8 ./system/src/stm32f4-hal/stm32f4xx_hal.o
 .group         0x00000000        0x8 ./system/src/stm32f4-hal/stm32f4xx_hal.o
 .group         0x00000000        0x8 ./system/src/stm32f4-hal/stm32f4xx_hal.o
 .group         0x00000000        0x8 ./system/src/stm32f4-hal/stm32f4xx_hal.o
 .group         0x00000000        0x8 ./system/src/stm32f4-hal/stm32f4xx_hal.o
 .group         0x00000000        0x8 ./system/src/stm32f4-hal/stm32f4xx_hal.o
 .group         0x00000000        0x8 ./system/src/stm32f4-hal/stm32f4xx_hal.o
 .group         0x00000000        0x8 ./system/src/stm32f4-hal/stm32f4xx_hal.o
 .group         0x00000000        0x8 ./system/src/stm32f4-hal/stm32f4xx_hal.o
 .group         0x00000000        0x8 ./system/src/stm32f4-hal/stm32f4xx_hal.o
 .group         0x00000000        0x8 ./system/src/stm32f4-hal/stm32f4xx_hal.o
 .group         0x00000000        0x8 ./system/src/stm32f4-hal/stm32f4xx_hal.o
 .group         0x00000000        0x8 ./system/src/stm32f4-hal/stm32f4xx_hal.o
 .group         0x00000000        0x8 ./system/src/stm32f4-hal/stm32f4xx_hal.o
 .group         0x00000000        0x8 ./system/src/stm32f4-hal/stm32f4xx_hal.o
 .group         0x00000000        0x8 ./system/src/stm32f4-hal/stm32f4xx_hal.o
 .group         0x00000000        0x8 ./system/src/stm32f4-hal/stm32f4xx_hal.o
[...]
Memory Configuration

Name             Origin             Length             Attributes
RAM              0x20000000         0x00020000         xrw
CCMRAM           0x10000000         0x00010000         xrw
FLASH            0x08000000         0x00100000         xr
FLASHB1          0x00000000         0x00000000         xr
EXTMEMB0         0x00000000         0x00000000         xr
EXTMEMB1         0x00000000         0x00000000         xr
EXTMEMB2         0x00000000         0x00000000         xr
EXTMEMB3         0x00000000         0x00000000         xr
MEMORY_ARRAY     0x20002000         0x00000020         xrw
*default*        0x00000000         0xffffffff

Linker script and memory map

LOAD ./system/src/stm32f4-hal/stm32f4xx_hal.o
LOAD ./system/src/stm32f4-hal/stm32f4xx_hal_cortex.o
LOAD ./system/src/stm32f4-hal/stm32f4xx_hal_flash.o
LOAD ./system/src/stm32f4-hal/stm32f4xx_hal_gpio.o
LOAD ./system/src/stm32f4-hal/stm32f4xx_hal_iwdg.o
LOAD ./system/src/stm32f4-hal/stm32f4xx_hal_pwr.o
LOAD ./system/src/stm32f4-hal/stm32f4xx_hal_rcc.o
LOAD ./system/src/newlib/_cxx.o
LOAD ./system/src/newlib/_exit.o
LOAD ./system/src/newlib/_sbrk.o
LOAD ./system/src/newlib/_startup.o
LOAD ./system/src/newlib/_syscalls.o
LOAD ./system/src/newlib/assert.o
LOAD ./system/src/diag/Trace.o
LOAD ./system/src/diag/trace_impl.o
LOAD ./system/src/cortexm/_initialize_hardware.o
LOAD ./system/src/cortexm/_reset_hardware.o
LOAD ./system/src/cortexm/exception_handlers.o
LOAD ./system/src/cmsis/system_stm32f4xx.o
LOAD ./system/src/cmsis/vectors_stm32f407xx.o
LOAD ./src/BlinkLed.o
LOAD ./src/Timer.o
LOAD ./src/_initialize_hardware.o
LOAD ./src/_write.o
LOAD ./src/main.o
LOAD ./src/stm32f4xx_hal_msp.o
LOAD /home/acco/farm/gcc-arm-none-eabi-4_9-2015q3/bin/../lib/gcc/arm-none-eabi/4.9.3/../../../../arm-none-eabi/lib/armv7e-m/libstdc++_nano.a
LOAD /home/acco/farm/gcc-arm-none-eabi-4_9-2015q3/bin/../lib/gcc/arm-none-eabi/4.9.3/../../../../arm-none-eabi/lib/armv7e-m/libm.a
START GROUP
LOAD /home/acco/farm/gcc-arm-none-eabi-4_9-2015q3/bin/../lib/gcc/arm-none-eabi/4.9.3/armv7e-m/libgcc.a
LOAD /home/acco/farm/gcc-arm-none-eabi-4_9-2015q3/bin/../lib/gcc/arm-none-eabi/4.9.3/../../../../arm-none-eabi/lib/armv7e-m/libg_nano.a
LOAD /home/acco/farm/gcc-arm-none-eabi-4_9-2015q3/bin/../lib/gcc/arm-none-eabi/4.9.3/../../../../arm-none-eabi/lib/armv7e-m/libc_nano.a
END GROUP
START GROUP
LOAD /home/acco/farm/gcc-arm-none-eabi-4_9-2015q3/bin/../lib/gcc/arm-none-eabi/4.9.3/armv7e-m/libgcc.a
LOAD /home/acco/farm/gcc-arm-none-eabi-4_9-2015q3/bin/../lib/gcc/arm-none-eabi/4.9.3/../../../../arm-none-eabi/lib/armv7e-m/libc_nano.a
END GROUP
                0x20020000                __stack = (ORIGIN (RAM) + 0x20000)
                0x20020000                _estack = __stack
                0x00000400                __Main_Stack_Size = 0x400
                0x00000400                PROVIDE (_Main_Stack_Size, __Main_Stack_Size)
                0x2001fc00                __Main_Stack_Limit = (__stack - __Main_Stack_Size)
                0x2001fc00                PROVIDE (_Main_Stack_Limit, __Main_Stack_Limit)
                0x00000100                _Minimum_Stack_Size = 0x100
                0x20000028                PROVIDE (_Heap_Begin, _end_noinit)
                0x2001fc00                PROVIDE (_Heap_Limit, (__stack - __Main_Stack_Size))

.isr_vector     0x08000000      0x330
 FILL mask 0xff
                0x08000000                __vectors_start = ABSOLUTE (.)
                0x08000000                __vectors_start__ = ABSOLUTE (.)
 *(.isr_vector)
 .isr_vector    0x08000000      0x188 ./system/src/cmsis/vectors_stm32f407xx.o
                0x08000000                __isr_vectors
 *(.cfmconfig)
 *(.after_vectors .after_vectors.*)
 .after_vectors
                0x08000188      0x130 ./system/src/newlib/_startup.o
                0x08000188                _start
 .after_vectors
                0x080002b8       0x74 ./system/src/cortexm/exception_handlers.o
                0x080002b8                Reset_Handler
                0x080002c0                NMI_Handler
                0x080002c4                HardFault_Handler
                0x080002d8                HardFault_Handler_C
                0x080002dc                MemManage_Handler
                0x080002e0                BusFault_Handler
                0x080002f4                BusFault_Handler_C
                0x080002f8                UsageFault_Handler
                0x0800030c                UsageFault_Handler_C
                0x08000310                SVC_Handler
                0x08000314                DebugMon_Handler
                0x08000318                PendSV_Handler
 .after_vectors
                0x0800032c        0x4 ./system/src/cmsis/vectors_stm32f407xx.o
                0x0800032c                RTC_Alarm_IRQHandler
                0x0800032c                HASH_RNG_IRQHandler
                0x0800032c                EXTI2_IRQHandler
                0x0800032c                TIM8_CC_IRQHandler
                0x0800032c                TIM1_CC_IRQHandler
                0x0800032c                DMA2_Stream5_IRQHandler
                0x0800032c                DMA1_Stream5_IRQHandler
                0x0800032c                PVD_IRQHandler
                0x0800032c                SDIO_IRQHandler
                0x0800032c                TAMP_STAMP_IRQHandler
                0x0800032c                CAN2_RX1_IRQHandler
                0x0800032c                EXTI3_IRQHandler
                0x0800032c                TIM8_TRG_COM_TIM14_IRQHandler
                0x0800032c                TIM1_UP_TIM10_IRQHandler
                0x0800032c                TIM8_UP_TIM13_IRQHandler
                0x0800032c                I2C3_ER_IRQHandler
                0x0800032c                EXTI0_IRQHandler
                0x0800032c                I2C2_EV_IRQHandler
                0x0800032c                DMA1_Stream2_IRQHandler
                0x0800032c                CAN1_RX0_IRQHandler
                0x0800032c                FPU_IRQHandler
                0x0800032c                OTG_HS_WKUP_IRQHandler
                0x0800032c                CAN2_SCE_IRQHandler
                0x0800032c                DMA2_Stream2_IRQHandler
                0x0800032c                SPI1_IRQHandler
                0x0800032c                TIM6_DAC_IRQHandler
                0x0800032c                TIM1_BRK_TIM9_IRQHandler
                0x0800032c                DCMI_IRQHandler
                0x0800032c                CAN2_RX0_IRQHandler
                0x0800032c                DMA2_Stream3_IRQHandler
                0x0800032c                USART6_IRQHandler
                0x0800032c                USART3_IRQHandler
                0x0800032c                CAN1_RX1_IRQHandler
                0x0800032c                UART5_IRQHandler
                0x0800032c                DMA2_Stream0_IRQHandler
                0x0800032c                TIM4_IRQHandler
                0x0800032c                I2C1_EV_IRQHandler
                0x0800032c                DMA1_Stream6_IRQHandler
                0x0800032c                DMA1_Stream1_IRQHandler
                0x0800032c                UART4_IRQHandler
                0x0800032c                TIM3_IRQHandler
                0x0800032c                RCC_IRQHandler
                0x0800032c                TIM8_BRK_TIM12_IRQHandler
                0x0800032c                Default_Handler
                0x0800032c                EXTI15_10_IRQHandler
                0x0800032c                ADC_IRQHandler
                0x0800032c                DMA1_Stream7_IRQHandler
                0x0800032c                TIM7_IRQHandler
                0x0800032c                CAN2_TX_IRQHandler
                0x0800032c                TIM5_IRQHandler
                0x0800032c                DMA2_Stream7_IRQHandler
                0x0800032c                I2C3_EV_IRQHandler
                0x0800032c                EXTI9_5_IRQHandler
                0x0800032c                RTC_WKUP_IRQHandler
                0x0800032c                ETH_WKUP_IRQHandler
                0x0800032c                SPI2_IRQHandler
                0x0800032c                OTG_HS_EP1_IN_IRQHandler
                0x0800032c                DMA1_Stream0_IRQHandler
                0x0800032c                CAN1_TX_IRQHandler
                0x0800032c                EXTI4_IRQHandler
                0x0800032c                ETH_IRQHandler
                0x0800032c                OTG_HS_EP1_OUT_IRQHandler
                0x0800032c                WWDG_IRQHandler
                0x0800032c                TIM2_IRQHandler
                0x0800032c                OTG_FS_WKUP_IRQHandler
                0x0800032c                TIM1_TRG_COM_TIM11_IRQHandler
                0x0800032c                OTG_HS_IRQHandler
                0x0800032c                EXTI1_IRQHandler
                0x0800032c                USART2_IRQHandler
                0x0800032c                I2C2_ER_IRQHandler
                0x0800032c                DMA2_Stream1_IRQHandler
                0x0800032c                CAN1_SCE_IRQHandler
                0x0800032c                FLASH_IRQHandler
                0x0800032c                DMA2_Stream4_IRQHandler
                0x0800032c                USART1_IRQHandler
                0x0800032c                OTG_FS_IRQHandler
                0x0800032c                SPI3_IRQHandler
                0x0800032c                DMA1_Stream4_IRQHandler
                0x0800032c                I2C1_ER_IRQHandler
                0x0800032c                FMC_IRQHandler
                0x0800032c                DMA2_Stream6_IRQHandler
                0x0800032c                DMA1_Stream3_IRQHandler

.inits          0x08000330       0x28
                0x08000330                __data_regions_array_start = .
                0x08000330        0x4 LONG 0x8001494 LOADADDR (.data)
                0x08000334        0x4 LONG 0x20000000 ADDR (.data)
                0x08000338        0x4 LONG 0x20000014 (ADDR (.data) + SIZEOF (.data))
                0x0800033c        0x4 LONG 0x8001494 LOADADDR (.data_CCMRAM)
                0x08000340        0x4 LONG 0x10000000 ADDR (.data_CCMRAM)
                0x08000344        0x4 LONG 0x10000000 (ADDR (.data_CCMRAM) + SIZEOF (.data_CCMRAM))
                0x08000348                __data_regions_array_end = .
                0x08000348                __bss_regions_array_start = .
                0x08000348        0x4 LONG 0x20000014 ADDR (.bss)
                0x0800034c        0x4 LONG 0x20000028 (ADDR (.bss) + SIZEOF (.bss))
                0x08000350        0x4 LONG 0x10000000 ADDR (.bss_CCMRAM)
                0x08000354        0x4 LONG 0x10000000 (ADDR (.bss_CCMRAM) + SIZEOF (.bss_CCMRAM))
                0x08000358                __bss_regions_array_end = .
 *(.init)
 *(.fini)
                0x08000358                . = ALIGN (0x4)
                0x08000358                PROVIDE (__preinit_array_start, .)
 *(.preinit_array_sysinit .preinit_array_sysinit.*)
 *(.preinit_array_platform .preinit_array_platform.*)
 *(.preinit_array .preinit_array.*)
                0x08000358                PROVIDE (__preinit_array_end, .)
                0x08000358                . = ALIGN (0x4)
                0x08000358                PROVIDE (__init_array_start, .)
 *(SORT(.init_array.*))
 *(.init_array)
                0x08000358                PROVIDE (__init_array_end, .)
                0x08000358                . = ALIGN (0x4)
                0x08000358                PROVIDE (__fini_array_start, .)
 *(SORT(.fini_array.*))
 *(.fini_array)
                0x08000358                PROVIDE (__fini_array_end, .)

.flashtext
 *(.flashtext .flashtext.*)

.text           0x08000358     0x113c
 *(.text .text.*)
 .text.HAL_InitTick
                0x08000358       0x28 ./system/src/stm32f4-hal/stm32f4xx_hal.o
                0x08000358                HAL_InitTick
 .text.HAL_Init
                0x08000380       0x34 ./system/src/stm32f4-hal/stm32f4xx_hal.o
                0x08000380                HAL_Init
 .text.HAL_IncTick
                0x080003b4       0x10 ./system/src/stm32f4-hal/stm32f4xx_hal.o
                0x080003b4                HAL_IncTick
 .text.HAL_GetTick
                0x080003c4        0xc ./system/src/stm32f4-hal/stm32f4xx_hal.o
                0x080003c4                HAL_GetTick
 .text.HAL_NVIC_SetPriorityGrouping
                0x080003d0       0x3c ./system/src/stm32f4-hal/stm32f4xx_hal_cortex.o
                0x080003d0                HAL_NVIC_SetPriorityGrouping
 .text.HAL_NVIC_SetPriority
                0x0800040c       0x84 ./system/src/stm32f4-hal/stm32f4xx_hal_cortex.o
                0x0800040c                HAL_NVIC_SetPriority
 .text.HAL_SYSTICK_Config
                0x08000490       0x2c ./system/src/stm32f4-hal/stm32f4xx_hal_cortex.o
                0x08000490                HAL_SYSTICK_Config
 .text.HAL_SYSTICK_CLKSourceConfig
                0x080004bc       0x38 ./system/src/stm32f4-hal/stm32f4xx_hal_cortex.o
                0x080004bc                HAL_SYSTICK_CLKSourceConfig
 .text.HAL_GPIO_Init
                0x080004f4      0x328 ./system/src/stm32f4-hal/stm32f4xx_hal_gpio.o
                0x080004f4                HAL_GPIO_Init
 .text.HAL_GPIO_WritePin
                0x0800081c       0x34 ./system/src/stm32f4-hal/stm32f4xx_hal_gpio.o
                0x0800081c                HAL_GPIO_WritePin
 .text.HAL_RCC_OscConfig
                0x08000850      0x4a4 ./system/src/stm32f4-hal/stm32f4xx_hal_rcc.o
                0x08000850                HAL_RCC_OscConfig
 .text.HAL_RCC_ClockConfig
                0x08000cf4      0x368 ./system/src/stm32f4-hal/stm32f4xx_hal_rcc.o
                0x08000cf4                HAL_RCC_ClockConfig
 .text.HAL_RCC_GetSysClockFreq
                0x0800105c       0x94 ./system/src/stm32f4-hal/stm32f4xx_hal_rcc.o
                0x0800105c                HAL_RCC_GetSysClockFreq
 .text.HAL_RCC_GetHCLKFreq
                0x080010f0       0x34 ./system/src/stm32f4-hal/stm32f4xx_hal_rcc.o
                0x080010f0                HAL_RCC_GetHCLKFreq
 .text._exit    0x08001124        0x4 ./system/src/newlib/_exit.o
                0x08001124                _exit
 .text.abort    0x08001128        0x8 ./system/src/newlib/_exit.o
                0x08001128                abort
 .text.__initialize_args
                0x08001130       0x10 ./system/src/newlib/_syscalls.o
                0x08001130                __initialize_args
 .text.assert_failed
                0x08001140        0x8 ./system/src/newlib/assert.o
                0x08001140                assert_failed
 .text.__initialize_hardware_early
                0x08001148       0x18 ./system/src/cortexm/_initialize_hardware.o
                0x08001148                __initialize_hardware_early
 .text.SystemInit
                0x08001160       0x40 ./system/src/cmsis/system_stm32f4xx.o
                0x08001160                SystemInit
 .text.SystemCoreClockUpdate
                0x080011a0       0xa0 ./system/src/cmsis/system_stm32f4xx.o
                0x080011a0                SystemCoreClockUpdate
 .text.blink_led_init
                0x08001240       0x40 ./src/BlinkLed.o
                0x08001240                blink_led_init
 .text.timer_start
                0x08001280       0x3c ./src/Timer.o
                0x08001280                timer_start
 .text.timer_sleep
                0x080012bc       0x14 ./src/Timer.o
                0x080012bc                timer_sleep
 .text.timer_tick
                0x080012d0       0x14 ./src/Timer.o
                0x080012d0                timer_tick
 .text.SysTick_Handler
                0x080012e4        0xc ./src/Timer.o
                0x080012e4                SysTick_Handler
 .text.SystemClock_Config
                0x080012f0       0x98 ./src/_initialize_hardware.o
                0x080012f0                SystemClock_Config
 .text.__initialize_hardware
                0x08001388       0x10 ./src/_initialize_hardware.o
                0x08001388                __initialize_hardware
 .text.main     0x08001398       0x44 ./src/main.o
                0x08001398                main
 .text.HAL_MspInit
                0x080013dc        0x4 ./src/stm32f4xx_hal_msp.o
                0x080013dc                HAL_MspInit
 *(.rodata .rodata.* .constdata .constdata.*)
 .rodata.str1.4
                0x080013e0       0x31 ./system/src/stm32f4-hal/stm32f4xx_hal_cortex.o
 *fill*         0x08001411        0x3 
 .rodata.str1.4
                0x08001414       0x2f ./system/src/stm32f4-hal/stm32f4xx_hal_gpio.o
 *fill*         0x08001443        0x1 
 .rodata.APBAHBPrescTable
                0x08001444       0x10 ./system/src/stm32f4-hal/stm32f4xx_hal_rcc.o
                0x08001444                APBAHBPrescTable
 .rodata.str1.4
                0x08001454       0x30 ./system/src/stm32f4-hal/stm32f4xx_hal_rcc.o
                                 0x2e (size before relaxing)
 .rodata.AHBPrescTable
                0x08001484       0x10 ./system/src/cmsis/system_stm32f4xx.o
                0x08001484                AHBPrescTable
 *(vtable)
 *(.eh_frame*)
 *(.glue_7)
 .glue_7        0x00000000        0x0 linker stubs
 *(.glue_7t)
 .glue_7t       0x00000000        0x0 linker stubs

.vfp11_veneer   0x08001494        0x0
 .vfp11_veneer  0x00000000        0x0 linker stubs

.v4_bx          0x08001494        0x0
 .v4_bx         0x00000000        0x0 linker stubs

.iplt           0x08001494        0x0
 .iplt          0x00000000        0x0 ./system/src/stm32f4-hal/stm32f4xx_hal.o

.rel.dyn        0x08001494        0x0
 .rel.iplt      0x00000000        0x0 ./system/src/stm32f4-hal/stm32f4xx_hal.o

.ARM.extab
 *(.ARM.extab* .gnu.linkonce.armextab.*)
                0x08001494                . = ALIGN (0x4)
                0x08001494                __exidx_start = .

.ARM.exidx
 *(.ARM.exidx* .gnu.linkonce.armexidx.*)
                0x08001494                __exidx_end = .
                0x08001494                . = ALIGN (0x4)
                0x08001494                _etext = .
                0x08001494                __etext = .

.data_CCMRAM    0x10000000        0x0 load address 0x08001494
 FILL mask 0xff
 *(.data.CCMRAM .data.CCMRAM.*)
                0x10000000                . = ALIGN (0x4)
                0x08001494                _sidata = LOADADDR (.data)

.data           0x20000000       0x14 load address 0x08001494
 FILL mask 0xff
                0x20000000                _sdata = .
                0x20000000                __data_start__ = .
 *(.data_begin .data_begin.*)
 .data_begin    0x20000000        0x4 ./system/src/newlib/_startup.o
 *(.data .data.*)
 .data.argv.4161
                0x20000004        0x8 ./system/src/newlib/_syscalls.o
 .data.SystemCoreClock
                0x2000000c        0x4 ./system/src/cmsis/system_stm32f4xx.o
                0x2000000c                SystemCoreClock
 *(.data_end .data_end.*)
 .data_end      0x20000010        0x4 ./system/src/newlib/_startup.o
                0x20000014                . = ALIGN (0x4)
                0x20000014                _edata = .
                0x20000014                __data_end__ = .

.igot.plt       0x20000014        0x0 load address 0x080014a8
 .igot.plt      0x00000000        0x0 ./system/src/stm32f4-hal/stm32f4xx_hal.o

.bss_CCMRAM     0x10000000        0x0
 *(.bss.CCMRAM .bss.CCMRAM.*)

.bss            0x20000014       0x14
                0x20000014                __bss_start__ = .
                0x20000014                _sbss = .
 *(.bss_begin .bss_begin.*)
 .bss_begin     0x20000014        0x4 ./system/src/newlib/_startup.o
 *(.bss .bss.*)
 .bss.uwTick    0x20000018        0x4 ./system/src/stm32f4-hal/stm32f4xx_hal.o
 .bss.name.4160
                0x2000001c        0x1 ./system/src/newlib/_syscalls.o
 *(COMMON)
 *fill*         0x2000001d        0x3 
 COMMON         0x20000020        0x4 ./src/Timer.o
                0x20000020                timer_delayCount
 *(.bss_end .bss_end.*)
 .bss_end       0x20000024        0x4 ./system/src/newlib/_startup.o
                0x20000028                . = ALIGN (0x4)
                0x20000028                __bss_end__ = .
                0x20000028                _ebss = .

.noinit_CCMRAM
 *(.noinit.CCMRAM .noinit.CCMRAM.*)

.noinit         0x20000028        0x0
                0x20000028                _noinit = .
 *(.noinit .noinit.*)
                0x20000028                . = ALIGN (0x4)
                0x20000028                _end_noinit = .
                0x20000028                PROVIDE (end, _end_noinit)
                0x20000028                PROVIDE (_end, _end_noinit)
                0x20000028                PROVIDE (__end, _end_noinit)
                0x20000028                PROVIDE (__end__, _end_noinit)

._check_stack   0x20000028      0x100
                0x20000128                . = (. + _Minimum_Stack_Size)
 *fill*         0x20000028      0x100 

.b1text
 *(.b1text)
 *(.b1rodata)
 *(.b1rodata.*)

.eb0text
 *(.eb0text)
 *(.eb0rodata)
 *(.eb0rodata.*)

.eb1text
 *(.eb1text)
 *(.eb1rodata)
 *(.eb1rodata.*)

.eb2text
 *(.eb2text)
 *(.eb2rodata)
 *(.eb2rodata.*)

.eb3text
 *(.eb3text)
 *(.eb3rodata)
 *(.eb3rodata.*)

.stab
 *(.stab)

.stabstr
 *(.stabstr)

.stab.excl
 *(.stab.excl)

.stab.exclstr
 *(.stab.exclstr)

.stab.index
 *(.stab.index)

.stab.indexstr
 *(.stab.indexstr)

.comment        0x00000000       0x70
 *(.comment)
 .comment       0x00000000       0x70 ./system/src/stm32f4-hal/stm32f4xx_hal.o
                                 0x71 (size before relaxing)
 .comment       0x00000000       0x71 ./system/src/stm32f4-hal/stm32f4xx_hal_cortex.o
 .comment       0x00000000       0x71 ./system/src/stm32f4-hal/stm32f4xx_hal_gpio.o
 .comment       0x00000000       0x71 ./system/src/stm32f4-hal/stm32f4xx_hal_rcc.o
 .comment       0x00000000       0x71 ./system/src/newlib/_exit.o
 .comment       0x00000000       0x71 ./system/src/newlib/_startup.o
 .comment       0x00000000       0x71 ./system/src/newlib/_syscalls.o
 .comment       0x00000000       0x71 ./system/src/newlib/assert.o
 .comment       0x00000000       0x71 ./system/src/cortexm/_initialize_hardware.o
 .comment       0x00000000       0x71 ./system/src/cortexm/exception_handlers.o
 .comment       0x00000000       0x71 ./system/src/cmsis/system_stm32f4xx.o
 .comment       0x00000000       0x71 ./system/src/cmsis/vectors_stm32f407xx.o
 .comment       0x00000000       0x71 ./src/BlinkLed.o
 .comment       0x00000000       0x71 ./src/Timer.o
 .comment       0x00000000       0x71 ./src/_initialize_hardware.o
 .comment       0x00000000       0x71 ./src/main.o
 .comment       0x00000000       0x71 ./src/stm32f4xx_hal_msp.o

.ARM.attributes
                0x00000000       0x33
 .ARM.attributes
                0x00000000       0x33 ./system/src/stm32f4-hal/stm32f4xx_hal.o
 .ARM.attributes
                0x00000033       0x33 ./system/src/stm32f4-hal/stm32f4xx_hal_cortex.o
 .ARM.attributes
                0x00000066       0x33 ./system/src/stm32f4-hal/stm32f4xx_hal_gpio.o
 .ARM.attributes
                0x00000099       0x33 ./system/src/stm32f4-hal/stm32f4xx_hal_rcc.o
 .ARM.attributes
                0x000000cc       0x33 ./system/src/newlib/_exit.o
 .ARM.attributes
                0x000000ff       0x33 ./system/src/newlib/_startup.o
 .ARM.attributes
                0x00000132       0x33 ./system/src/newlib/_syscalls.o
 .ARM.attributes
                0x00000165       0x33 ./system/src/newlib/assert.o
 .ARM.attributes
                0x00000198       0x33 ./system/src/cortexm/_initialize_hardware.o
 .ARM.attributes
                0x000001cb       0x33 ./system/src/cortexm/exception_handlers.o
 .ARM.attributes
                0x000001fe       0x33 ./system/src/cmsis/system_stm32f4xx.o
 .ARM.attributes
                0x00000231       0x33 ./system/src/cmsis/vectors_stm32f407xx.o
 .ARM.attributes
                0x00000264       0x33 ./src/BlinkLed.o
 .ARM.attributes
                0x00000297       0x33 ./src/Timer.o
 .ARM.attributes
                0x000002ca       0x33 ./src/_initialize_hardware.o
 .ARM.attributes
                0x000002fd       0x33 ./src/main.o
 .ARM.attributes
                0x00000330       0x33 ./src/stm32f4xx_hal_msp.o

.debug
 *(.debug)

.line
 *(.line)

.debug_srcinfo
 *(.debug_srcinfo)

.debug_sfnames
 *(.debug_sfnames)

.debug_aranges  0x00000000      0x4c0
 *(.debug_aranges)
 .debug_aranges
                0x00000000       0xc0 ./system/src/stm32f4-hal/stm32f4xx_hal.o
 .debug_aranges
                0x000000c0       0x98 ./system/src/stm32f4-hal/stm32f4xx_hal_cortex.o
 .debug_aranges
                0x00000158       0x58 ./system/src/stm32f4-hal/stm32f4xx_hal_gpio.o
 .debug_aranges
                0x000001b0       0x88 ./system/src/stm32f4-hal/stm32f4xx_hal_rcc.o
 .debug_aranges
                0x00000238       0x28 ./system/src/newlib/_exit.o
 .debug_aranges
                0x00000260       0x40 ./system/src/newlib/_startup.o
 .debug_aranges
                0x000002a0       0x30 ./system/src/newlib/_syscalls.o
 .debug_aranges
                0x000002d0       0x28 ./system/src/newlib/assert.o
 .debug_aranges
                0x000002f8       0x28 ./system/src/cortexm/_initialize_hardware.o
 .debug_aranges
                0x00000320       0x80 ./system/src/cortexm/exception_handlers.o
 .debug_aranges
                0x000003a0       0x28 ./system/src/cmsis/system_stm32f4xx.o
 .debug_aranges
                0x000003c8       0x20 ./system/src/cmsis/vectors_stm32f407xx.o
 .debug_aranges
                0x000003e8       0x20 ./src/BlinkLed.o
 .debug_aranges
                0x00000408       0x38 ./src/Timer.o
 .debug_aranges
                0x00000440       0x28 ./src/_initialize_hardware.o
 .debug_aranges
                0x00000468       0x20 ./src/main.o
 .debug_aranges
                0x00000488       0x38 ./src/stm32f4xx_hal_msp.o

.debug_pubnames
 *(.debug_pubnames)

.debug_info     0x00000000     0x5b20
 *(.debug_info .gnu.linkonce.wi.*)
 .debug_info    0x00000000      0x921 ./system/src/stm32f4-hal/stm32f4xx_hal.o
 .debug_info    0x00000921     0x1117 ./system/src/stm32f4-hal/stm32f4xx_hal_cortex.o
 .debug_info    0x00001a38      0x86b ./system/src/stm32f4-hal/stm32f4xx_hal_gpio.o
 .debug_info    0x000022a3     0x1022 ./system/src/stm32f4-hal/stm32f4xx_hal_rcc.o
 .debug_info    0x000032c5       0xee ./system/src/newlib/_exit.o
 .debug_info    0x000033b3      0x50f ./system/src/newlib/_startup.o
 .debug_info    0x000038c2      0x1bc ./system/src/newlib/_syscalls.o
 .debug_info    0x00003a7e      0x168 ./system/src/newlib/assert.o
 .debug_info    0x00003be6      0x2ad ./system/src/cortexm/_initialize_hardware.o
 .debug_info    0x00003e93      0x2a2 ./system/src/cortexm/exception_handlers.o
 .debug_info    0x00004135      0x4a5 ./system/src/cmsis/system_stm32f4xx.o
 .debug_info    0x000045da       0xd1 ./system/src/cmsis/vectors_stm32f407xx.o
 .debug_info    0x000046ab      0x420 ./src/BlinkLed.o
 .debug_info    0x00004acb      0x737 ./src/Timer.o
 .debug_info    0x00005202      0x556 ./src/_initialize_hardware.o
 .debug_info    0x00005758      0x2e3 ./src/main.o
 .debug_info    0x00005a3b       0xe5 ./src/stm32f4xx_hal_msp.o

.debug_abbrev   0x00000000     0x1984
 *(.debug_abbrev)
 .debug_abbrev  0x00000000      0x25b ./system/src/stm32f4-hal/stm32f4xx_hal.o
 .debug_abbrev  0x0000025b      0x2fc ./system/src/stm32f4-hal/stm32f4xx_hal_cortex.o
 .debug_abbrev  0x00000557      0x209 ./system/src/stm32f4-hal/stm32f4xx_hal_gpio.o
 .debug_abbrev  0x00000760      0x306 ./system/src/stm32f4-hal/stm32f4xx_hal_rcc.o
 .debug_abbrev  0x00000a66       0xb7 ./system/src/newlib/_exit.o
 .debug_abbrev  0x00000b1d      0x211 ./system/src/newlib/_startup.o
 .debug_abbrev  0x00000d2e       0xee ./system/src/newlib/_syscalls.o
 .debug_abbrev  0x00000e1c       0xb6 ./system/src/newlib/assert.o
 .debug_abbrev  0x00000ed2       0xea ./system/src/cortexm/_initialize_hardware.o
 .debug_abbrev  0x00000fbc      0x127 ./system/src/cortexm/exception_handlers.o
 .debug_abbrev  0x000010e3      0x104 ./system/src/cmsis/system_stm32f4xx.o
 .debug_abbrev  0x000011e7       0x9d ./system/src/cmsis/vectors_stm32f407xx.o
 .debug_abbrev  0x00001284      0x162 ./src/BlinkLed.o
 .debug_abbrev  0x000013e6      0x1c4 ./src/Timer.o
 .debug_abbrev  0x000015aa      0x1af ./src/_initialize_hardware.o
 .debug_abbrev  0x00001759      0x1c1 ./src/main.o
 .debug_abbrev  0x0000191a       0x6a ./src/stm32f4xx_hal_msp.o

.debug_line     0x00000000     0x8d0b
 *(.debug_line)
 .debug_line    0x00000000      0xaff ./system/src/stm32f4-hal/stm32f4xx_hal.o
 .debug_line    0x00000aff      0xbe3 ./system/src/stm32f4-hal/stm32f4xx_hal_cortex.o
 .debug_line    0x000016e2      0xc93 ./system/src/stm32f4-hal/stm32f4xx_hal_gpio.o
 .debug_line    0x00002375      0xe1a ./system/src/stm32f4-hal/stm32f4xx_hal_rcc.o
 .debug_line    0x0000318f      0x29d ./system/src/newlib/_exit.o
 .debug_line    0x0000342c      0x31c ./system/src/newlib/_startup.o
 .debug_line    0x00003748      0x36e ./system/src/newlib/_syscalls.o
 .debug_line    0x00003ab6      0x2c2 ./system/src/newlib/assert.o
 .debug_line    0x00003d78      0x9a3 ./system/src/cortexm/_initialize_hardware.o
 .debug_line    0x0000471b      0xa8f ./system/src/cortexm/exception_handlers.o
 .debug_line    0x000051aa      0x9a3 ./system/src/cmsis/system_stm32f4xx.o
 .debug_line    0x00005b4d       0xfe ./system/src/cmsis/vectors_stm32f407xx.o
 .debug_line    0x00005c4b      0x981 ./src/BlinkLed.o
 .debug_line    0x000065cc      0x9f7 ./src/Timer.o
 .debug_line    0x00006fc3      0x99c ./src/_initialize_hardware.o
 .debug_line    0x0000795f      0xa0f ./src/main.o
 .debug_line    0x0000836e      0x99d ./src/stm32f4xx_hal_msp.o

.debug_frame    0x00000000      0x948
 *(.debug_frame)
 .debug_frame   0x00000000      0x188 ./system/src/stm32f4-hal/stm32f4xx_hal.o
 .debug_frame   0x00000188      0x17c ./system/src/stm32f4-hal/stm32f4xx_hal_cortex.o
 .debug_frame   0x00000304       0xfc ./system/src/stm32f4-hal/stm32f4xx_hal_gpio.o
 .debug_frame   0x00000400      0x144 ./system/src/stm32f4-hal/stm32f4xx_hal_rcc.o
 .debug_frame   0x00000544       0x38 ./system/src/newlib/_exit.o
 .debug_frame   0x0000057c       0x7c ./system/src/newlib/_startup.o
 .debug_frame   0x000005f8       0x50 ./system/src/newlib/_syscalls.o
 .debug_frame   0x00000648       0x40 ./system/src/newlib/assert.o
 .debug_frame   0x00000688       0x40 ./system/src/cortexm/_initialize_hardware.o
 .debug_frame   0x000006c8       0xe8 ./system/src/cortexm/exception_handlers.o
 .debug_frame   0x000007b0       0x30 ./system/src/cmsis/system_stm32f4xx.o
 .debug_frame   0x000007e0       0x20 ./system/src/cmsis/vectors_stm32f407xx.o
 .debug_frame   0x00000800       0x30 ./src/BlinkLed.o
 .debug_frame   0x00000830       0x58 ./src/Timer.o
 .debug_frame   0x00000888       0x48 ./src/_initialize_hardware.o
 .debug_frame   0x000008d0       0x28 ./src/main.o
 .debug_frame   0x000008f8       0x50 ./src/stm32f4xx_hal_msp.o

.debug_str      0x00000000    0xa1ce8
 *(.debug_str)
 .debug_str     0x00000000    0x9e2ec ./system/src/stm32f4-hal/stm32f4xx_hal.o
                              0x9e6f3 (size before relaxing)
 .debug_str     0x0009e2ec      0x3b3 ./system/src/stm32f4-hal/stm32f4xx_hal_cortex.o
                              0x9e566 (size before relaxing)
 .debug_str     0x0009e69f      0x2d5 ./system/src/stm32f4-hal/stm32f4xx_hal_gpio.o
                              0x9df67 (size before relaxing)
 .debug_str     0x0009e974      0x393 ./system/src/stm32f4-hal/stm32f4xx_hal_rcc.o
                              0x9e10c (size before relaxing)
 .debug_str     0x0009ed07     0x1090 ./system/src/newlib/_exit.o
                               0x5ff7 (size before relaxing)
 .debug_str     0x0009fd97      0x2cc ./system/src/newlib/_startup.o
                               0x5046 (size before relaxing)
 .debug_str     0x000a0063     0x162d ./system/src/newlib/_syscalls.o
                               0x6608 (size before relaxing)
 .debug_str     0x000a1690       0xdc ./system/src/newlib/assert.o
                               0x6b07 (size before relaxing)
 .debug_str     0x000a176c       0x77 ./system/src/cortexm/_initialize_hardware.o
                              0x9dc1a (size before relaxing)
 .debug_str     0x000a17e3      0x1ce ./system/src/cortexm/exception_handlers.o
                              0x9ec6e (size before relaxing)
 .debug_str     0x000a19b1       0x46 ./system/src/cmsis/system_stm32f4xx.o
                              0x9dd03 (size before relaxing)
 .debug_str     0x000a19f7       0x59 ./system/src/cmsis/vectors_stm32f407xx.o
                               0x3058 (size before relaxing)
 .debug_str     0x000a1a50      0x12f ./src/BlinkLed.o
                              0x9dde8 (size before relaxing)
 .debug_str     0x000a1b7f       0x76 ./src/Timer.o
                              0x9e219 (size before relaxing)
 .debug_str     0x000a1bf5       0x31 ./src/_initialize_hardware.o
                              0x9de39 (size before relaxing)
 .debug_str     0x000a1c26       0x85 ./src/main.o
                              0x9ede5 (size before relaxing)
 .debug_str     0x000a1cab       0x3d ./src/stm32f4xx_hal_msp.o
                              0x9db4e (size before relaxing)

.debug_loc      0x00000000     0x1892
 *(.debug_loc)
 .debug_loc     0x00000000       0x90 ./system/src/stm32f4-hal/stm32f4xx_hal.o
 .debug_loc     0x00000090      0x61b ./system/src/stm32f4-hal/stm32f4xx_hal_cortex.o
 .debug_loc     0x000006ab      0x488 ./system/src/stm32f4-hal/stm32f4xx_hal_gpio.o
 .debug_loc     0x00000b33      0x6d7 ./system/src/stm32f4-hal/stm32f4xx_hal_rcc.o
 .debug_loc     0x0000120a      0x36e ./system/src/newlib/_startup.o
 .debug_loc     0x00001578       0x63 ./system/src/newlib/_syscalls.o
 .debug_loc     0x000015db       0xc6 ./system/src/newlib/assert.o
 .debug_loc     0x000016a1      0x137 ./system/src/cmsis/system_stm32f4xx.o
 .debug_loc     0x000017d8       0x59 ./src/Timer.o
 .debug_loc     0x00001831       0x61 ./src/main.o

.debug_macinfo
 *(.debug_macinfo)

.debug_weaknames
 *(.debug_weaknames)

.debug_funcnames
 *(.debug_funcnames)

.debug_typenames
 *(.debug_typenames)

.debug_varnames
 *(.debug_varnames)
OUTPUT(blink_discovery.elf elf32-littlearm)

.debug_ranges   0x00000000      0x3b0
 .debug_ranges  0x00000000       0xb0 ./system/src/stm32f4-hal/stm32f4xx_hal.o
 .debug_ranges  0x000000b0       0x88 ./system/src/stm32f4-hal/stm32f4xx_hal_cortex.o
 .debug_ranges  0x00000138       0x48 ./system/src/stm32f4-hal/stm32f4xx_hal_gpio.o
 .debug_ranges  0x00000180       0x78 ./system/src/stm32f4-hal/stm32f4xx_hal_rcc.o
 .debug_ranges  0x000001f8       0x18 ./system/src/newlib/_exit.o
 .debug_ranges  0x00000210       0x30 ./system/src/newlib/_startup.o
 .debug_ranges  0x00000240       0x20 ./system/src/newlib/_syscalls.o
 .debug_ranges  0x00000260       0x18 ./system/src/newlib/assert.o
 .debug_ranges  0x00000278       0x18 ./system/src/cortexm/_initialize_hardware.o
 .debug_ranges  0x00000290       0x70 ./system/src/cortexm/exception_handlers.o
 .debug_ranges  0x00000300       0x18 ./system/src/cmsis/system_stm32f4xx.o
 .debug_ranges  0x00000318       0x10 ./system/src/cmsis/vectors_stm32f407xx.o
 .debug_ranges  0x00000328       0x10 ./src/BlinkLed.o
 .debug_ranges  0x00000338       0x28 ./src/Timer.o
 .debug_ranges  0x00000360       0x18 ./src/_initialize_hardware.o
 .debug_ranges  0x00000378       0x10 ./src/main.o
 .debug_ranges  0x00000388       0x28 ./src/stm32f4xx_hal_msp.o

.debug_macro    0x00000000    0x1a6d2
 .debug_macro   0x00000000      0x4c5 ./system/src/stm32f4-hal/stm32f4xx_hal.o
 .debug_macro   0x000004c5      0x88c ./system/src/stm32f4-hal/stm32f4xx_hal.o
 .debug_macro   0x00000d51      0x275 ./system/src/stm32f4-hal/stm32f4xx_hal.o
 .debug_macro   0x00000fc6       0x2e ./system/src/stm32f4-hal/stm32f4xx_hal.o
 .debug_macro   0x00000ff4       0x28 ./system/src/stm32f4-hal/stm32f4xx_hal.o
 .debug_macro   0x0000101c      0x34e ./system/src/stm32f4-hal/stm32f4xx_hal.o
 .debug_macro   0x0000136a       0x35 ./system/src/stm32f4-hal/stm32f4xx_hal.o
 .debug_macro   0x0000139f       0x50 ./system/src/stm32f4-hal/stm32f4xx_hal.o
 .debug_macro   0x000013ef      0xe66 ./system/src/stm32f4-hal/stm32f4xx_hal.o
 .debug_macro   0x00002255     0x9335 ./system/src/stm32f4-hal/stm32f4xx_hal.o
 .debug_macro   0x0000b58a       0x43 ./system/src/stm32f4-hal/stm32f4xx_hal.o
 .debug_macro   0x0000b5cd     0x3222 ./system/src/stm32f4-hal/stm32f4xx_hal.o
 .debug_macro   0x0000e7ef       0x58 ./system/src/stm32f4-hal/stm32f4xx_hal.o
 .debug_macro   0x0000e847       0x22 ./system/src/stm32f4-hal/stm32f4xx_hal.o
 .debug_macro   0x0000e869       0x35 ./system/src/stm32f4-hal/stm32f4xx_hal.o
 .debug_macro   0x0000e89e       0x9c ./system/src/stm32f4-hal/stm32f4xx_hal.o
 .debug_macro   0x0000e93a       0x16 ./system/src/stm32f4-hal/stm32f4xx_hal.o
 .debug_macro   0x0000e950       0x4a ./system/src/stm32f4-hal/stm32f4xx_hal.o
 .debug_macro   0x0000e99a       0x97 ./system/src/stm32f4-hal/stm32f4xx_hal.o
 .debug_macro   0x0000ea31      0x27a ./system/src/stm32f4-hal/stm32f4xx_hal.o
 .debug_macro   0x0000ecab       0xf6 ./system/src/stm32f4-hal/stm32f4xx_hal.o
 .debug_macro   0x0000eda1       0x10 ./system/src/stm32f4-hal/stm32f4xx_hal.o
 .debug_macro   0x0000edb1       0x52 ./system/src/stm32f4-hal/stm32f4xx_hal.o
 .debug_macro   0x0000ee03       0x16 ./system/src/stm32f4-hal/stm32f4xx_hal.o
 .debug_macro   0x0000ee19       0x43 ./system/src/stm32f4-hal/stm32f4xx_hal.o
 .debug_macro   0x0000ee5c      0x180 ./system/src/stm32f4-hal/stm32f4xx_hal.o
 .debug_macro   0x0000efdc       0x10 ./system/src/stm32f4-hal/stm32f4xx_hal.o
 .debug_macro   0x0000efec       0x22 ./system/src/stm32f4-hal/stm32f4xx_hal.o
 .debug_macro   0x0000f00e       0x22 ./system/src/stm32f4-hal/stm32f4xx_hal.o
 .debug_macro   0x0000f030       0xbe ./system/src/stm32f4-hal/stm32f4xx_hal.o
 .debug_macro   0x0000f0ee       0x16 ./system/src/stm32f4-hal/stm32f4xx_hal.o
 .debug_macro   0x0000f104      0x197 ./system/src/stm32f4-hal/stm32f4xx_hal.o
 .debug_macro   0x0000f29b       0x57 ./system/src/stm32f4-hal/stm32f4xx_hal.o
 .debug_macro   0x0000f2f2      0x71f ./system/src/stm32f4-hal/stm32f4xx_hal.o
 .debug_macro   0x0000fa11      0x8b5 ./system/src/stm32f4-hal/stm32f4xx_hal.o
 .debug_macro   0x000102c6      0x11e ./system/src/stm32f4-hal/stm32f4xx_hal.o
 .debug_macro   0x000103e4      0x13e ./system/src/stm32f4-hal/stm32f4xx_hal.o
 .debug_macro   0x00010522       0x27 ./system/src/stm32f4-hal/stm32f4xx_hal.o
 .debug_macro   0x00010549      0x272 ./system/src/stm32f4-hal/stm32f4xx_hal.o
 .debug_macro   0x000107bb       0x5f ./system/src/stm32f4-hal/stm32f4xx_hal.o
 .debug_macro   0x0001081a      0x241 ./system/src/stm32f4-hal/stm32f4xx_hal.o
 .debug_macro   0x00010a5b      0x31a ./system/src/stm32f4-hal/stm32f4xx_hal.o
 .debug_macro   0x00010d75      0x162 ./system/src/stm32f4-hal/stm32f4xx_hal.o
 .debug_macro   0x00010ed7       0xd6 ./system/src/stm32f4-hal/stm32f4xx_hal.o
 .debug_macro   0x00010fad      0x360 ./system/src/stm32f4-hal/stm32f4xx_hal.o
 .debug_macro   0x0001130d       0x23 ./system/src/stm32f4-hal/stm32f4xx_hal.o
 .debug_macro   0x00011330       0xe6 ./system/src/stm32f4-hal/stm32f4xx_hal.o
 .debug_macro   0x00011416       0xa1 ./system/src/stm32f4-hal/stm32f4xx_hal.o
 .debug_macro   0x000114b7       0x3c ./system/src/stm32f4-hal/stm32f4xx_hal.o
 .debug_macro   0x000114f3      0x1af ./system/src/stm32f4-hal/stm32f4xx_hal.o
 .debug_macro   0x000116a2      0xd93 ./system/src/stm32f4-hal/stm32f4xx_hal.o
 .debug_macro   0x00012435      0x13a ./system/src/stm32f4-hal/stm32f4xx_hal.o
 .debug_macro   0x0001256f      0x21e ./system/src/stm32f4-hal/stm32f4xx_hal.o
 .debug_macro   0x0001278d       0x2e ./system/src/stm32f4-hal/stm32f4xx_hal.o
 .debug_macro   0x000127bb      0x4ef ./system/src/stm32f4-hal/stm32f4xx_hal.o
 .debug_macro   0x00012caa       0x88 ./system/src/stm32f4-hal/stm32f4xx_hal.o
 .debug_macro   0x00012d32       0xd5 ./system/src/stm32f4-hal/stm32f4xx_hal.o
 .debug_macro   0x00012e07      0x183 ./system/src/stm32f4-hal/stm32f4xx_hal.o
 .debug_macro   0x00012f8a      0x17d ./system/src/stm32f4-hal/stm32f4xx_hal.o
 .debug_macro   0x00013107       0x9e ./system/src/stm32f4-hal/stm32f4xx_hal.o
 .debug_macro   0x000131a5      0x18b ./system/src/stm32f4-hal/stm32f4xx_hal.o
 .debug_macro   0x00013330       0x24 ./system/src/stm32f4-hal/stm32f4xx_hal.o
 .debug_macro   0x00013354       0x35 ./system/src/stm32f4-hal/stm32f4xx_hal.o
 .debug_macro   0x00013389       0x97 ./system/src/stm32f4-hal/stm32f4xx_hal.o
 .debug_macro   0x00013420      0x11e ./system/src/stm32f4-hal/stm32f4xx_hal.o
 .debug_macro   0x0001353e       0x7f ./system/src/stm32f4-hal/stm32f4xx_hal.o
 .debug_macro   0x000135bd       0x89 ./system/src/stm32f4-hal/stm32f4xx_hal.o
 .debug_macro   0x00013646       0x7e ./system/src/stm32f4-hal/stm32f4xx_hal.o
 .debug_macro   0x000136c4      0x31a ./system/src/stm32f4-hal/stm32f4xx_hal.o
 .debug_macro   0x000139de      0x409 ./system/src/stm32f4-hal/stm32f4xx_hal.o
 .debug_macro   0x00013de7       0xe4 ./system/src/stm32f4-hal/stm32f4xx_hal.o
 .debug_macro   0x00013ecb      0x48d ./system/src/stm32f4-hal/stm32f4xx_hal.o
 .debug_macro   0x00014358      0x22b ./system/src/stm32f4-hal/stm32f4xx_hal.o
 .debug_macro   0x00014583      0x202 ./system/src/stm32f4-hal/stm32f4xx_hal.o
 .debug_macro   0x00014785      0x6d9 ./system/src/stm32f4-hal/stm32f4xx_hal.o
 .debug_macro   0x00014e5e       0x59 ./system/src/stm32f4-hal/stm32f4xx_hal.o
 .debug_macro   0x00014eb7      0x14d ./system/src/stm32f4-hal/stm32f4xx_hal.o
 .debug_macro   0x00015004      0x287 ./system/src/stm32f4-hal/stm32f4xx_hal.o
 .debug_macro   0x0001528b      0x225 ./system/src/stm32f4-hal/stm32f4xx_hal.o
 .debug_macro   0x000154b0      0x1b5 ./system/src/stm32f4-hal/stm32f4xx_hal.o
 .debug_macro   0x00015665      0x2db ./system/src/stm32f4-hal/stm32f4xx_hal.o
 .debug_macro   0x00015940       0x94 ./system/src/stm32f4-hal/stm32f4xx_hal.o
 .debug_macro   0x000159d4      0x1df ./system/src/stm32f4-hal/stm32f4xx_hal.o
 .debug_macro   0x00015bb3      0x11c ./system/src/stm32f4-hal/stm32f4xx_hal.o
 .debug_macro   0x00015ccf       0x75 ./system/src/stm32f4-hal/stm32f4xx_hal.o
 .debug_macro   0x00015d44      0x125 ./system/src/stm32f4-hal/stm32f4xx_hal.o
 .debug_macro   0x00015e69      0x477 ./system/src/stm32f4-hal/stm32f4xx_hal_cortex.o
 .debug_macro   0x000162e0      0x4af ./system/src/stm32f4-hal/stm32f4xx_hal_gpio.o
 .debug_macro   0x0001678f      0x4a1 ./system/src/stm32f4-hal/stm32f4xx_hal_rcc.o
 .debug_macro   0x00016c30      0x131 ./system/src/newlib/_exit.o
 .debug_macro   0x00016d61      0x10e ./system/src/newlib/_exit.o
 .debug_macro   0x00016e6f       0x86 ./system/src/newlib/_exit.o
 .debug_macro   0x00016ef5       0x35 ./system/src/newlib/_exit.o
 .debug_macro   0x00016f2a       0xf7 ./system/src/newlib/_startup.o
 .debug_macro   0x00017021      0x892 ./system/src/newlib/_startup.o
 .debug_macro   0x000178b3      0x1ad ./system/src/newlib/_syscalls.o
 .debug_macro   0x00017a60       0x1c ./system/src/newlib/_syscalls.o
 .debug_macro   0x00017a7c       0x10 ./system/src/newlib/_syscalls.o
 .debug_macro   0x00017a8c       0x10 ./system/src/newlib/_syscalls.o
 .debug_macro   0x00017a9c       0x10 ./system/src/newlib/_syscalls.o
 .debug_macro   0x00017aac       0x10 ./system/src/newlib/_syscalls.o
 .debug_macro   0x00017abc       0x35 ./system/src/newlib/_syscalls.o
 .debug_macro   0x00017af1      0x122 ./system/src/newlib/_syscalls.o
 .debug_macro   0x00017c13       0x2e ./system/src/newlib/_syscalls.o
 .debug_macro   0x00017c41       0x82 ./system/src/newlib/_syscalls.o
 .debug_macro   0x00017cc3       0x2b ./system/src/newlib/_syscalls.o
 .debug_macro   0x00017cee      0x118 ./system/src/newlib/_syscalls.o
 .debug_macro   0x00017e06      0x159 ./system/src/newlib/_syscalls.o
 .debug_macro   0x00017f5f       0x16 ./system/src/newlib/_syscalls.o
 .debug_macro   0x00017f75      0x14d ./system/src/newlib/assert.o
 .debug_macro   0x000180c2       0x1c ./system/src/newlib/assert.o
 .debug_macro   0x000180de      0x481 ./system/src/cortexm/_initialize_hardware.o
 .debug_macro   0x0001855f      0x4d6 ./system/src/cortexm/exception_handlers.o
 .debug_macro   0x00018a35       0x3b ./system/src/cortexm/exception_handlers.o
 .debug_macro   0x00018a70       0x22 ./system/src/cortexm/exception_handlers.o
 .debug_macro   0x00018a92       0x16 ./system/src/cortexm/exception_handlers.o
 .debug_macro   0x00018aa8      0x47d ./system/src/cmsis/system_stm32f4xx.o
 .debug_macro   0x00018f25       0x34 ./system/src/cmsis/vectors_stm32f407xx.o
 .debug_macro   0x00018f59      0x486 ./src/BlinkLed.o
 .debug_macro   0x000193df       0x28 ./src/BlinkLed.o
 .debug_macro   0x00019407      0x49a ./src/Timer.o
 .debug_macro   0x000198a1       0x10 ./src/Timer.o
 .debug_macro   0x000198b1      0x477 ./src/_initialize_hardware.o
 .debug_macro   0x00019d28      0x505 ./src/main.o
 .debug_macro   0x0001a22d       0x2e ./src/main.o
 .debug_macro   0x0001a25b      0x477 ./src/stm32f4xx_hal_msp.o
