Archive member included to satisfy reference by file (symbol)

/opt/st/stm32cubeide_1.6.1/plugins/com.st.stm32cube.ide.mcu.externaltools.gnu-tools-for-stm32.9-2020-q2-update.linux64_1.5.0.202011040924/tools/bin/../lib/gcc/arm-none-eabi/9.3.1/../../../../arm-none-eabi/lib/thumb/v7e-m+fp/hard/libc_nano.a(lib_a-errno.o)
                              Core/Src/syscalls.o (__errno)
/opt/st/stm32cubeide_1.6.1/plugins/com.st.stm32cube.ide.mcu.externaltools.gnu-tools-for-stm32.9-2020-q2-update.linux64_1.5.0.202011040924/tools/bin/../lib/gcc/arm-none-eabi/9.3.1/../../../../arm-none-eabi/lib/thumb/v7e-m+fp/hard/libc_nano.a(lib_a-exit.o)
                              /opt/st/stm32cubeide_1.6.1/plugins/com.st.stm32cube.ide.mcu.externaltools.gnu-tools-for-stm32.9-2020-q2-update.linux64_1.5.0.202011040924/tools/bin/../lib/gcc/arm-none-eabi/9.3.1/../../../../arm-none-eabi/lib/thumb/v7e-m+fp/hard/crt0.o (exit)
/opt/st/stm32cubeide_1.6.1/plugins/com.st.stm32cube.ide.mcu.externaltools.gnu-tools-for-stm32.9-2020-q2-update.linux64_1.5.0.202011040924/tools/bin/../lib/gcc/arm-none-eabi/9.3.1/../../../../arm-none-eabi/lib/thumb/v7e-m+fp/hard/libc_nano.a(lib_a-impure.o)
                              /opt/st/stm32cubeide_1.6.1/plugins/com.st.stm32cube.ide.mcu.externaltools.gnu-tools-for-stm32.9-2020-q2-update.linux64_1.5.0.202011040924/tools/bin/../lib/gcc/arm-none-eabi/9.3.1/../../../../arm-none-eabi/lib/thumb/v7e-m+fp/hard/libc_nano.a(lib_a-exit.o) (_global_impure_ptr)
/opt/st/stm32cubeide_1.6.1/plugins/com.st.stm32cube.ide.mcu.externaltools.gnu-tools-for-stm32.9-2020-q2-update.linux64_1.5.0.202011040924/tools/bin/../lib/gcc/arm-none-eabi/9.3.1/../../../../arm-none-eabi/lib/thumb/v7e-m+fp/hard/libc_nano.a(lib_a-init.o)
                              /opt/st/stm32cubeide_1.6.1/plugins/com.st.stm32cube.ide.mcu.externaltools.gnu-tools-for-stm32.9-2020-q2-update.linux64_1.5.0.202011040924/tools/bin/../lib/gcc/arm-none-eabi/9.3.1/../../../../arm-none-eabi/lib/thumb/v7e-m+fp/hard/crt0.o (__libc_init_array)
/opt/st/stm32cubeide_1.6.1/plugins/com.st.stm32cube.ide.mcu.externaltools.gnu-tools-for-stm32.9-2020-q2-update.linux64_1.5.0.202011040924/tools/bin/../lib/gcc/arm-none-eabi/9.3.1/../../../../arm-none-eabi/lib/thumb/v7e-m+fp/hard/libc_nano.a(lib_a-memset.o)
                              /opt/st/stm32cubeide_1.6.1/plugins/com.st.stm32cube.ide.mcu.externaltools.gnu-tools-for-stm32.9-2020-q2-update.linux64_1.5.0.202011040924/tools/bin/../lib/gcc/arm-none-eabi/9.3.1/../../../../arm-none-eabi/lib/thumb/v7e-m+fp/hard/crt0.o (memset)

Allocating common symbols
Common symbol       size              file

hdfsdm1_channel1    0x38              Core/Src/main.o
hUsbDeviceFS        0x2d0             USB_DEVICE/App/usb_device.o
hdac1               0x14              Core/Src/main.o
hdma_dfsdm1_flt2    0x48              Core/Src/main.o
hpcd_USB_OTG_FS     0x408             USB_DEVICE/Target/usbd_conf.o
hdfsdm1_filter0     0x54              Core/Src/main.o
hdma_tim2_up        0x48              Core/Src/main.o
buffoutmoy          0x20              Core/Src/main.o
uwTick              0x4               Drivers/STM32L4xx_HAL_Driver/Src/stm32l4xx_hal.o
hdfsdm1_channel3    0x38              Core/Src/main.o
buffin_1            0x20              Core/Src/main.o
hdfsdm1_filter2     0x54              Core/Src/main.o
hdma_dfsdm1_flt1    0x48              Core/Src/main.o
hdma_dfsdm1_flt0    0x48              Core/Src/main.o
hdfsdm1_filter1     0x54              Core/Src/main.o
hdma_dac_ch2        0x48              Core/Src/main.o
buffin_0            0x20              Core/Src/main.o
htim2               0x4c              Core/Src/main.o
USBD_StrDesc        0x200             USB_DEVICE/App/usbd_desc.o
hdfsdm1_channel2    0x38              Core/Src/main.o
buffout             0x10              Core/Src/main.o

Discarded input sections

 .text          0x0000000000000000        0x0 /opt/st/stm32cubeide_1.6.1/plugins/com.st.stm32cube.ide.mcu.externaltools.gnu-tools-for-stm32.9-2020-q2-update.linux64_1.5.0.202011040924/tools/bin/../lib/gcc/arm-none-eabi/9.3.1/thumb/v7e-m+fp/hard/crti.o
 .data          0x0000000000000000        0x0 /opt/st/stm32cubeide_1.6.1/plugins/com.st.stm32cube.ide.mcu.externaltools.gnu-tools-for-stm32.9-2020-q2-update.linux64_1.5.0.202011040924/tools/bin/../lib/gcc/arm-none-eabi/9.3.1/thumb/v7e-m+fp/hard/crti.o
 .bss           0x0000000000000000        0x0 /opt/st/stm32cubeide_1.6.1/plugins/com.st.stm32cube.ide.mcu.externaltools.gnu-tools-for-stm32.9-2020-q2-update.linux64_1.5.0.202011040924/tools/bin/../lib/gcc/arm-none-eabi/9.3.1/thumb/v7e-m+fp/hard/crti.o
 .data          0x0000000000000000        0x4 /opt/st/stm32cubeide_1.6.1/plugins/com.st.stm32cube.ide.mcu.externaltools.gnu-tools-for-stm32.9-2020-q2-update.linux64_1.5.0.202011040924/tools/bin/../lib/gcc/arm-none-eabi/9.3.1/thumb/v7e-m+fp/hard/crtbegin.o
[...]
Memory Configuration

Name             Origin             Length             Attributes
RAM              0x0000000020000000 0x0000000000018000 xrw
RAM2             0x0000000010000000 0x0000000000008000 xrw
FLASH            0x0000000008000000 0x0000000000100000 xr
*default*        0x0000000000000000 0xffffffffffffffff

Linker script and memory map

LOAD /opt/st/stm32cubeide_1.6.1/plugins/com.st.stm32cube.ide.mcu.externaltools.gnu-tools-for-stm32.9-2020-q2-update.linux64_1.5.0.202011040924/tools/bin/../lib/gcc/arm-none-eabi/9.3.1/thumb/v7e-m+fp/hard/crti.o
LOAD /opt/st/stm32cubeide_1.6.1/plugins/com.st.stm32cube.ide.mcu.externaltools.gnu-tools-for-stm32.9-2020-q2-update.linux64_1.5.0.202011040924/tools/bin/../lib/gcc/arm-none-eabi/9.3.1/thumb/v7e-m+fp/hard/crtbegin.o
LOAD /opt/st/stm32cubeide_1.6.1/plugins/com.st.stm32cube.ide.mcu.externaltools.gnu-tools-for-stm32.9-2020-q2-update.linux64_1.5.0.202011040924/tools/bin/../lib/gcc/arm-none-eabi/9.3.1/../../../../arm-none-eabi/lib/thumb/v7e-m+fp/hard/crt0.o
LOAD Core/Src/main.o
LOAD Core/Src/stm32l4xx_hal_msp.o
LOAD Core/Src/stm32l4xx_it.o
LOAD Core/Src/syscalls.o
LOAD Core/Src/sysmem.o
LOAD Core/Src/system_stm32l4xx.o
LOAD Core/Startup/startup_stm32l475vgtx.o
LOAD Drivers/BSP/stm32l475e_iot01.o
LOAD Drivers/STM32L4xx_HAL_Driver/Src/stm32l4xx_hal.o
LOAD Drivers/STM32L4xx_HAL_Driver/Src/stm32l4xx_hal_cortex.o
LOAD Drivers/STM32L4xx_HAL_Driver/Src/stm32l4xx_hal_dac.o
LOAD Drivers/STM32L4xx_HAL_Driver/Src/stm32l4xx_hal_dac_ex.o
LOAD Drivers/STM32L4xx_HAL_Driver/Src/stm32l4xx_hal_dfsdm.o
LOAD Drivers/STM32L4xx_HAL_Driver/Src/stm32l4xx_hal_dma.o
LOAD Drivers/STM32L4xx_HAL_Driver/Src/stm32l4xx_hal_dma_ex.o
LOAD Drivers/STM32L4xx_HAL_Driver/Src/stm32l4xx_hal_exti.o
LOAD Drivers/STM32L4xx_HAL_Driver/Src/stm32l4xx_hal_flash.o
LOAD Drivers/STM32L4xx_HAL_Driver/Src/stm32l4xx_hal_flash_ex.o
LOAD Drivers/STM32L4xx_HAL_Driver/Src/stm32l4xx_hal_flash_ramfunc.o
LOAD Drivers/STM32L4xx_HAL_Driver/Src/stm32l4xx_hal_gpio.o
LOAD Drivers/STM32L4xx_HAL_Driver/Src/stm32l4xx_hal_i2c.o
LOAD Drivers/STM32L4xx_HAL_Driver/Src/stm32l4xx_hal_i2c_ex.o
LOAD Drivers/STM32L4xx_HAL_Driver/Src/stm32l4xx_hal_pcd.o
LOAD Drivers/STM32L4xx_HAL_Driver/Src/stm32l4xx_hal_pcd_ex.o
LOAD Drivers/STM32L4xx_HAL_Driver/Src/stm32l4xx_hal_pwr.o
LOAD Drivers/STM32L4xx_HAL_Driver/Src/stm32l4xx_hal_pwr_ex.o
LOAD Drivers/STM32L4xx_HAL_Driver/Src/stm32l4xx_hal_rcc.o
LOAD Drivers/STM32L4xx_HAL_Driver/Src/stm32l4xx_hal_rcc_ex.o
LOAD Drivers/STM32L4xx_HAL_Driver/Src/stm32l4xx_hal_tim.o
LOAD Drivers/STM32L4xx_HAL_Driver/Src/stm32l4xx_hal_tim_ex.o
LOAD Drivers/STM32L4xx_HAL_Driver/Src/stm32l4xx_ll_usb.o
LOAD Middlewares/ST/STM32_USB_Device_Library/Class/AUDIO/Src/usbd_audio.o
LOAD Middlewares/ST/STM32_USB_Device_Library/Core/Src/usbd_core.o
LOAD Middlewares/ST/STM32_USB_Device_Library/Core/Src/usbd_ctlreq.o
LOAD Middlewares/ST/STM32_USB_Device_Library/Core/Src/usbd_ioreq.o
LOAD USB_DEVICE/App/usb_device.o
LOAD USB_DEVICE/App/usbd_audio_if.o
LOAD USB_DEVICE/App/usbd_desc.o
LOAD USB_DEVICE/Target/usbd_conf.o
START GROUP
LOAD /opt/st/stm32cubeide_1.6.1/plugins/com.st.stm32cube.ide.mcu.externaltools.gnu-tools-for-stm32.9-2020-q2-update.linux64_1.5.0.202011040924/tools/bin/../lib/gcc/arm-none-eabi/9.3.1/../../../../arm-none-eabi/lib/thumb/v7e-m+fp/hard/libc_nano.a
LOAD /opt/st/stm32cubeide_1.6.1/plugins/com.st.stm32cube.ide.mcu.externaltools.gnu-tools-for-stm32.9-2020-q2-update.linux64_1.5.0.202011040924/tools/bin/../lib/gcc/arm-none-eabi/9.3.1/../../../../arm-none-eabi/lib/thumb/v7e-m+fp/hard/libm.a
END GROUP
START GROUP
LOAD /opt/st/stm32cubeide_1.6.1/plugins/com.st.stm32cube.ide.mcu.externaltools.gnu-tools-for-stm32.9-2020-q2-update.linux64_1.5.0.202011040924/tools/bin/../lib/gcc/arm-none-eabi/9.3.1/thumb/v7e-m+fp/hard/libgcc.a
LOAD /opt/st/stm32cubeide_1.6.1/plugins/com.st.stm32cube.ide.mcu.externaltools.gnu-tools-for-stm32.9-2020-q2-update.linux64_1.5.0.202011040924/tools/bin/../lib/gcc/arm-none-eabi/9.3.1/../../../../arm-none-eabi/lib/thumb/v7e-m+fp/hard/libc_nano.a
END GROUP
START GROUP
LOAD /opt/st/stm32cubeide_1.6.1/plugins/com.st.stm32cube.ide.mcu.externaltools.gnu-tools-for-stm32.9-2020-q2-update.linux64_1.5.0.202011040924/tools/bin/../lib/gcc/arm-none-eabi/9.3.1/thumb/v7e-m+fp/hard/libgcc.a
LOAD /opt/st/stm32cubeide_1.6.1/plugins/com.st.stm32cube.ide.mcu.externaltools.gnu-tools-for-stm32.9-2020-q2-update.linux64_1.5.0.202011040924/tools/bin/../lib/gcc/arm-none-eabi/9.3.1/../../../../arm-none-eabi/lib/thumb/v7e-m+fp/hard/libc_nano.a
LOAD /opt/st/stm32cubeide_1.6.1/plugins/com.st.stm32cube.ide.mcu.externaltools.gnu-tools-for-stm32.9-2020-q2-update.linux64_1.5.0.202011040924/tools/bin/../lib/gcc/arm-none-eabi/9.3.1/../../../../arm-none-eabi/lib/thumb/v7e-m+fp/hard/libnosys.a
END GROUP
START GROUP
LOAD /opt/st/stm32cubeide_1.6.1/plugins/com.st.stm32cube.ide.mcu.externaltools.gnu-tools-for-stm32.9-2020-q2-update.linux64_1.5.0.202011040924/tools/bin/../lib/gcc/arm-none-eabi/9.3.1/thumb/v7e-m+fp/hard/libgcc.a
LOAD /opt/st/stm32cubeide_1.6.1/plugins/com.st.stm32cube.ide.mcu.externaltools.gnu-tools-for-stm32.9-2020-q2-update.linux64_1.5.0.202011040924/tools/bin/../lib/gcc/arm-none-eabi/9.3.1/../../../../arm-none-eabi/lib/thumb/v7e-m+fp/hard/libc_nano.a
LOAD /opt/st/stm32cubeide_1.6.1/plugins/com.st.stm32cube.ide.mcu.externaltools.gnu-tools-for-stm32.9-2020-q2-update.linux64_1.5.0.202011040924/tools/bin/../lib/gcc/arm-none-eabi/9.3.1/../../../../arm-none-eabi/lib/thumb/v7e-m+fp/hard/libnosys.a
END GROUP
LOAD /opt/st/stm32cubeide_1.6.1/plugins/com.st.stm32cube.ide.mcu.externaltools.gnu-tools-for-stm32.9-2020-q2-update.linux64_1.5.0.202011040924/tools/bin/../lib/gcc/arm-none-eabi/9.3.1/thumb/v7e-m+fp/hard/crtend.o
LOAD /opt/st/stm32cubeide_1.6.1/plugins/com.st.stm32cube.ide.mcu.externaltools.gnu-tools-for-stm32.9-2020-q2-update.linux64_1.5.0.202011040924/tools/bin/../lib/gcc/arm-none-eabi/9.3.1/thumb/v7e-m+fp/hard/crtn.o
                0x0000000020018000                _estack = (ORIGIN (RAM) + LENGTH (RAM))
                0x0000000000000200                _Min_Heap_Size = 0x200
                0x0000000000000400                _Min_Stack_Size = 0x400

.isr_vector     0x0000000008000000      0x188
                0x0000000008000000                . = ALIGN (0x4)
 *(.isr_vector)
 .isr_vector    0x0000000008000000      0x188 Core/Startup/startup_stm32l475vgtx.o
                0x0000000008000000                g_pfnVectors
                0x0000000008000188                . = ALIGN (0x4)

.text           0x0000000008000188     0x913c
                0x0000000008000188                . = ALIGN (0x4)
 *(.text)
 .text          0x0000000008000188       0x40 /opt/st/stm32cubeide_1.6.1/plugins/com.st.stm32cube.ide.mcu.externaltools.gnu-tools-for-stm32.9-2020-q2-update.linux64_1.5.0.202011040924/tools/bin/../lib/gcc/arm-none-eabi/9.3.1/thumb/v7e-m+fp/hard/crtbegin.o
 *(.text*)
 .text.HAL_DFSDM_FilterRegConvCpltCallback
                0x00000000080001c8       0x54 Core/Src/main.o
                0x00000000080001c8                HAL_DFSDM_FilterRegConvCpltCallback
 .text.HAL_DFSDM_FilterRegConvHalfCpltCallback
                0x000000000800021c       0x54 Core/Src/main.o
                0x000000000800021c                HAL_DFSDM_FilterRegConvHalfCpltCallback
 .text.main     0x0000000008000270       0xa4 Core/Src/main.o
                0x0000000008000270                main
 .text.SystemClock_Config
                0x0000000008000314      0x158 Core/Src/main.o
                0x0000000008000314                SystemClock_Config
 .text.MX_DAC1_Init
                0x000000000800046c       0x64 Core/Src/main.o
 .text.MX_DFSDM1_Init
                0x00000000080004d0      0x258 Core/Src/main.o
 .text.MX_TIM2_Init
                0x0000000008000728       0x9c Core/Src/main.o
 .text.MX_DMA_Init
                0x00000000080007c4       0x94 Core/Src/main.o
 .text.MX_GPIO_Init
                0x0000000008000858      0x414 Core/Src/main.o
 .text.HALSUCKS_TIM_Base_Start_DMA
                0x0000000008000c6c      0x12c Core/Src/main.o
 .text.Error_Handler
                0x0000000008000d98        0xa Core/Src/main.o
                0x0000000008000d98                Error_Handler
 *fill*         0x0000000008000da2        0x2 
 .text.HAL_MspInit
                0x0000000008000da4       0x48 Core/Src/stm32l4xx_hal_msp.o
                0x0000000008000da4                HAL_MspInit
 .text.HAL_DAC_MspInit
                0x0000000008000dec       0xdc Core/Src/stm32l4xx_hal_msp.o
                0x0000000008000dec                HAL_DAC_MspInit
 .text.HAL_DFSDM_FilterMspInit
                0x0000000008000ec8      0x214 Core/Src/stm32l4xx_hal_msp.o
                0x0000000008000ec8                HAL_DFSDM_FilterMspInit
 .text.HAL_DFSDM_ChannelMspInit
                0x00000000080010dc       0xa8 Core/Src/stm32l4xx_hal_msp.o
                0x00000000080010dc                HAL_DFSDM_ChannelMspInit
 .text.HAL_TIM_Base_MspInit
                0x0000000008001184       0xe0 Core/Src/stm32l4xx_hal_msp.o
                0x0000000008001184                HAL_TIM_Base_MspInit
 .text.NMI_Handler
                0x0000000008001264        0x6 Core/Src/stm32l4xx_it.o
                0x0000000008001264                NMI_Handler
 .text.HardFault_Handler
                0x000000000800126a        0x6 Core/Src/stm32l4xx_it.o
                0x000000000800126a                HardFault_Handler
 .text.MemManage_Handler
                0x0000000008001270        0x6 Core/Src/stm32l4xx_it.o
                0x0000000008001270                MemManage_Handler
 .text.BusFault_Handler
                0x0000000008001276        0x6 Core/Src/stm32l4xx_it.o
                0x0000000008001276                BusFault_Handler
 .text.UsageFault_Handler
                0x000000000800127c        0x6 Core/Src/stm32l4xx_it.o
                0x000000000800127c                UsageFault_Handler
 .text.SVC_Handler
                0x0000000008001282        0xe Core/Src/stm32l4xx_it.o
                0x0000000008001282                SVC_Handler
 .text.DebugMon_Handler
                0x0000000008001290        0xe Core/Src/stm32l4xx_it.o
                0x0000000008001290                DebugMon_Handler
 .text.PendSV_Handler
                0x000000000800129e        0xe Core/Src/stm32l4xx_it.o
                0x000000000800129e                PendSV_Handler
 .text.SysTick_Handler
                0x00000000080012ac        0xc Core/Src/stm32l4xx_it.o
                0x00000000080012ac                SysTick_Handler
 .text.DMA1_Channel2_IRQHandler
                0x00000000080012b8       0x14 Core/Src/stm32l4xx_it.o
                0x00000000080012b8                DMA1_Channel2_IRQHandler
 .text.DMA1_Channel4_IRQHandler
                0x00000000080012cc       0x14 Core/Src/stm32l4xx_it.o
                0x00000000080012cc                DMA1_Channel4_IRQHandler
 .text.DMA1_Channel5_IRQHandler
                0x00000000080012e0       0x14 Core/Src/stm32l4xx_it.o
                0x00000000080012e0                DMA1_Channel5_IRQHandler
 .text.DMA1_Channel6_IRQHandler
                0x00000000080012f4       0x14 Core/Src/stm32l4xx_it.o
                0x00000000080012f4                DMA1_Channel6_IRQHandler
 .text.EXTI9_5_IRQHandler
                0x0000000008001308       0x22 Core/Src/stm32l4xx_it.o
                0x0000000008001308                EXTI9_5_IRQHandler
 .text.EXTI15_10_IRQHandler
                0x000000000800132a       0x30 Core/Src/stm32l4xx_it.o
                0x000000000800132a                EXTI15_10_IRQHandler
 *fill*         0x000000000800135a        0x2 
 .text.DMA2_Channel5_IRQHandler
                0x000000000800135c       0x14 Core/Src/stm32l4xx_it.o
                0x000000000800135c                DMA2_Channel5_IRQHandler
 .text.OTG_FS_IRQHandler
                0x0000000008001370       0x14 Core/Src/stm32l4xx_it.o
                0x0000000008001370                OTG_FS_IRQHandler
 .text.SystemInit
                0x0000000008001384       0x64 Core/Src/system_stm32l4xx.o
                0x0000000008001384                SystemInit
 .text.Reset_Handler
                0x00000000080013e8       0x50 Core/Startup/startup_stm32l475vgtx.o
                0x00000000080013e8                Reset_Handler
 .text.Default_Handler
                0x0000000008001438        0x2 Core/Startup/startup_stm32l475vgtx.o
                0x0000000008001438                RTC_Alarm_IRQHandler
                0x0000000008001438                EXTI2_IRQHandler
                0x0000000008001438                TIM8_TRG_COM_IRQHandler
                0x0000000008001438                TIM8_CC_IRQHandler
                0x0000000008001438                TIM1_CC_IRQHandler
                0x0000000008001438                TSC_IRQHandler
                0x0000000008001438                TAMP_STAMP_IRQHandler
                0x0000000008001438                EXTI3_IRQHandler
                0x0000000008001438                LPTIM2_IRQHandler
                0x0000000008001438                DFSDM1_FLT1_IRQHandler
                0x0000000008001438                I2C3_ER_IRQHandler
                0x0000000008001438                DFSDM1_FLT2_IRQHandler
                0x0000000008001438                EXTI0_IRQHandler
                0x0000000008001438                I2C2_EV_IRQHandler
                0x0000000008001438                CAN1_RX0_IRQHandler
                0x0000000008001438                FPU_IRQHandler
                0x0000000008001438                TIM1_UP_TIM16_IRQHandler
                0x0000000008001438                ADC1_2_IRQHandler
                0x0000000008001438                SPI1_IRQHandler
                0x0000000008001438                TIM6_DAC_IRQHandler
                0x0000000008001438                TIM8_UP_IRQHandler
                0x0000000008001438                DMA2_Channel2_IRQHandler
                0x0000000008001438                SAI2_IRQHandler
                0x0000000008001438                DFSDM1_FLT3_IRQHandler
                0x0000000008001438                USART3_IRQHandler
                0x0000000008001438                DMA1_Channel7_IRQHandler
                0x0000000008001438                CAN1_RX1_IRQHandler
                0x0000000008001438                UART5_IRQHandler
                0x0000000008001438                ADC3_IRQHandler
                0x0000000008001438                TIM4_IRQHandler
                0x0000000008001438                DMA2_Channel1_IRQHandler
                0x0000000008001438                QUADSPI_IRQHandler
                0x0000000008001438                I2C1_EV_IRQHandler
                0x0000000008001438                UART4_IRQHandler
                0x0000000008001438                DMA2_Channel4_IRQHandler
                0x0000000008001438                TIM3_IRQHandler
                0x0000000008001438                RCC_IRQHandler
                0x0000000008001438                DMA1_Channel1_IRQHandler
                0x0000000008001438                Default_Handler
                0x0000000008001438                DMA2_Channel7_IRQHandler
                0x0000000008001438                TIM7_IRQHandler
                0x0000000008001438                SDMMC1_IRQHandler
                0x0000000008001438                TIM5_IRQHandler
                0x0000000008001438                I2C3_EV_IRQHandler
                0x0000000008001438                RTC_WKUP_IRQHandler
                0x0000000008001438                PVD_PVM_IRQHandler
                0x0000000008001438                SPI2_IRQHandler
                0x0000000008001438                CAN1_TX_IRQHandler
                0x0000000008001438                EXTI4_IRQHandler
                0x0000000008001438                RNG_IRQHandler
                0x0000000008001438                TIM1_TRG_COM_TIM17_IRQHandler
                0x0000000008001438                DMA1_Channel3_IRQHandler
                0x0000000008001438                COMP_IRQHandler
                0x0000000008001438                WWDG_IRQHandler
                0x0000000008001438                LPUART1_IRQHandler
                0x0000000008001438                DMA2_Channel6_IRQHandler
                0x0000000008001438                TIM2_IRQHandler
                0x0000000008001438                EXTI1_IRQHandler
                0x0000000008001438                USART2_IRQHandler
                0x0000000008001438                DFSDM1_FLT0_IRQHandler
                0x0000000008001438                I2C2_ER_IRQHandler
                0x0000000008001438                TIM8_BRK_IRQHandler
                0x0000000008001438                CAN1_SCE_IRQHandler
                0x0000000008001438                FLASH_IRQHandler
                0x0000000008001438                USART1_IRQHandler
                0x0000000008001438                SPI3_IRQHandler
                0x0000000008001438                I2C1_ER_IRQHandler
                0x0000000008001438                FMC_IRQHandler
                0x0000000008001438                SWPMI1_IRQHandler
                0x0000000008001438                LPTIM1_IRQHandler
                0x0000000008001438                SAI1_IRQHandler
                0x0000000008001438                DMA2_Channel3_IRQHandler
                0x0000000008001438                TIM1_BRK_TIM15_IRQHandler
 .text.HAL_Init
                0x000000000800143a       0x30 Drivers/STM32L4xx_HAL_Driver/Src/stm32l4xx_hal.o
                0x000000000800143a                HAL_Init
 *fill*         0x000000000800146a        0x2 
 .text.HAL_InitTick
                0x000000000800146c       0x78 Drivers/STM32L4xx_HAL_Driver/Src/stm32l4xx_hal.o
                0x000000000800146c                HAL_InitTick
 .text.HAL_IncTick
                0x00000000080014e4       0x28 Drivers/STM32L4xx_HAL_Driver/Src/stm32l4xx_hal.o
                0x00000000080014e4                HAL_IncTick
 .text.HAL_GetTick
                0x000000000800150c       0x18 Drivers/STM32L4xx_HAL_Driver/Src/stm32l4xx_hal.o
                0x000000000800150c                HAL_GetTick
 .text.HAL_Delay
                0x0000000008001524       0x48 Drivers/STM32L4xx_HAL_Driver/Src/stm32l4xx_hal.o
                0x0000000008001524                HAL_Delay
 .text.__NVIC_SetPriorityGrouping
                0x000000000800156c       0x48 Drivers/STM32L4xx_HAL_Driver/Src/stm32l4xx_hal_cortex.o
 .text.__NVIC_GetPriorityGrouping
                0x00000000080015b4       0x1c Drivers/STM32L4xx_HAL_Driver/Src/stm32l4xx_hal_cortex.o
 .text.__NVIC_EnableIRQ
                0x00000000080015d0       0x3c Drivers/STM32L4xx_HAL_Driver/Src/stm32l4xx_hal_cortex.o
 .text.__NVIC_SetPriority
                0x000000000800160c       0x54 Drivers/STM32L4xx_HAL_Driver/Src/stm32l4xx_hal_cortex.o
 .text.NVIC_EncodePriority
                0x0000000008001660       0x66 Drivers/STM32L4xx_HAL_Driver/Src/stm32l4xx_hal_cortex.o
 *fill*         0x00000000080016c6        0x2 
 .text.SysTick_Config
                0x00000000080016c8       0x44 Drivers/STM32L4xx_HAL_Driver/Src/stm32l4xx_hal_cortex.o
 .text.HAL_NVIC_SetPriorityGrouping
                0x000000000800170c       0x16 Drivers/STM32L4xx_HAL_Driver/Src/stm32l4xx_hal_cortex.o
                0x000000000800170c                HAL_NVIC_SetPriorityGrouping
 .text.HAL_NVIC_SetPriority
                0x0000000008001722       0x38 Drivers/STM32L4xx_HAL_Driver/Src/stm32l4xx_hal_cortex.o
                0x0000000008001722                HAL_NVIC_SetPriority
 .text.HAL_NVIC_EnableIRQ
                0x000000000800175a       0x1c Drivers/STM32L4xx_HAL_Driver/Src/stm32l4xx_hal_cortex.o
                0x000000000800175a                HAL_NVIC_EnableIRQ
 .text.HAL_SYSTICK_Config
                0x0000000008001776       0x18 Drivers/STM32L4xx_HAL_Driver/Src/stm32l4xx_hal_cortex.o
                0x0000000008001776                HAL_SYSTICK_Config
 .text.HAL_DAC_Init
                0x000000000800178e       0x44 Drivers/STM32L4xx_HAL_Driver/Src/stm32l4xx_hal_dac.o
                0x000000000800178e                HAL_DAC_Init
 .text.HAL_DAC_Start
                0x00000000080017d2       0x9a Drivers/STM32L4xx_HAL_Driver/Src/stm32l4xx_hal_dac.o
                0x00000000080017d2                HAL_DAC_Start
 .text.HAL_DAC_Start_DMA
                0x000000000800186c      0x198 Drivers/STM32L4xx_HAL_Driver/Src/stm32l4xx_hal_dac.o
                0x000000000800186c                HAL_DAC_Start_DMA
 .text.HAL_DAC_ConvCpltCallbackCh1
                0x0000000008001a04       0x14 Drivers/STM32L4xx_HAL_Driver/Src/stm32l4xx_hal_dac.o
                0x0000000008001a04                HAL_DAC_ConvCpltCallbackCh1
 .text.HAL_DAC_ConvHalfCpltCallbackCh1
                0x0000000008001a18       0x14 Drivers/STM32L4xx_HAL_Driver/Src/stm32l4xx_hal_dac.o
                0x0000000008001a18                HAL_DAC_ConvHalfCpltCallbackCh1
 .text.HAL_DAC_ErrorCallbackCh1
                0x0000000008001a2c       0x14 Drivers/STM32L4xx_HAL_Driver/Src/stm32l4xx_hal_dac.o
                0x0000000008001a2c                HAL_DAC_ErrorCallbackCh1
 .text.HAL_DAC_ConfigChannel
                0x0000000008001a40      0x234 Drivers/STM32L4xx_HAL_Driver/Src/stm32l4xx_hal_dac.o
                0x0000000008001a40                HAL_DAC_ConfigChannel
 .text.DAC_DMAConvCpltCh1
                0x0000000008001c74       0x22 Drivers/STM32L4xx_HAL_Driver/Src/stm32l4xx_hal_dac.o
                0x0000000008001c74                DAC_DMAConvCpltCh1
 .text.DAC_DMAHalfConvCpltCh1
                0x0000000008001c96       0x1c Drivers/STM32L4xx_HAL_Driver/Src/stm32l4xx_hal_dac.o
                0x0000000008001c96                DAC_DMAHalfConvCpltCh1
 .text.DAC_DMAErrorCh1
                0x0000000008001cb2       0x2e Drivers/STM32L4xx_HAL_Driver/Src/stm32l4xx_hal_dac.o
                0x0000000008001cb2                DAC_DMAErrorCh1
 .text.HAL_DACEx_ConvCpltCallbackCh2
                0x0000000008001ce0       0x14 Drivers/STM32L4xx_HAL_Driver/Src/stm32l4xx_hal_dac_ex.o
                0x0000000008001ce0                HAL_DACEx_ConvCpltCallbackCh2
 .text.HAL_DACEx_ConvHalfCpltCallbackCh2
                0x0000000008001cf4       0x14 Drivers/STM32L4xx_HAL_Driver/Src/stm32l4xx_hal_dac_ex.o
                0x0000000008001cf4                HAL_DACEx_ConvHalfCpltCallbackCh2
 .text.HAL_DACEx_ErrorCallbackCh2
                0x0000000008001d08       0x14 Drivers/STM32L4xx_HAL_Driver/Src/stm32l4xx_hal_dac_ex.o
                0x0000000008001d08                HAL_DACEx_ErrorCallbackCh2
 .text.DAC_DMAConvCpltCh2
                0x0000000008001d1c       0x22 Drivers/STM32L4xx_HAL_Driver/Src/stm32l4xx_hal_dac_ex.o
                0x0000000008001d1c                DAC_DMAConvCpltCh2
 .text.DAC_DMAHalfConvCpltCh2
                0x0000000008001d3e       0x1c Drivers/STM32L4xx_HAL_Driver/Src/stm32l4xx_hal_dac_ex.o
                0x0000000008001d3e                DAC_DMAHalfConvCpltCh2
 .text.DAC_DMAErrorCh2
                0x0000000008001d5a       0x2e Drivers/STM32L4xx_HAL_Driver/Src/stm32l4xx_hal_dac_ex.o
                0x0000000008001d5a                DAC_DMAErrorCh2
 .text.HAL_DFSDM_ChannelInit
                0x0000000008001d88      0x180 Drivers/STM32L4xx_HAL_Driver/Src/stm32l4xx_hal_dfsdm.o
                0x0000000008001d88                HAL_DFSDM_ChannelInit
 .text.HAL_DFSDM_FilterInit
                0x0000000008001f08      0x1b4 Drivers/STM32L4xx_HAL_Driver/Src/stm32l4xx_hal_dfsdm.o
                0x0000000008001f08                HAL_DFSDM_FilterInit
 .text.HAL_DFSDM_FilterConfigRegChannel
                0x00000000080020bc       0x8a Drivers/STM32L4xx_HAL_Driver/Src/stm32l4xx_hal_dfsdm.o
                0x00000000080020bc                HAL_DFSDM_FilterConfigRegChannel
 *fill*         0x0000000008002146        0x2 
 .text.HAL_DFSDM_FilterRegularStart_DMA
                0x0000000008002148      0x104 Drivers/STM32L4xx_HAL_Driver/Src/stm32l4xx_hal_dfsdm.o
                0x0000000008002148                HAL_DFSDM_FilterRegularStart_DMA
 .text.HAL_DFSDM_FilterErrorCallback
                0x000000000800224c       0x14 Drivers/STM32L4xx_HAL_Driver/Src/stm32l4xx_hal_dfsdm.o
                0x000000000800224c                HAL_DFSDM_FilterErrorCallback
 .text.DFSDM_DMARegularHalfConvCplt
                0x0000000008002260       0x1c Drivers/STM32L4xx_HAL_Driver/Src/stm32l4xx_hal_dfsdm.o
 .text.DFSDM_DMARegularConvCplt
                0x000000000800227c       0x1c Drivers/STM32L4xx_HAL_Driver/Src/stm32l4xx_hal_dfsdm.o
 .text.DFSDM_DMAError
                0x0000000008002298       0x22 Drivers/STM32L4xx_HAL_Driver/Src/stm32l4xx_hal_dfsdm.o
 *fill*         0x00000000080022ba        0x2 
 .text.DFSDM_GetChannelFromInstance
                0x00000000080022bc       0x98 Drivers/STM32L4xx_HAL_Driver/Src/stm32l4xx_hal_dfsdm.o
 .text.DFSDM_RegConvStart
                0x0000000008002354       0xac Drivers/STM32L4xx_HAL_Driver/Src/stm32l4xx_hal_dfsdm.o
 .text.HAL_DMA_Init
                0x0000000008002400      0x170 Drivers/STM32L4xx_HAL_Driver/Src/stm32l4xx_hal_dma.o
                0x0000000008002400                HAL_DMA_Init
 .text.HAL_DMA_Start_IT
                0x0000000008002570       0xc0 Drivers/STM32L4xx_HAL_Driver/Src/stm32l4xx_hal_dma.o
                0x0000000008002570                HAL_DMA_Start_IT
 .text.HAL_DMA_IRQHandler
                0x0000000008002630      0x15e Drivers/STM32L4xx_HAL_Driver/Src/stm32l4xx_hal_dma.o
                0x0000000008002630                HAL_DMA_IRQHandler
 .text.DMA_SetConfig
                0x000000000800278e       0x60 Drivers/STM32L4xx_HAL_Driver/Src/stm32l4xx_hal_dma.o
 *fill*         0x00000000080027ee        0x2 
 .text.HAL_GPIO_Init
                0x00000000080027f0      0x354 Drivers/STM32L4xx_HAL_Driver/Src/stm32l4xx_hal_gpio.o
                0x00000000080027f0                HAL_GPIO_Init
 .text.HAL_GPIO_WritePin
                0x0000000008002b44       0x30 Drivers/STM32L4xx_HAL_Driver/Src/stm32l4xx_hal_gpio.o
                0x0000000008002b44                HAL_GPIO_WritePin
 .text.HAL_GPIO_EXTI_IRQHandler
                0x0000000008002b74       0x30 Drivers/STM32L4xx_HAL_Driver/Src/stm32l4xx_hal_gpio.o
                0x0000000008002b74                HAL_GPIO_EXTI_IRQHandler
 .text.HAL_GPIO_EXTI_Callback
                0x0000000008002ba4       0x16 Drivers/STM32L4xx_HAL_Driver/Src/stm32l4xx_hal_gpio.o
                0x0000000008002ba4                HAL_GPIO_EXTI_Callback
 .text.HAL_PCD_Init
                0x0000000008002bba      0x248 Drivers/STM32L4xx_HAL_Driver/Src/stm32l4xx_hal_pcd.o
                0x0000000008002bba                HAL_PCD_Init
 .text.HAL_PCD_Start
                0x0000000008002e02       0x5e Drivers/STM32L4xx_HAL_Driver/Src/stm32l4xx_hal_pcd.o
                0x0000000008002e02                HAL_PCD_Start
 .text.HAL_PCD_IRQHandler
                0x0000000008002e60      0x748 Drivers/STM32L4xx_HAL_Driver/Src/stm32l4xx_hal_pcd.o
                0x0000000008002e60                HAL_PCD_IRQHandler
 .text.HAL_PCD_SetAddress
                0x00000000080035a8       0x4a Drivers/STM32L4xx_HAL_Driver/Src/stm32l4xx_hal_pcd.o
                0x00000000080035a8                HAL_PCD_SetAddress
 .text.HAL_PCD_EP_Open
                0x00000000080035f2       0xd0 Drivers/STM32L4xx_HAL_Driver/Src/stm32l4xx_hal_pcd.o
                0x00000000080035f2                HAL_PCD_EP_Open
 .text.HAL_PCD_EP_Close
                0x00000000080036c2       0x94 Drivers/STM32L4xx_HAL_Driver/Src/stm32l4xx_hal_pcd.o
                0x00000000080036c2                HAL_PCD_EP_Close
 .text.HAL_PCD_EP_Receive
                0x0000000008003756       0x7c Drivers/STM32L4xx_HAL_Driver/Src/stm32l4xx_hal_pcd.o
                0x0000000008003756                HAL_PCD_EP_Receive
 .text.HAL_PCD_EP_GetRxCount
                0x00000000080037d2       0x30 Drivers/STM32L4xx_HAL_Driver/Src/stm32l4xx_hal_pcd.o
                0x00000000080037d2                HAL_PCD_EP_GetRxCount
 .text.HAL_PCD_EP_Transmit
                0x0000000008003802       0x7a Drivers/STM32L4xx_HAL_Driver/Src/stm32l4xx_hal_pcd.o
                0x0000000008003802                HAL_PCD_EP_Transmit
 .text.HAL_PCD_EP_SetStall
                0x000000000800387c       0xc4 Drivers/STM32L4xx_HAL_Driver/Src/stm32l4xx_hal_pcd.o
                0x000000000800387c                HAL_PCD_EP_SetStall
 .text.HAL_PCD_EP_ClrStall
                0x0000000008003940       0xac Drivers/STM32L4xx_HAL_Driver/Src/stm32l4xx_hal_pcd.o
                0x0000000008003940                HAL_PCD_EP_ClrStall
 .text.PCD_WriteEmptyTxFifo
                0x00000000080039ec      0x110 Drivers/STM32L4xx_HAL_Driver/Src/stm32l4xx_hal_pcd.o
 .text.PCD_EP_OutXfrComplete_int
                0x0000000008003afc       0x9c Drivers/STM32L4xx_HAL_Driver/Src/stm32l4xx_hal_pcd.o
 .text.PCD_EP_OutSetupPacket_int
                0x0000000008003b98       0x68 Drivers/STM32L4xx_HAL_Driver/Src/stm32l4xx_hal_pcd.o
 .text.HAL_PCDEx_SetTxFiFo
                0x0000000008003c00       0x8e Drivers/STM32L4xx_HAL_Driver/Src/stm32l4xx_hal_pcd_ex.o
                0x0000000008003c00                HAL_PCDEx_SetTxFiFo
 .text.HAL_PCDEx_SetRxFiFo
                0x0000000008003c8e       0x22 Drivers/STM32L4xx_HAL_Driver/Src/stm32l4xx_hal_pcd_ex.o
                0x0000000008003c8e                HAL_PCDEx_SetRxFiFo
 .text.HAL_PCDEx_ActivateLPM
                0x0000000008003cb0       0x48 Drivers/STM32L4xx_HAL_Driver/Src/stm32l4xx_hal_pcd_ex.o
                0x0000000008003cb0                HAL_PCDEx_ActivateLPM
 .text.HAL_PWR_EnableBkUpAccess
                0x0000000008003cf8       0x20 Drivers/STM32L4xx_HAL_Driver/Src/stm32l4xx_hal_pwr.o
                0x0000000008003cf8                HAL_PWR_EnableBkUpAccess
 .text.HAL_PWREx_GetVoltageRange
                0x0000000008003d18       0x1c Drivers/STM32L4xx_HAL_Driver/Src/stm32l4xx_hal_pwr_ex.o
                0x0000000008003d18                HAL_PWREx_GetVoltageRange
 .text.HAL_PWREx_ControlVoltageScaling
                0x0000000008003d34       0xac Drivers/STM32L4xx_HAL_Driver/Src/stm32l4xx_hal_pwr_ex.o
                0x0000000008003d34                HAL_PWREx_ControlVoltageScaling
 .text.HAL_PWREx_EnableVddUSB
                0x0000000008003de0       0x20 Drivers/STM32L4xx_HAL_Driver/Src/stm32l4xx_hal_pwr_ex.o
                0x0000000008003de0                HAL_PWREx_EnableVddUSB
 .text.HAL_RCC_OscConfig
                0x0000000008003e00      0x7cc Drivers/STM32L4xx_HAL_Driver/Src/stm32l4xx_hal_rcc.o
                0x0000000008003e00                HAL_RCC_OscConfig
 .text.HAL_RCC_ClockConfig
                0x00000000080045cc      0x1c4 Drivers/STM32L4xx_HAL_Driver/Src/stm32l4xx_hal_rcc.o
                0x00000000080045cc                HAL_RCC_ClockConfig
 .text.HAL_RCC_GetSysClockFreq
                0x0000000008004790      0x118 Drivers/STM32L4xx_HAL_Driver/Src/stm32l4xx_hal_rcc.o
                0x0000000008004790                HAL_RCC_GetSysClockFreq
 .text.HAL_RCC_GetHCLKFreq
                0x00000000080048a8       0x18 Drivers/STM32L4xx_HAL_Driver/Src/stm32l4xx_hal_rcc.o
                0x00000000080048a8                HAL_RCC_GetHCLKFreq
 .text.RCC_SetFlashLatencyFromMSIRange
                0x00000000080048c0       0xc0 Drivers/STM32L4xx_HAL_Driver/Src/stm32l4xx_hal_rcc.o
 .text.HAL_RCCEx_PeriphCLKConfig
                0x0000000008004980      0x5d4 Drivers/STM32L4xx_HAL_Driver/Src/stm32l4xx_hal_rcc_ex.o
                0x0000000008004980                HAL_RCCEx_PeriphCLKConfig
 .text.HAL_RCCEx_EnableMSIPLLMode
                0x0000000008004f54       0x20 Drivers/STM32L4xx_HAL_Driver/Src/stm32l4xx_hal_rcc_ex.o
                0x0000000008004f54                HAL_RCCEx_EnableMSIPLLMode
 .text.RCCEx_PLLSAI1_Config
                0x0000000008004f74      0x1e8 Drivers/STM32L4xx_HAL_Driver/Src/stm32l4xx_hal_rcc_ex.o
 .text.RCCEx_PLLSAI2_Config
                0x000000000800515c      0x1bc Drivers/STM32L4xx_HAL_Driver/Src/stm32l4xx_hal_rcc_ex.o
 .text.HAL_TIM_Base_Init
                0x0000000008005318       0xae Drivers/STM32L4xx_HAL_Driver/Src/stm32l4xx_hal_tim.o
                0x0000000008005318                HAL_TIM_Base_Init
 *fill*         0x00000000080053c6        0x2 
 .text.HAL_TIM_Base_Start
                0x00000000080053c8       0xd0 Drivers/STM32L4xx_HAL_Driver/Src/stm32l4xx_hal_tim.o
                0x00000000080053c8                HAL_TIM_Base_Start
 .text.HAL_TIM_ConfigClockSource
                0x0000000008005498      0x18c Drivers/STM32L4xx_HAL_Driver/Src/stm32l4xx_hal_tim.o
                0x0000000008005498                HAL_TIM_ConfigClockSource
 .text.TIM_Base_SetConfig
                0x0000000008005624      0x134 Drivers/STM32L4xx_HAL_Driver/Src/stm32l4xx_hal_tim.o
                0x0000000008005624                TIM_Base_SetConfig
 .text.TIM_TI1_ConfigInputStage
                0x0000000008005758       0x5e Drivers/STM32L4xx_HAL_Driver/Src/stm32l4xx_hal_tim.o
 .text.TIM_TI2_ConfigInputStage
                0x00000000080057b6       0x60 Drivers/STM32L4xx_HAL_Driver/Src/stm32l4xx_hal_tim.o
 .text.TIM_ITRx_SetConfig
                0x0000000008005816       0x36 Drivers/STM32L4xx_HAL_Driver/Src/stm32l4xx_hal_tim.o
 .text.TIM_ETR_SetConfig
                0x000000000800584c       0x40 Drivers/STM32L4xx_HAL_Driver/Src/stm32l4xx_hal_tim.o
                0x000000000800584c                TIM_ETR_SetConfig
 .text.HAL_TIMEx_MasterConfigSynchronization
                0x000000000800588c      0x110 Drivers/STM32L4xx_HAL_Driver/Src/stm32l4xx_hal_tim_ex.o
                0x000000000800588c                HAL_TIMEx_MasterConfigSynchronization
 .text.USB_CoreInit
                0x000000000800599c       0x58 Drivers/STM32L4xx_HAL_Driver/Src/stm32l4xx_ll_usb.o
                0x000000000800599c                USB_CoreInit
 .text.USB_SetTurnaroundTime
                0x00000000080059f4      0x138 Drivers/STM32L4xx_HAL_Driver/Src/stm32l4xx_ll_usb.o
                0x00000000080059f4                USB_SetTurnaroundTime
 .text.USB_EnableGlobalInt
                0x0000000008005b2c       0x22 Drivers/STM32L4xx_HAL_Driver/Src/stm32l4xx_ll_usb.o
                0x0000000008005b2c                USB_EnableGlobalInt
 .text.USB_DisableGlobalInt
                0x0000000008005b4e       0x22 Drivers/STM32L4xx_HAL_Driver/Src/stm32l4xx_ll_usb.o
                0x0000000008005b4e                USB_DisableGlobalInt
 .text.USB_SetCurrentMode
                0x0000000008005b70       0x54 Drivers/STM32L4xx_HAL_Driver/Src/stm32l4xx_ll_usb.o
                0x0000000008005b70                USB_SetCurrentMode
 .text.USB_DevInit
                0x0000000008005bc4      0x298 Drivers/STM32L4xx_HAL_Driver/Src/stm32l4xx_ll_usb.o
                0x0000000008005bc4                USB_DevInit
 .text.USB_FlushTxFifo
                0x0000000008005e5c       0x4c Drivers/STM32L4xx_HAL_Driver/Src/stm32l4xx_ll_usb.o
                0x0000000008005e5c                USB_FlushTxFifo
 .text.USB_FlushRxFifo
                0x0000000008005ea8       0x44 Drivers/STM32L4xx_HAL_Driver/Src/stm32l4xx_ll_usb.o
                0x0000000008005ea8                USB_FlushRxFifo
 .text.USB_SetDevSpeed
                0x0000000008005eec       0x32 Drivers/STM32L4xx_HAL_Driver/Src/stm32l4xx_ll_usb.o
                0x0000000008005eec                USB_SetDevSpeed
 .text.USB_GetDevSpeed
                0x0000000008005f1e       0x3e Drivers/STM32L4xx_HAL_Driver/Src/stm32l4xx_ll_usb.o
                0x0000000008005f1e                USB_GetDevSpeed
 .text.USB_ActivateEndpoint
                0x0000000008005f5c      0x10e Drivers/STM32L4xx_HAL_Driver/Src/stm32l4xx_ll_usb.o
                0x0000000008005f5c                USB_ActivateEndpoint
 *fill*         0x000000000800606a        0x2 
 .text.USB_DeactivateEndpoint
                0x000000000800606c      0x1b8 Drivers/STM32L4xx_HAL_Driver/Src/stm32l4xx_ll_usb.o
                0x000000000800606c                USB_DeactivateEndpoint
 .text.USB_EPStartXfer
                0x0000000008006224      0x3b8 Drivers/STM32L4xx_HAL_Driver/Src/stm32l4xx_ll_usb.o
                0x0000000008006224                USB_EPStartXfer
 .text.USB_EP0StartXfer
                0x00000000080065dc      0x23c Drivers/STM32L4xx_HAL_Driver/Src/stm32l4xx_ll_usb.o
                0x00000000080065dc                USB_EP0StartXfer
 .text.USB_WritePacket
                0x0000000008006818       0x62 Drivers/STM32L4xx_HAL_Driver/Src/stm32l4xx_ll_usb.o
                0x0000000008006818                USB_WritePacket
 .text.USB_ReadPacket
                0x000000000800687a       0x52 Drivers/STM32L4xx_HAL_Driver/Src/stm32l4xx_ll_usb.o
                0x000000000800687a                USB_ReadPacket
 .text.USB_EPSetStall
                0x00000000080068cc       0xdc Drivers/STM32L4xx_HAL_Driver/Src/stm32l4xx_ll_usb.o
                0x00000000080068cc                USB_EPSetStall
 .text.USB_EPClearStall
                0x00000000080069a8       0xcc Drivers/STM32L4xx_HAL_Driver/Src/stm32l4xx_ll_usb.o
                0x00000000080069a8                USB_EPClearStall
 .text.USB_SetDevAddress
                0x0000000008006a74       0x4c Drivers/STM32L4xx_HAL_Driver/Src/stm32l4xx_ll_usb.o
                0x0000000008006a74                USB_SetDevAddress
 .text.USB_DevConnect
                0x0000000008006ac0       0x42 Drivers/STM32L4xx_HAL_Driver/Src/stm32l4xx_ll_usb.o
                0x0000000008006ac0                USB_DevConnect
 .text.USB_DevDisconnect
                0x0000000008006b02       0x42 Drivers/STM32L4xx_HAL_Driver/Src/stm32l4xx_ll_usb.o
                0x0000000008006b02                USB_DevDisconnect
 .text.USB_ReadInterrupts
                0x0000000008006b44       0x26 Drivers/STM32L4xx_HAL_Driver/Src/stm32l4xx_ll_usb.o
                0x0000000008006b44                USB_ReadInterrupts
 .text.USB_ReadDevAllOutEpInterrupt
                0x0000000008006b6a       0x34 Drivers/STM32L4xx_HAL_Driver/Src/stm32l4xx_ll_usb.o
                0x0000000008006b6a                USB_ReadDevAllOutEpInterrupt
 .text.USB_ReadDevAllInEpInterrupt
                0x0000000008006b9e       0x34 Drivers/STM32L4xx_HAL_Driver/Src/stm32l4xx_ll_usb.o
                0x0000000008006b9e                USB_ReadDevAllInEpInterrupt
 .text.USB_ReadDevOutEPInterrupt
                0x0000000008006bd2       0x3c Drivers/STM32L4xx_HAL_Driver/Src/stm32l4xx_ll_usb.o
                0x0000000008006bd2                USB_ReadDevOutEPInterrupt
 .text.USB_ReadDevInEPInterrupt
                0x0000000008006c0e       0x5c Drivers/STM32L4xx_HAL_Driver/Src/stm32l4xx_ll_usb.o
                0x0000000008006c0e                USB_ReadDevInEPInterrupt
 .text.USB_GetMode
                0x0000000008006c6a       0x1c Drivers/STM32L4xx_HAL_Driver/Src/stm32l4xx_ll_usb.o
                0x0000000008006c6a                USB_GetMode
 .text.USB_ActivateSetup
                0x0000000008006c86       0x46 Drivers/STM32L4xx_HAL_Driver/Src/stm32l4xx_ll_usb.o
                0x0000000008006c86                USB_ActivateSetup
 .text.USB_EP0_OutStart
                0x0000000008006ccc       0x90 Drivers/STM32L4xx_HAL_Driver/Src/stm32l4xx_ll_usb.o
                0x0000000008006ccc                USB_EP0_OutStart
 .text.USB_CoreReset
                0x0000000008006d5c       0x68 Drivers/STM32L4xx_HAL_Driver/Src/stm32l4xx_ll_usb.o
 .text.USBD_AUDIO_Init
                0x0000000008006dc4       0xc8 Middlewares/ST/STM32_USB_Device_Library/Class/AUDIO/Src/usbd_audio.o
 .text.USBD_AUDIO_DeInit
                0x0000000008006e8c       0x58 Middlewares/ST/STM32_USB_Device_Library/Class/AUDIO/Src/usbd_audio.o
 .text.USBD_AUDIO_Setup
                0x0000000008006ee4      0x194 Middlewares/ST/STM32_USB_Device_Library/Class/AUDIO/Src/usbd_audio.o
 .text.USBD_AUDIO_GetCfgDesc
                0x0000000008007078       0x20 Middlewares/ST/STM32_USB_Device_Library/Class/AUDIO/Src/usbd_audio.o
 .text.USBD_AUDIO_DataIn
                0x0000000008007098       0x1a Middlewares/ST/STM32_USB_Device_Library/Class/AUDIO/Src/usbd_audio.o
 .text.USBD_AUDIO_EP0_RxReady
                0x00000000080070b2       0x6e Middlewares/ST/STM32_USB_Device_Library/Class/AUDIO/Src/usbd_audio.o
 .text.USBD_AUDIO_EP0_TxReady
                0x0000000008007120       0x16 Middlewares/ST/STM32_USB_Device_Library/Class/AUDIO/Src/usbd_audio.o
 .text.USBD_AUDIO_SOF
                0x0000000008007136       0x16 Middlewares/ST/STM32_USB_Device_Library/Class/AUDIO/Src/usbd_audio.o
 .text.USBD_AUDIO_IsoINIncomplete
                0x000000000800714c       0x1a Middlewares/ST/STM32_USB_Device_Library/Class/AUDIO/Src/usbd_audio.o
 .text.USBD_AUDIO_IsoOutIncomplete
                0x0000000008007166       0x1a Middlewares/ST/STM32_USB_Device_Library/Class/AUDIO/Src/usbd_audio.o
 .text.USBD_AUDIO_DataOut
                0x0000000008007180      0x108 Middlewares/ST/STM32_USB_Device_Library/Class/AUDIO/Src/usbd_audio.o
 .text.AUDIO_REQ_GetCurrent
                0x0000000008007288       0x48 Middlewares/ST/STM32_USB_Device_Library/Class/AUDIO/Src/usbd_audio.o
 .text.AUDIO_REQ_SetCurrent
                0x00000000080072d0       0x6e Middlewares/ST/STM32_USB_Device_Library/Class/AUDIO/Src/usbd_audio.o
 *fill*         0x000000000800733e        0x2 
 .text.USBD_AUDIO_GetDeviceQualifierDesc
                0x0000000008007340       0x20 Middlewares/ST/STM32_USB_Device_Library/Class/AUDIO/Src/usbd_audio.o
 .text.USBD_AUDIO_RegisterInterface
                0x0000000008007360       0x2a Middlewares/ST/STM32_USB_Device_Library/Class/AUDIO/Src/usbd_audio.o
                0x0000000008007360                USBD_AUDIO_RegisterInterface
 .text.USBD_Init
                0x000000000800738a       0x60 Middlewares/ST/STM32_USB_Device_Library/Core/Src/usbd_core.o
                0x000000000800738a                USBD_Init
 .text.USBD_RegisterClass
                0x00000000080073ea       0x4e Middlewares/ST/STM32_USB_Device_Library/Core/Src/usbd_core.o
                0x00000000080073ea                USBD_RegisterClass
 .text.USBD_Start
                0x0000000008007438       0x18 Middlewares/ST/STM32_USB_Device_Library/Core/Src/usbd_core.o
                0x0000000008007438                USBD_Start
 .text.USBD_RunTestMode
                0x0000000008007450       0x16 Middlewares/ST/STM32_USB_Device_Library/Core/Src/usbd_core.o
                0x0000000008007450                USBD_RunTestMode
 .text.USBD_SetClassConfig
                0x0000000008007466       0x38 Middlewares/ST/STM32_USB_Device_Library/Core/Src/usbd_core.o
                0x0000000008007466                USBD_SetClassConfig
 .text.USBD_ClrClassConfig
                0x000000000800749e       0x30 Middlewares/ST/STM32_USB_Device_Library/Core/Src/usbd_core.o
                0x000000000800749e                USBD_ClrClassConfig
 .text.USBD_LL_SetupStage
                0x00000000080074ce       0xaa Middlewares/ST/STM32_USB_Device_Library/Core/Src/usbd_core.o
                0x00000000080074ce                USBD_LL_SetupStage
 .text.USBD_LL_DataOutStage
                0x0000000008007578       0xc6 Middlewares/ST/STM32_USB_Device_Library/Core/Src/usbd_core.o
                0x0000000008007578                USBD_LL_DataOutStage
 .text.USBD_LL_DataInStage
                0x000000000800763e      0x12c Middlewares/ST/STM32_USB_Device_Library/Core/Src/usbd_core.o
                0x000000000800763e                USBD_LL_DataInStage
 .text.USBD_LL_Reset
                0x000000000800776a       0x9c Middlewares/ST/STM32_USB_Device_Library/Core/Src/usbd_core.o
                0x000000000800776a                USBD_LL_Reset
 .text.USBD_LL_SetSpeed
                0x0000000008007806       0x20 Middlewares/ST/STM32_USB_Device_Library/Core/Src/usbd_core.o
                0x0000000008007806                USBD_LL_SetSpeed
 .text.USBD_LL_Suspend
                0x0000000008007826       0x2c Middlewares/ST/STM32_USB_Device_Library/Core/Src/usbd_core.o
                0x0000000008007826                USBD_LL_Suspend
 .text.USBD_LL_Resume
                0x0000000008007852       0x30 Middlewares/ST/STM32_USB_Device_Library/Core/Src/usbd_core.o
                0x0000000008007852                USBD_LL_Resume
 .text.USBD_LL_SOF
                0x0000000008007882       0x44 Middlewares/ST/STM32_USB_Device_Library/Core/Src/usbd_core.o
                0x0000000008007882                USBD_LL_SOF
 .text.USBD_LL_IsoINIncomplete
                0x00000000080078c6       0x4c Middlewares/ST/STM32_USB_Device_Library/Core/Src/usbd_core.o
                0x00000000080078c6                USBD_LL_IsoINIncomplete
 .text.USBD_LL_IsoOUTIncomplete
                0x0000000008007912       0x4c Middlewares/ST/STM32_USB_Device_Library/Core/Src/usbd_core.o
                0x0000000008007912                USBD_LL_IsoOUTIncomplete
 .text.USBD_LL_DevConnected
                0x000000000800795e       0x16 Middlewares/ST/STM32_USB_Device_Library/Core/Src/usbd_core.o
                0x000000000800795e                USBD_LL_DevConnected
 .text.USBD_LL_DevDisconnected
                0x0000000008007974       0x38 Middlewares/ST/STM32_USB_Device_Library/Core/Src/usbd_core.o
                0x0000000008007974                USBD_LL_DevDisconnected
 .text.SWAPBYTE
                0x00000000080079ac       0x3c Middlewares/ST/STM32_USB_Device_Library/Core/Src/usbd_ctlreq.o
 .text.USBD_StdDevReq
                0x00000000080079e8       0xdc Middlewares/ST/STM32_USB_Device_Library/Core/Src/usbd_ctlreq.o
                0x00000000080079e8                USBD_StdDevReq
 .text.USBD_StdItfReq
                0x0000000008007ac4       0x92 Middlewares/ST/STM32_USB_Device_Library/Core/Src/usbd_ctlreq.o
                0x0000000008007ac4                USBD_StdItfReq
 .text.USBD_StdEPReq
                0x0000000008007b56      0x2c4 Middlewares/ST/STM32_USB_Device_Library/Core/Src/usbd_ctlreq.o
                0x0000000008007b56                USBD_StdEPReq
 *fill*         0x0000000008007e1a        0x2 
 .text.USBD_GetDescriptor
                0x0000000008007e1c      0x328 Middlewares/ST/STM32_USB_Device_Library/Core/Src/usbd_ctlreq.o
 .text.USBD_SetAddress
                0x0000000008008144       0x88 Middlewares/ST/STM32_USB_Device_Library/Core/Src/usbd_ctlreq.o
 .text.USBD_SetConfig
                0x00000000080081cc      0x14c Middlewares/ST/STM32_USB_Device_Library/Core/Src/usbd_ctlreq.o
 .text.USBD_GetConfig
                0x0000000008008318       0x6c Middlewares/ST/STM32_USB_Device_Library/Core/Src/usbd_ctlreq.o
 .text.USBD_GetStatus
                0x0000000008008384       0x68 Middlewares/ST/STM32_USB_Device_Library/Core/Src/usbd_ctlreq.o
 .text.USBD_SetFeature
                0x00000000080083ec       0x28 Middlewares/ST/STM32_USB_Device_Library/Core/Src/usbd_ctlreq.o
 .text.USBD_ClrFeature
                0x0000000008008414       0x44 Middlewares/ST/STM32_USB_Device_Library/Core/Src/usbd_ctlreq.o
 .text.USBD_ParseSetupRequest
                0x0000000008008458       0x74 Middlewares/ST/STM32_USB_Device_Library/Core/Src/usbd_ctlreq.o
                0x0000000008008458                USBD_ParseSetupRequest
 .text.USBD_CtlError
                0x00000000080084cc       0x22 Middlewares/ST/STM32_USB_Device_Library/Core/Src/usbd_ctlreq.o
                0x00000000080084cc                USBD_CtlError
 .text.USBD_GetString
                0x00000000080084ee       0x8c Middlewares/ST/STM32_USB_Device_Library/Core/Src/usbd_ctlreq.o
                0x00000000080084ee                USBD_GetString
 .text.USBD_GetLen
                0x000000000800857a       0x34 Middlewares/ST/STM32_USB_Device_Library/Core/Src/usbd_ctlreq.o
 .text.USBD_CtlSendData
                0x00000000080085ae       0x36 Middlewares/ST/STM32_USB_Device_Library/Core/Src/usbd_ioreq.o
                0x00000000080085ae                USBD_CtlSendData
 .text.USBD_CtlContinueSendData
                0x00000000080085e4       0x22 Middlewares/ST/STM32_USB_Device_Library/Core/Src/usbd_ioreq.o
                0x00000000080085e4                USBD_CtlContinueSendData
 .text.USBD_CtlPrepareRx
                0x0000000008008606       0x3a Middlewares/ST/STM32_USB_Device_Library/Core/Src/usbd_ioreq.o
                0x0000000008008606                USBD_CtlPrepareRx
 .text.USBD_CtlContinueRx
                0x0000000008008640       0x22 Middlewares/ST/STM32_USB_Device_Library/Core/Src/usbd_ioreq.o
                0x0000000008008640                USBD_CtlContinueRx
 .text.USBD_CtlSendStatus
                0x0000000008008662       0x26 Middlewares/ST/STM32_USB_Device_Library/Core/Src/usbd_ioreq.o
                0x0000000008008662                USBD_CtlSendStatus
 .text.USBD_CtlReceiveStatus
                0x0000000008008688       0x26 Middlewares/ST/STM32_USB_Device_Library/Core/Src/usbd_ioreq.o
                0x0000000008008688                USBD_CtlReceiveStatus
 *fill*         0x00000000080086ae        0x2 
 .text.MX_USB_DEVICE_Init
                0x00000000080086b0       0x60 USB_DEVICE/App/usb_device.o
                0x00000000080086b0                MX_USB_DEVICE_Init
 .text.AUDIO_Init_FS
                0x0000000008008710       0x1a USB_DEVICE/App/usbd_audio_if.o
 .text.AUDIO_DeInit_FS
                0x000000000800872a       0x16 USB_DEVICE/App/usbd_audio_if.o
 .text.AUDIO_AudioCmd_FS
                0x0000000008008740       0x28 USB_DEVICE/App/usbd_audio_if.o
 .text.AUDIO_VolumeCtl_FS
                0x0000000008008768       0x18 USB_DEVICE/App/usbd_audio_if.o
 .text.AUDIO_MuteCtl_FS
                0x0000000008008780       0x18 USB_DEVICE/App/usbd_audio_if.o
 .text.AUDIO_PeriodicTC_FS
                0x0000000008008798       0x1c USB_DEVICE/App/usbd_audio_if.o
 .text.AUDIO_GetState_FS
                0x00000000080087b4       0x10 USB_DEVICE/App/usbd_audio_if.o
 .text.USBD_FS_DeviceDescriptor
                0x00000000080087c4       0x24 USB_DEVICE/App/usbd_desc.o
                0x00000000080087c4                USBD_FS_DeviceDescriptor
 .text.USBD_FS_LangIDStrDescriptor
                0x00000000080087e8       0x24 USB_DEVICE/App/usbd_desc.o
                0x00000000080087e8                USBD_FS_LangIDStrDescriptor
 .text.USBD_FS_ProductStrDescriptor
                0x000000000800880c       0x3c USB_DEVICE/App/usbd_desc.o
                0x000000000800880c                USBD_FS_ProductStrDescriptor
 .text.USBD_FS_ManufacturerStrDescriptor
                0x0000000008008848       0x28 USB_DEVICE/App/usbd_desc.o
                0x0000000008008848                USBD_FS_ManufacturerStrDescriptor
 .text.USBD_FS_SerialStrDescriptor
                0x0000000008008870       0x24 USB_DEVICE/App/usbd_desc.o
                0x0000000008008870                USBD_FS_SerialStrDescriptor
 .text.USBD_FS_ConfigStrDescriptor
                0x0000000008008894       0x3c USB_DEVICE/App/usbd_desc.o
                0x0000000008008894                USBD_FS_ConfigStrDescriptor
 .text.USBD_FS_InterfaceStrDescriptor
                0x00000000080088d0       0x3c USB_DEVICE/App/usbd_desc.o
                0x00000000080088d0                USBD_FS_InterfaceStrDescriptor
 .text.USBD_FS_USR_BOSDescriptor
                0x000000000800890c       0x24 USB_DEVICE/App/usbd_desc.o
                0x000000000800890c                USBD_FS_USR_BOSDescriptor
 .text.Get_SerialNum
                0x0000000008008930       0x58 USB_DEVICE/App/usbd_desc.o
 .text.IntToUnicode
                0x0000000008008988       0x7e USB_DEVICE/App/usbd_desc.o
 *fill*         0x0000000008008a06        0x2 
 .text.HAL_PCD_MspInit
                0x0000000008008a08       0xe8 USB_DEVICE/Target/usbd_conf.o
                0x0000000008008a08                HAL_PCD_MspInit
 .text.HAL_PCD_SetupStageCallback
                0x0000000008008af0       0x24 USB_DEVICE/Target/usbd_conf.o
                0x0000000008008af0                HAL_PCD_SetupStageCallback
 .text.HAL_PCD_DataOutStageCallback
                0x0000000008008b14       0x36 USB_DEVICE/Target/usbd_conf.o
                0x0000000008008b14                HAL_PCD_DataOutStageCallback
 .text.HAL_PCD_DataInStageCallback
                0x0000000008008b4a       0x34 USB_DEVICE/Target/usbd_conf.o
                0x0000000008008b4a                HAL_PCD_DataInStageCallback
 .text.HAL_PCD_SOFCallback
                0x0000000008008b7e       0x1c USB_DEVICE/Target/usbd_conf.o
                0x0000000008008b7e                HAL_PCD_SOFCallback
 .text.HAL_PCD_ResetCallback
                0x0000000008008b9a       0x3c USB_DEVICE/Target/usbd_conf.o
                0x0000000008008b9a                HAL_PCD_ResetCallback
 *fill*         0x0000000008008bd6        0x2 
 .text.HAL_PCD_SuspendCallback
                0x0000000008008bd8       0x4c USB_DEVICE/Target/usbd_conf.o
                0x0000000008008bd8                HAL_PCD_SuspendCallback
 .text.HAL_PCD_ResumeCallback
                0x0000000008008c24       0x50 USB_DEVICE/Target/usbd_conf.o
                0x0000000008008c24                HAL_PCD_ResumeCallback
 .text.HAL_PCD_ISOOUTIncompleteCallback
                0x0000000008008c74       0x24 USB_DEVICE/Target/usbd_conf.o
                0x0000000008008c74                HAL_PCD_ISOOUTIncompleteCallback
 .text.HAL_PCD_ISOINIncompleteCallback
                0x0000000008008c98       0x24 USB_DEVICE/Target/usbd_conf.o
                0x0000000008008c98                HAL_PCD_ISOINIncompleteCallback
 .text.HAL_PCD_ConnectCallback
                0x0000000008008cbc       0x1c USB_DEVICE/Target/usbd_conf.o
                0x0000000008008cbc                HAL_PCD_ConnectCallback
 .text.HAL_PCD_DisconnectCallback
                0x0000000008008cd8       0x1c USB_DEVICE/Target/usbd_conf.o
                0x0000000008008cd8                HAL_PCD_DisconnectCallback
 .text.USBD_LL_Init
                0x0000000008008cf4       0x98 USB_DEVICE/Target/usbd_conf.o
                0x0000000008008cf4                USBD_LL_Init
 .text.USBD_LL_Start
                0x0000000008008d8c       0x64 USB_DEVICE/Target/usbd_conf.o
                0x0000000008008d8c                USBD_LL_Start
 .text.USBD_LL_OpenEP
                0x0000000008008df0       0x7c USB_DEVICE/Target/usbd_conf.o
                0x0000000008008df0                USBD_LL_OpenEP
 .text.USBD_LL_CloseEP
                0x0000000008008e6c       0x6c USB_DEVICE/Target/usbd_conf.o
                0x0000000008008e6c                USBD_LL_CloseEP
 .text.USBD_LL_StallEP
                0x0000000008008ed8       0x6c USB_DEVICE/Target/usbd_conf.o
                0x0000000008008ed8                USBD_LL_StallEP
 .text.USBD_LL_ClearStallEP
                0x0000000008008f44       0x6c USB_DEVICE/Target/usbd_conf.o
                0x0000000008008f44                USBD_LL_ClearStallEP
 .text.USBD_LL_IsStallEP
                0x0000000008008fb0       0x58 USB_DEVICE/Target/usbd_conf.o
                0x0000000008008fb0                USBD_LL_IsStallEP
 .text.USBD_LL_SetUSBAddress
                0x0000000008009008       0x6c USB_DEVICE/Target/usbd_conf.o
                0x0000000008009008                USBD_LL_SetUSBAddress
 .text.USBD_LL_Transmit
                0x0000000008009074       0x70 USB_DEVICE/Target/usbd_conf.o
                0x0000000008009074                USBD_LL_Transmit
 .text.USBD_LL_PrepareReceive
                0x00000000080090e4       0x70 USB_DEVICE/Target/usbd_conf.o
                0x00000000080090e4                USBD_LL_PrepareReceive
 .text.USBD_LL_GetRxDataSize
                0x0000000008009154       0x26 USB_DEVICE/Target/usbd_conf.o
                0x0000000008009154                USBD_LL_GetRxDataSize
 *fill*         0x000000000800917a        0x2 
 .text.HAL_PCDEx_LPM_Callback
                0x000000000800917c       0x9c USB_DEVICE/Target/usbd_conf.o
                0x000000000800917c                HAL_PCDEx_LPM_Callback
 .text.USBD_static_malloc
                0x0000000008009218       0x1c USB_DEVICE/Target/usbd_conf.o
                0x0000000008009218                USBD_static_malloc
 .text.USBD_static_free
                0x0000000008009234       0x14 USB_DEVICE/Target/usbd_conf.o
                0x0000000008009234                USBD_static_free
 .text.SystemClockConfig_Resume
                0x0000000008009248        0xc USB_DEVICE/Target/usbd_conf.o
 .text.__libc_init_array
                0x0000000008009254       0x48 /opt/st/stm32cubeide_1.6.1/plugins/com.st.stm32cube.ide.mcu.externaltools.gnu-tools-for-stm32.9-2020-q2-update.linux64_1.5.0.202011040924/tools/bin/../lib/gcc/arm-none-eabi/9.3.1/../../../../arm-none-eabi/lib/thumb/v7e-m+fp/hard/libc_nano.a(lib_a-init.o)
                0x0000000008009254                __libc_init_array
 .text.memset   0x000000000800929c       0x10 /opt/st/stm32cubeide_1.6.1/plugins/com.st.stm32cube.ide.mcu.externaltools.gnu-tools-for-stm32.9-2020-q2-update.linux64_1.5.0.202011040924/tools/bin/../lib/gcc/arm-none-eabi/9.3.1/../../../../arm-none-eabi/lib/thumb/v7e-m+fp/hard/libc_nano.a(lib_a-memset.o)
                0x000000000800929c                memset
 *(.glue_7)
 .glue_7        0x00000000080092ac        0x0 linker stubs
 *(.glue_7t)
 .glue_7t       0x00000000080092ac        0x0 linker stubs
 *(.eh_frame)
 .eh_frame      0x00000000080092ac        0x0 /opt/st/stm32cubeide_1.6.1/plugins/com.st.stm32cube.ide.mcu.externaltools.gnu-tools-for-stm32.9-2020-q2-update.linux64_1.5.0.202011040924/tools/bin/../lib/gcc/arm-none-eabi/9.3.1/thumb/v7e-m+fp/hard/crtbegin.o
 *(.init)
 .init          0x00000000080092ac        0x4 /opt/st/stm32cubeide_1.6.1/plugins/com.st.stm32cube.ide.mcu.externaltools.gnu-tools-for-stm32.9-2020-q2-update.linux64_1.5.0.202011040924/tools/bin/../lib/gcc/arm-none-eabi/9.3.1/thumb/v7e-m+fp/hard/crti.o
                0x00000000080092ac                _init
 .init          0x00000000080092b0        0x8 /opt/st/stm32cubeide_1.6.1/plugins/com.st.stm32cube.ide.mcu.externaltools.gnu-tools-for-stm32.9-2020-q2-update.linux64_1.5.0.202011040924/tools/bin/../lib/gcc/arm-none-eabi/9.3.1/thumb/v7e-m+fp/hard/crtn.o
 *(.fini)
 .fini          0x00000000080092b8        0x4 /opt/st/stm32cubeide_1.6.1/plugins/com.st.stm32cube.ide.mcu.externaltools.gnu-tools-for-stm32.9-2020-q2-update.linux64_1.5.0.202011040924/tools/bin/../lib/gcc/arm-none-eabi/9.3.1/thumb/v7e-m+fp/hard/crti.o
                0x00000000080092b8                _fini
 .fini          0x00000000080092bc        0x8 /opt/st/stm32cubeide_1.6.1/plugins/com.st.stm32cube.ide.mcu.externaltools.gnu-tools-for-stm32.9-2020-q2-update.linux64_1.5.0.202011040924/tools/bin/../lib/gcc/arm-none-eabi/9.3.1/thumb/v7e-m+fp/hard/crtn.o
                0x00000000080092c4                . = ALIGN (0x4)
                0x00000000080092c4                _etext = .

.vfp11_veneer   0x00000000080092c4        0x0
 .vfp11_veneer  0x00000000080092c4        0x0 linker stubs

.v4_bx          0x00000000080092c4        0x0
 .v4_bx         0x00000000080092c4        0x0 linker stubs

.iplt           0x00000000080092c4        0x0
 .iplt          0x00000000080092c4        0x0 /opt/st/stm32cubeide_1.6.1/plugins/com.st.stm32cube.ide.mcu.externaltools.gnu-tools-for-stm32.9-2020-q2-update.linux64_1.5.0.202011040924/tools/bin/../lib/gcc/arm-none-eabi/9.3.1/thumb/v7e-m+fp/hard/crtbegin.o

.rodata         0x00000000080092c4       0x88
                0x00000000080092c4                . = ALIGN (0x4)
 *(.rodata)
 .rodata        0x00000000080092c4       0x48 USB_DEVICE/App/usbd_desc.o
 *(.rodata*)
 .rodata.AHBPrescTable
                0x000000000800930c       0x10 Core/Src/system_stm32l4xx.o
                0x000000000800930c                AHBPrescTable
 .rodata.MSIRangeTable
                0x000000000800931c       0x30 Core/Src/system_stm32l4xx.o
                0x000000000800931c                MSIRangeTable
                0x000000000800934c                . = ALIGN (0x4)

.rel.dyn        0x000000000800934c        0x0
 .rel.iplt      0x000000000800934c        0x0 /opt/st/stm32cubeide_1.6.1/plugins/com.st.stm32cube.ide.mcu.externaltools.gnu-tools-for-stm32.9-2020-q2-update.linux64_1.5.0.202011040924/tools/bin/../lib/gcc/arm-none-eabi/9.3.1/thumb/v7e-m+fp/hard/crtbegin.o

.ARM.extab      0x000000000800934c        0x0
                0x000000000800934c                . = ALIGN (0x4)
 *(.ARM.extab* .gnu.linkonce.armextab.*)
                0x000000000800934c                . = ALIGN (0x4)

.ARM            0x000000000800934c        0x0
                0x000000000800934c                . = ALIGN (0x4)
                0x000000000800934c                __exidx_start = .
 *(.ARM.exidx*)
                0x000000000800934c                __exidx_end = .
                0x000000000800934c                . = ALIGN (0x4)

.preinit_array  0x000000000800934c        0x0
                0x000000000800934c                . = ALIGN (0x4)
                0x000000000800934c                PROVIDE (__preinit_array_start = .)
 *(.preinit_array*)
                0x000000000800934c                PROVIDE (__preinit_array_end = .)
                0x000000000800934c                . = ALIGN (0x4)

.init_array     0x000000000800934c        0x4
                0x000000000800934c                . = ALIGN (0x4)
                0x000000000800934c                PROVIDE (__init_array_start = .)
 *(SORT_BY_NAME(.init_array.*))
 *(.init_array*)
 .init_array    0x000000000800934c        0x4 /opt/st/stm32cubeide_1.6.1/plugins/com.st.stm32cube.ide.mcu.externaltools.gnu-tools-for-stm32.9-2020-q2-update.linux64_1.5.0.202011040924/tools/bin/../lib/gcc/arm-none-eabi/9.3.1/thumb/v7e-m+fp/hard/crtbegin.o
                0x0000000008009350                PROVIDE (__init_array_end = .)
                0x0000000008009350                . = ALIGN (0x4)

.fini_array     0x0000000008009350        0x4
                0x0000000008009350                . = ALIGN (0x4)
                [!provide]                        PROVIDE (__fini_array_start = .)
 *(SORT_BY_NAME(.fini_array.*))
 *(.fini_array*)
 .fini_array    0x0000000008009350        0x4 /opt/st/stm32cubeide_1.6.1/plugins/com.st.stm32cube.ide.mcu.externaltools.gnu-tools-for-stm32.9-2020-q2-update.linux64_1.5.0.202011040924/tools/bin/../lib/gcc/arm-none-eabi/9.3.1/thumb/v7e-m+fp/hard/crtbegin.o
                [!provide]                        PROVIDE (__fini_array_end = .)
                0x0000000008009354                . = ALIGN (0x4)
                0x0000000008009354                _sidata = LOADADDR (.data)

.data           0x0000000020000000      0x13c load address 0x0000000008009354
                0x0000000020000000                . = ALIGN (0x4)
                0x0000000020000000                _sdata = .
 *(.data)
 *(.data*)
 .data.SystemCoreClock
                0x0000000020000000        0x4 Core/Src/system_stm32l4xx.o
                0x0000000020000000                SystemCoreClock
 .data.uwTickPrio
                0x0000000020000004        0x4 Drivers/STM32L4xx_HAL_Driver/Src/stm32l4xx_hal.o
                0x0000000020000004                uwTickPrio
 .data.uwTickFreq
                0x0000000020000008        0x1 Drivers/STM32L4xx_HAL_Driver/Src/stm32l4xx_hal.o
                0x0000000020000008                uwTickFreq
 *fill*         0x0000000020000009        0x3 
 .data.USBD_AUDIO
                0x000000002000000c       0x38 Middlewares/ST/STM32_USB_Device_Library/Class/AUDIO/Src/usbd_audio.o
                0x000000002000000c                USBD_AUDIO
 .data.USBD_AUDIO_CfgDesc
                0x0000000020000044       0x6d Middlewares/ST/STM32_USB_Device_Library/Class/AUDIO/Src/usbd_audio.o
 *fill*         0x00000000200000b1        0x3 
 .data.USBD_AUDIO_DeviceQualifierDesc
                0x00000000200000b4        0xa Middlewares/ST/STM32_USB_Device_Library/Class/AUDIO/Src/usbd_audio.o
 *fill*         0x00000000200000be        0x2 
 .data.USBD_AUDIO_fops_FS
                0x00000000200000c0       0x1c USB_DEVICE/App/usbd_audio_if.o
                0x00000000200000c0                USBD_AUDIO_fops_FS
 .data.FS_Desc  0x00000000200000dc       0x20 USB_DEVICE/App/usbd_desc.o
                0x00000000200000dc                FS_Desc
 .data.USBD_FS_DeviceDesc
                0x00000000200000fc       0x12 USB_DEVICE/App/usbd_desc.o
                0x00000000200000fc                USBD_FS_DeviceDesc
 *fill*         0x000000002000010e        0x2 
 .data.USBD_FS_BOSDesc
                0x0000000020000110        0xc USB_DEVICE/App/usbd_desc.o
                0x0000000020000110                USBD_FS_BOSDesc
 .data.USBD_LangIDDesc
                0x000000002000011c        0x4 USB_DEVICE/App/usbd_desc.o
                0x000000002000011c                USBD_LangIDDesc
 .data.USBD_StringSerial
                0x0000000020000120       0x1a USB_DEVICE/App/usbd_desc.o
                0x0000000020000120                USBD_StringSerial
 *(.RamFunc)
 *(.RamFunc*)
                0x000000002000013c                . = ALIGN (0x4)
 *fill*         0x000000002000013a        0x2 
                0x000000002000013c                _edata = .

.igot.plt       0x000000002000013c        0x0 load address 0x0000000008009490
 .igot.plt      0x000000002000013c        0x0 /opt/st/stm32cubeide_1.6.1/plugins/com.st.stm32cube.ide.mcu.externaltools.gnu-tools-for-stm32.9-2020-q2-update.linux64_1.5.0.202011040924/tools/bin/../lib/gcc/arm-none-eabi/9.3.1/thumb/v7e-m+fp/hard/crtbegin.o
                0x000000002000013c                . = ALIGN (0x4)

.bss            0x000000002000013c     0x4454 load address 0x0000000008009490
                0x000000002000013c                _sbss = .
                0x000000002000013c                __bss_start__ = _sbss
 *(.bss)
 .bss           0x000000002000013c       0x1c /opt/st/stm32cubeide_1.6.1/plugins/com.st.stm32cube.ide.mcu.externaltools.gnu-tools-for-stm32.9-2020-q2-update.linux64_1.5.0.202011040924/tools/bin/../lib/gcc/arm-none-eabi/9.3.1/thumb/v7e-m+fp/hard/crtbegin.o
 *(.bss*)
 .bss.HAL_RCC_DFSDM1_CLK_ENABLED
                0x0000000020000158        0x4 Core/Src/stm32l4xx_hal_msp.o
 .bss.DFSDM1_Init
                0x000000002000015c        0x4 Core/Src/stm32l4xx_hal_msp.o
 .bss.v_dfsdm1ChannelCounter
                0x0000000020000160        0x4 Drivers/STM32L4xx_HAL_Driver/Src/stm32l4xx_hal_dfsdm.o
 .bss.a_dfsdm1ChannelHandle
                0x0000000020000164       0x20 Drivers/STM32L4xx_HAL_Driver/Src/stm32l4xx_hal_dfsdm.o
 .bss.cfgidx.11405
                0x0000000020000184        0x1 Middlewares/ST/STM32_USB_Device_Library/Core/Src/usbd_ctlreq.o
 *fill*         0x0000000020000185        0x3 
 .bss.mem.11559
                0x0000000020000188     0x3750 USB_DEVICE/Target/usbd_conf.o
 *(COMMON)
 COMMON         0x00000000200038d8      0x3dc Core/Src/main.o
                0x00000000200038d8                hdfsdm1_channel1
                0x0000000020003910                hdac1
                0x0000000020003924                hdma_dfsdm1_flt2
                0x000000002000396c                hdfsdm1_filter0
                0x00000000200039c0                hdma_tim2_up
                0x0000000020003a08                buffoutmoy
                0x0000000020003a28                hdfsdm1_channel3
                0x0000000020003a60                buffin_1
                0x0000000020003a80                hdfsdm1_filter2
                0x0000000020003ad4                hdma_dfsdm1_flt1
                0x0000000020003b1c                hdma_dfsdm1_flt0
                0x0000000020003b64                hdfsdm1_filter1
                0x0000000020003bb8                hdma_dac_ch2
                0x0000000020003c00                buffin_0
                0x0000000020003c20                htim2
                0x0000000020003c6c                hdfsdm1_channel2
                0x0000000020003ca4                buffout
 COMMON         0x0000000020003cb4        0x4 Drivers/STM32L4xx_HAL_Driver/Src/stm32l4xx_hal.o
                0x0000000020003cb4                uwTick
 COMMON         0x0000000020003cb8      0x2d0 USB_DEVICE/App/usb_device.o
                0x0000000020003cb8                hUsbDeviceFS
 COMMON         0x0000000020003f88      0x200 USB_DEVICE/App/usbd_desc.o
                0x0000000020003f88                USBD_StrDesc
 COMMON         0x0000000020004188      0x408 USB_DEVICE/Target/usbd_conf.o
                0x0000000020004188                hpcd_USB_OTG_FS
                0x0000000020004590                . = ALIGN (0x4)
                0x0000000020004590                _ebss = .
                0x0000000020004590                __bss_end__ = _ebss

._user_heap_stack
                0x0000000020004590      0x600 load address 0x0000000008009490
                0x0000000020004590                . = ALIGN (0x8)
                [!provide]                        PROVIDE (end = .)
                0x0000000020004590                PROVIDE (_end = .)
                0x0000000020004790                . = (. + _Min_Heap_Size)
 *fill*         0x0000000020004590      0x200 
                0x0000000020004b90                . = (. + _Min_Stack_Size)
 *fill*         0x0000000020004790      0x400 
                0x0000000020004b90                . = ALIGN (0x8)

/DISCARD/
 libc.a(*)
 libm.a(*)
 libgcc.a(*)

.ARM.attributes
                0x0000000000000000       0x30
 *(.ARM.attributes)
 .ARM.attributes
                0x0000000000000000       0x1e /opt/st/stm32cubeide_1.6.1/plugins/com.st.stm32cube.ide.mcu.externaltools.gnu-tools-for-stm32.9-2020-q2-update.linux64_1.5.0.202011040924/tools/bin/../lib/gcc/arm-none-eabi/9.3.1/thumb/v7e-m+fp/hard/crti.o
 .ARM.attributes
                0x000000000000001e       0x34 /opt/st/stm32cubeide_1.6.1/plugins/com.st.stm32cube.ide.mcu.externaltools.gnu-tools-for-stm32.9-2020-q2-update.linux64_1.5.0.202011040924/tools/bin/../lib/gcc/arm-none-eabi/9.3.1/thumb/v7e-m+fp/hard/crtbegin.o
 .ARM.attributes
                0x0000000000000052       0x34 Core/Src/main.o
 .ARM.attributes
                0x0000000000000086       0x34 Core/Src/stm32l4xx_hal_msp.o
 .ARM.attributes
                0x00000000000000ba       0x34 Core/Src/stm32l4xx_it.o
 .ARM.attributes
                0x00000000000000ee       0x34 Core/Src/system_stm32l4xx.o
 .ARM.attributes
                0x0000000000000122       0x21 Core/Startup/startup_stm32l475vgtx.o
 .ARM.attributes
                0x0000000000000143       0x34 Drivers/STM32L4xx_HAL_Driver/Src/stm32l4xx_hal.o
 .ARM.attributes
                0x0000000000000177       0x34 Drivers/STM32L4xx_HAL_Driver/Src/stm32l4xx_hal_cortex.o
 .ARM.attributes
                0x00000000000001ab       0x34 Drivers/STM32L4xx_HAL_Driver/Src/stm32l4xx_hal_dac.o
 .ARM.attributes
                0x00000000000001df       0x34 Drivers/STM32L4xx_HAL_Driver/Src/stm32l4xx_hal_dac_ex.o
 .ARM.attributes
                0x0000000000000213       0x34 Drivers/STM32L4xx_HAL_Driver/Src/stm32l4xx_hal_dfsdm.o
 .ARM.attributes
                0x0000000000000247       0x34 Drivers/STM32L4xx_HAL_Driver/Src/stm32l4xx_hal_dma.o
 .ARM.attributes
                0x000000000000027b       0x34 Drivers/STM32L4xx_HAL_Driver/Src/stm32l4xx_hal_gpio.o
 .ARM.attributes
                0x00000000000002af       0x34 Drivers/STM32L4xx_HAL_Driver/Src/stm32l4xx_hal_pcd.o
 .ARM.attributes
                0x00000000000002e3       0x34 Drivers/STM32L4xx_HAL_Driver/Src/stm32l4xx_hal_pcd_ex.o
 .ARM.attributes
                0x0000000000000317       0x34 Drivers/STM32L4xx_HAL_Driver/Src/stm32l4xx_hal_pwr.o
 .ARM.attributes
                0x000000000000034b       0x34 Drivers/STM32L4xx_HAL_Driver/Src/stm32l4xx_hal_pwr_ex.o
 .ARM.attributes
                0x000000000000037f       0x34 Drivers/STM32L4xx_HAL_Driver/Src/stm32l4xx_hal_rcc.o
 .ARM.attributes
                0x00000000000003b3       0x34 Drivers/STM32L4xx_HAL_Driver/Src/stm32l4xx_hal_rcc_ex.o
 .ARM.attributes
                0x00000000000003e7       0x34 Drivers/STM32L4xx_HAL_Driver/Src/stm32l4xx_hal_tim.o
 .ARM.attributes
                0x000000000000041b       0x34 Drivers/STM32L4xx_HAL_Driver/Src/stm32l4xx_hal_tim_ex.o
 .ARM.attributes
                0x000000000000044f       0x34 Drivers/STM32L4xx_HAL_Driver/Src/stm32l4xx_ll_usb.o
 .ARM.attributes
                0x0000000000000483       0x34 Middlewares/ST/STM32_USB_Device_Library/Class/AUDIO/Src/usbd_audio.o
 .ARM.attributes
                0x00000000000004b7       0x34 Middlewares/ST/STM32_USB_Device_Library/Core/Src/usbd_core.o
 .ARM.attributes
                0x00000000000004eb       0x34 Middlewares/ST/STM32_USB_Device_Library/Core/Src/usbd_ctlreq.o
 .ARM.attributes
                0x000000000000051f       0x34 Middlewares/ST/STM32_USB_Device_Library/Core/Src/usbd_ioreq.o
 .ARM.attributes
                0x0000000000000553       0x34 USB_DEVICE/App/usb_device.o
 .ARM.attributes
                0x0000000000000587       0x34 USB_DEVICE/App/usbd_audio_if.o
 .ARM.attributes
                0x00000000000005bb       0x34 USB_DEVICE/App/usbd_desc.o
 .ARM.attributes
                0x00000000000005ef       0x34 USB_DEVICE/Target/usbd_conf.o
 .ARM.attributes
                0x0000000000000623       0x34 /opt/st/stm32cubeide_1.6.1/plugins/com.st.stm32cube.ide.mcu.externaltools.gnu-tools-for-stm32.9-2020-q2-update.linux64_1.5.0.202011040924/tools/bin/../lib/gcc/arm-none-eabi/9.3.1/../../../../arm-none-eabi/lib/thumb/v7e-m+fp/hard/libc_nano.a(lib_a-init.o)
 .ARM.attributes
                0x0000000000000657       0x34 /opt/st/stm32cubeide_1.6.1/plugins/com.st.stm32cube.ide.mcu.externaltools.gnu-tools-for-stm32.9-2020-q2-update.linux64_1.5.0.202011040924/tools/bin/../lib/gcc/arm-none-eabi/9.3.1/../../../../arm-none-eabi/lib/thumb/v7e-m+fp/hard/libc_nano.a(lib_a-memset.o)
 .ARM.attributes
                0x000000000000068b       0x1e /opt/st/stm32cubeide_1.6.1/plugins/com.st.stm32cube.ide.mcu.externaltools.gnu-tools-for-stm32.9-2020-q2-update.linux64_1.5.0.202011040924/tools/bin/../lib/gcc/arm-none-eabi/9.3.1/thumb/v7e-m+fp/hard/crtn.o
OUTPUT(CarteAudio.elf elf32-littlearm)
LOAD linker stubs
LOAD /opt/st/stm32cubeide_1.6.1/plugins/com.st.stm32cube.ide.mcu.externaltools.gnu-tools-for-stm32.9-2020-q2-update.linux64_1.5.0.202011040924/tools/bin/../lib/gcc/arm-none-eabi/9.3.1/../../../../arm-none-eabi/lib/thumb/v7e-m+fp/hard/libc.a
LOAD /opt/st/stm32cubeide_1.6.1/plugins/com.st.stm32cube.ide.mcu.externaltools.gnu-tools-for-stm32.9-2020-q2-update.linux64_1.5.0.202011040924/tools/bin/../lib/gcc/arm-none-eabi/9.3.1/../../../../arm-none-eabi/lib/thumb/v7e-m+fp/hard/libm.a
LOAD /opt/st/stm32cubeide_1.6.1/plugins/com.st.stm32cube.ide.mcu.externaltools.gnu-tools-for-stm32.9-2020-q2-update.linux64_1.5.0.202011040924/tools/bin/../lib/gcc/arm-none-eabi/9.3.1/thumb/v7e-m+fp/hard/libgcc.a

.debug_info     0x0000000000000000    0x217eb
 .debug_info    0x0000000000000000     0x2776 Core/Src/main.o
 .debug_info    0x0000000000002776     0x163b Core/Src/stm32l4xx_hal_msp.o
 .debug_info    0x0000000000003db1      0xb54 Core/Src/stm32l4xx_it.o
 .debug_info    0x0000000000004905      0x779 Core/Src/system_stm32l4xx.o
 .debug_info    0x000000000000507e       0x22 Core/Startup/startup_stm32l475vgtx.o
 .debug_info    0x00000000000050a0      0xcb3 Drivers/STM32L4xx_HAL_Driver/Src/stm32l4xx_hal.o
 .debug_info    0x0000000000005d53     0x1028 Drivers/STM32L4xx_HAL_Driver/Src/stm32l4xx_hal_cortex.o
 .debug_info    0x0000000000006d7b      0xc85 Drivers/STM32L4xx_HAL_Driver/Src/stm32l4xx_hal_dac.o
 .debug_info    0x0000000000007a00      0xb76 Drivers/STM32L4xx_HAL_Driver/Src/stm32l4xx_hal_dac_ex.o
 .debug_info    0x0000000000008576     0x1d4a Drivers/STM32L4xx_HAL_Driver/Src/stm32l4xx_hal_dfsdm.o
 .debug_info    0x000000000000a2c0      0x973 Drivers/STM32L4xx_HAL_Driver/Src/stm32l4xx_hal_dma.o
 .debug_info    0x000000000000ac33      0xa5f Drivers/STM32L4xx_HAL_Driver/Src/stm32l4xx_hal_gpio.o
 .debug_info    0x000000000000b692     0x13e2 Drivers/STM32L4xx_HAL_Driver/Src/stm32l4xx_hal_pcd.o
 .debug_info    0x000000000000ca74      0xa9f Drivers/STM32L4xx_HAL_Driver/Src/stm32l4xx_hal_pcd_ex.o
 .debug_info    0x000000000000d513      0xb39 Drivers/STM32L4xx_HAL_Driver/Src/stm32l4xx_hal_pwr.o
 .debug_info    0x000000000000e04c      0xbda Drivers/STM32L4xx_HAL_Driver/Src/stm32l4xx_hal_pwr_ex.o
 .debug_info    0x000000000000ec26      0xe0b Drivers/STM32L4xx_HAL_Driver/Src/stm32l4xx_hal_rcc.o
 .debug_info    0x000000000000fa31     0x103f Drivers/STM32L4xx_HAL_Driver/Src/stm32l4xx_hal_rcc_ex.o
 .debug_info    0x0000000000010a70     0x2cb9 Drivers/STM32L4xx_HAL_Driver/Src/stm32l4xx_hal_tim.o
 .debug_info    0x0000000000013729     0x1813 Drivers/STM32L4xx_HAL_Driver/Src/stm32l4xx_hal_tim_ex.o
 .debug_info    0x0000000000014f3c     0x1c05 Drivers/STM32L4xx_HAL_Driver/Src/stm32l4xx_ll_usb.o
 .debug_info    0x0000000000016b41     0x171a Middlewares/ST/STM32_USB_Device_Library/Class/AUDIO/Src/usbd_audio.o
 .debug_info    0x000000000001825b     0x1506 Middlewares/ST/STM32_USB_Device_Library/Core/Src/usbd_core.o
 .debug_info    0x0000000000019761     0x14d2 Middlewares/ST/STM32_USB_Device_Library/Core/Src/usbd_ctlreq.o
 .debug_info    0x000000000001ac33     0x11f4 Middlewares/ST/STM32_USB_Device_Library/Core/Src/usbd_ioreq.o
 .debug_info    0x000000000001be27     0x117d USB_DEVICE/App/usb_device.o
 .debug_info    0x000000000001cfa4     0x133d USB_DEVICE/App/usbd_audio_if.o
 .debug_info    0x000000000001e2e1      0xfb8 USB_DEVICE/App/usbd_desc.o
 .debug_info    0x000000000001f299     0x2552 USB_DEVICE/Target/usbd_conf.o

.debug_abbrev   0x0000000000000000     0x4290
 .debug_abbrev  0x0000000000000000      0x324 Core/Src/main.o
 .debug_abbrev  0x0000000000000324      0x1fd Core/Src/stm32l4xx_hal_msp.o
 .debug_abbrev  0x0000000000000521      0x1ce Core/Src/stm32l4xx_it.o
 .debug_abbrev  0x00000000000006ef      0x165 Core/Src/system_stm32l4xx.o
 .debug_abbrev  0x0000000000000854       0x12 Core/Startup/startup_stm32l475vgtx.o
 .debug_abbrev  0x0000000000000866      0x227 Drivers/STM32L4xx_HAL_Driver/Src/stm32l4xx_hal.o
 .debug_abbrev  0x0000000000000a8d      0x33c Drivers/STM32L4xx_HAL_Driver/Src/stm32l4xx_hal_cortex.o
 .debug_abbrev  0x0000000000000dc9      0x1f2 Drivers/STM32L4xx_HAL_Driver/Src/stm32l4xx_hal_dac.o
 .debug_abbrev  0x0000000000000fbb      0x25f Drivers/STM32L4xx_HAL_Driver/Src/stm32l4xx_hal_dac_ex.o
 .debug_abbrev  0x000000000000121a      0x267 Drivers/STM32L4xx_HAL_Driver/Src/stm32l4xx_hal_dfsdm.o
 .debug_abbrev  0x0000000000001481      0x201 Drivers/STM32L4xx_HAL_Driver/Src/stm32l4xx_hal_dma.o
 .debug_abbrev  0x0000000000001682      0x1e8 Drivers/STM32L4xx_HAL_Driver/Src/stm32l4xx_hal_gpio.o
 .debug_abbrev  0x000000000000186a      0x2a0 Drivers/STM32L4xx_HAL_Driver/Src/stm32l4xx_hal_pcd.o
 .debug_abbrev  0x0000000000001b0a      0x246 Drivers/STM32L4xx_HAL_Driver/Src/stm32l4xx_hal_pcd_ex.o
 .debug_abbrev  0x0000000000001d50      0x1ab Drivers/STM32L4xx_HAL_Driver/Src/stm32l4xx_hal_pwr.o
 .debug_abbrev  0x0000000000001efb      0x1f3 Drivers/STM32L4xx_HAL_Driver/Src/stm32l4xx_hal_pwr_ex.o
 .debug_abbrev  0x00000000000020ee      0x275 Drivers/STM32L4xx_HAL_Driver/Src/stm32l4xx_hal_rcc.o
 .debug_abbrev  0x0000000000002363      0x268 Drivers/STM32L4xx_HAL_Driver/Src/stm32l4xx_hal_rcc_ex.o
 .debug_abbrev  0x00000000000025cb      0x25e Drivers/STM32L4xx_HAL_Driver/Src/stm32l4xx_hal_tim.o
 .debug_abbrev  0x0000000000002829      0x266 Drivers/STM32L4xx_HAL_Driver/Src/stm32l4xx_hal_tim_ex.o
 .debug_abbrev  0x0000000000002a8f      0x2a7 Drivers/STM32L4xx_HAL_Driver/Src/stm32l4xx_ll_usb.o
 .debug_abbrev  0x0000000000002d36      0x310 Middlewares/ST/STM32_USB_Device_Library/Class/AUDIO/Src/usbd_audio.o
 .debug_abbrev  0x0000000000003046      0x2b7 Middlewares/ST/STM32_USB_Device_Library/Core/Src/usbd_core.o
 .debug_abbrev  0x00000000000032fd      0x2fc Middlewares/ST/STM32_USB_Device_Library/Core/Src/usbd_ctlreq.o
 .debug_abbrev  0x00000000000035f9      0x22a Middlewares/ST/STM32_USB_Device_Library/Core/Src/usbd_ioreq.o
 .debug_abbrev  0x0000000000003823      0x204 USB_DEVICE/App/usb_device.o
 .debug_abbrev  0x0000000000003a27      0x272 USB_DEVICE/App/usbd_audio_if.o
 .debug_abbrev  0x0000000000003c99      0x2aa USB_DEVICE/App/usbd_desc.o
 .debug_abbrev  0x0000000000003f43      0x34d USB_DEVICE/Target/usbd_conf.o

.debug_aranges  0x0000000000000000     0x1858
 .debug_aranges
                0x0000000000000000       0x70 Core/Src/main.o
 .debug_aranges
                0x0000000000000070       0x60 Core/Src/stm32l4xx_hal_msp.o
 .debug_aranges
                0x00000000000000d0       0xa0 Core/Src/stm32l4xx_it.o
 .debug_aranges
                0x0000000000000170       0x28 Core/Src/system_stm32l4xx.o
 .debug_aranges
                0x0000000000000198       0x28 Core/Startup/startup_stm32l475vgtx.o
 .debug_aranges
                0x00000000000001c0      0x130 Drivers/STM32L4xx_HAL_Driver/Src/stm32l4xx_hal.o
 .debug_aranges
                0x00000000000002f0      0x118 Drivers/STM32L4xx_HAL_Driver/Src/stm32l4xx_hal_cortex.o
 .debug_aranges
                0x0000000000000408       0xc0 Drivers/STM32L4xx_HAL_Driver/Src/stm32l4xx_hal_dac.o
 .debug_aranges
                0x00000000000004c8       0x88 Drivers/STM32L4xx_HAL_Driver/Src/stm32l4xx_hal_dac_ex.o
 .debug_aranges
                0x0000000000000550      0x248 Drivers/STM32L4xx_HAL_Driver/Src/stm32l4xx_hal_dfsdm.o
 .debug_aranges
                0x0000000000000798       0x80 Drivers/STM32L4xx_HAL_Driver/Src/stm32l4xx_hal_dma.o
 .debug_aranges
                0x0000000000000818       0x58 Drivers/STM32L4xx_HAL_Driver/Src/stm32l4xx_hal_gpio.o
 .debug_aranges
                0x0000000000000870      0x130 Drivers/STM32L4xx_HAL_Driver/Src/stm32l4xx_hal_pcd.o
 .debug_aranges
                0x00000000000009a0       0x60 Drivers/STM32L4xx_HAL_Driver/Src/stm32l4xx_hal_pcd_ex.o
 .debug_aranges
                0x0000000000000a00       0x98 Drivers/STM32L4xx_HAL_Driver/Src/stm32l4xx_hal_pwr.o
 .debug_aranges
                0x0000000000000a98      0x150 Drivers/STM32L4xx_HAL_Driver/Src/stm32l4xx_hal_pwr_ex.o
 .debug_aranges
                0x0000000000000be8       0x88 Drivers/STM32L4xx_HAL_Driver/Src/stm32l4xx_hal_rcc.o
 .debug_aranges
                0x0000000000000c70       0xc0 Drivers/STM32L4xx_HAL_Driver/Src/stm32l4xx_hal_rcc_ex.o
 .debug_aranges
                0x0000000000000d30      0x3e0 Drivers/STM32L4xx_HAL_Driver/Src/stm32l4xx_hal_tim.o
 .debug_aranges
                0x0000000000001110      0x180 Drivers/STM32L4xx_HAL_Driver/Src/stm32l4xx_hal_tim_ex.o
 .debug_aranges
                0x0000000000001290      0x198 Drivers/STM32L4xx_HAL_Driver/Src/stm32l4xx_ll_usb.o
 .debug_aranges
                0x0000000000001428       0x98 Middlewares/ST/STM32_USB_Device_Library/Class/AUDIO/Src/usbd_audio.o
 .debug_aranges
                0x00000000000014c0       0xb8 Middlewares/ST/STM32_USB_Device_Library/Core/Src/usbd_core.o
 .debug_aranges
                0x0000000000001578       0x90 Middlewares/ST/STM32_USB_Device_Library/Core/Src/usbd_ctlreq.o
 .debug_aranges
                0x0000000000001608       0x50 Middlewares/ST/STM32_USB_Device_Library/Core/Src/usbd_ioreq.o
 .debug_aranges
                0x0000000000001658       0x20 USB_DEVICE/App/usb_device.o
 .debug_aranges
                0x0000000000001678       0x60 USB_DEVICE/App/usbd_audio_if.o
 .debug_aranges
                0x00000000000016d8       0x68 USB_DEVICE/App/usbd_desc.o
 .debug_aranges
                0x0000000000001740      0x118 USB_DEVICE/Target/usbd_conf.o

.debug_ranges   0x0000000000000000     0x1690
 .debug_ranges  0x0000000000000000       0x60 Core/Src/main.o
 .debug_ranges  0x0000000000000060       0x50 Core/Src/stm32l4xx_hal_msp.o
 .debug_ranges  0x00000000000000b0       0x90 Core/Src/stm32l4xx_it.o
 .debug_ranges  0x0000000000000140       0x18 Core/Src/system_stm32l4xx.o
 .debug_ranges  0x0000000000000158       0x20 Core/Startup/startup_stm32l475vgtx.o
 .debug_ranges  0x0000000000000178      0x120 Drivers/STM32L4xx_HAL_Driver/Src/stm32l4xx_hal.o
 .debug_ranges  0x0000000000000298      0x108 Drivers/STM32L4xx_HAL_Driver/Src/stm32l4xx_hal_cortex.o
 .debug_ranges  0x00000000000003a0       0xb0 Drivers/STM32L4xx_HAL_Driver/Src/stm32l4xx_hal_dac.o
 .debug_ranges  0x0000000000000450       0x78 Drivers/STM32L4xx_HAL_Driver/Src/stm32l4xx_hal_dac_ex.o
 .debug_ranges  0x00000000000004c8      0x238 Drivers/STM32L4xx_HAL_Driver/Src/stm32l4xx_hal_dfsdm.o
 .debug_ranges  0x0000000000000700       0x70 Drivers/STM32L4xx_HAL_Driver/Src/stm32l4xx_hal_dma.o
 .debug_ranges  0x0000000000000770       0x48 Drivers/STM32L4xx_HAL_Driver/Src/stm32l4xx_hal_gpio.o
 .debug_ranges  0x00000000000007b8      0x120 Drivers/STM32L4xx_HAL_Driver/Src/stm32l4xx_hal_pcd.o
 .debug_ranges  0x00000000000008d8       0x50 Drivers/STM32L4xx_HAL_Driver/Src/stm32l4xx_hal_pcd_ex.o
 .debug_ranges  0x0000000000000928       0x88 Drivers/STM32L4xx_HAL_Driver/Src/stm32l4xx_hal_pwr.o
 .debug_ranges  0x00000000000009b0      0x140 Drivers/STM32L4xx_HAL_Driver/Src/stm32l4xx_hal_pwr_ex.o
 .debug_ranges  0x0000000000000af0       0x78 Drivers/STM32L4xx_HAL_Driver/Src/stm32l4xx_hal_rcc.o
 .debug_ranges  0x0000000000000b68       0xb0 Drivers/STM32L4xx_HAL_Driver/Src/stm32l4xx_hal_rcc_ex.o
 .debug_ranges  0x0000000000000c18      0x3d0 Drivers/STM32L4xx_HAL_Driver/Src/stm32l4xx_hal_tim.o
 .debug_ranges  0x0000000000000fe8      0x170 Drivers/STM32L4xx_HAL_Driver/Src/stm32l4xx_hal_tim_ex.o
 .debug_ranges  0x0000000000001158      0x188 Drivers/STM32L4xx_HAL_Driver/Src/stm32l4xx_ll_usb.o
 .debug_ranges  0x00000000000012e0       0x88 Middlewares/ST/STM32_USB_Device_Library/Class/AUDIO/Src/usbd_audio.o
 .debug_ranges  0x0000000000001368       0xa8 Middlewares/ST/STM32_USB_Device_Library/Core/Src/usbd_core.o
 .debug_ranges  0x0000000000001410       0x80 Middlewares/ST/STM32_USB_Device_Library/Core/Src/usbd_ctlreq.o
 .debug_ranges  0x0000000000001490       0x40 Middlewares/ST/STM32_USB_Device_Library/Core/Src/usbd_ioreq.o
 .debug_ranges  0x00000000000014d0       0x10 USB_DEVICE/App/usb_device.o
 .debug_ranges  0x00000000000014e0       0x50 USB_DEVICE/App/usbd_audio_if.o
 .debug_ranges  0x0000000000001530       0x58 USB_DEVICE/App/usbd_desc.o
 .debug_ranges  0x0000000000001588      0x108 USB_DEVICE/Target/usbd_conf.o

.debug_macro    0x0000000000000000    0x2ad53
 .debug_macro   0x0000000000000000      0x42b Core/Src/main.o
 .debug_macro   0x000000000000042b      0xaa8 Core/Src/main.o
 .debug_macro   0x0000000000000ed3      0x1b9 Core/Src/main.o
 .debug_macro   0x000000000000108c       0x2e Core/Src/main.o
 .debug_macro   0x00000000000010ba       0x28 Core/Src/main.o
 .debug_macro   0x00000000000010e2       0x22 Core/Src/main.o
 .debug_macro   0x0000000000001104       0x8e Core/Src/main.o
 .debug_macro   0x0000000000001192       0x51 Core/Src/main.o
 .debug_macro   0x00000000000011e3      0x103 Core/Src/main.o
 .debug_macro   0x00000000000012e6       0x6a Core/Src/main.o
 .debug_macro   0x0000000000001350      0x1df Core/Src/main.o
 .debug_macro   0x000000000000152f       0x1c Core/Src/main.o
 .debug_macro   0x000000000000154b       0x22 Core/Src/main.o
 .debug_macro   0x000000000000156d      0x101 Core/Src/main.o
 .debug_macro   0x000000000000166e     0x1011 Core/Src/main.o
 .debug_macro   0x000000000000267f      0x11f Core/Src/main.o
 .debug_macro   0x000000000000279e    0x19db6 Core/Src/main.o
 .debug_macro   0x000000000001c554       0x43 Core/Src/main.o
 .debug_macro   0x000000000001c597     0x3897 Core/Src/main.o
 .debug_macro   0x000000000001fe2e      0x174 Core/Src/main.o
 .debug_macro   0x000000000001ffa2       0x5c Core/Src/main.o
 .debug_macro   0x000000000001fffe     0x1519 Core/Src/main.o
 .debug_macro   0x0000000000021517      0x59e Core/Src/main.o
 .debug_macro   0x0000000000021ab5      0x13d Core/Src/main.o
 .debug_macro   0x0000000000021bf2      0x17d Core/Src/main.o
 .debug_macro   0x0000000000021d6f      0x26b Core/Src/main.o
 .debug_macro   0x0000000000021fda      0x29c Core/Src/main.o
 .debug_macro   0x0000000000022276      0x23d Core/Src/main.o
 .debug_macro   0x00000000000224b3      0x153 Core/Src/main.o
 .debug_macro   0x0000000000022606       0xd8 Core/Src/main.o
 .debug_macro   0x00000000000226de      0x241 Core/Src/main.o
 .debug_macro   0x000000000002291f      0x37c Core/Src/main.o
 .debug_macro   0x0000000000022c9b       0xd6 Core/Src/main.o
 .debug_macro   0x0000000000022d71      0x22c Core/Src/main.o
 .debug_macro   0x0000000000022f9d       0x61 Core/Src/main.o
 .debug_macro   0x0000000000022ffe       0xa5 Core/Src/main.o
 .debug_macro   0x00000000000230a3      0x1ed Core/Src/main.o
 .debug_macro   0x0000000000023290       0x97 Core/Src/main.o
 .debug_macro   0x0000000000023327      0x122 Core/Src/main.o
 .debug_macro   0x0000000000023449      0x3e9 Core/Src/main.o
 .debug_macro   0x0000000000023832      0xa75 Core/Src/main.o
 .debug_macro   0x00000000000242a7      0x1e7 Core/Src/main.o
 .debug_macro   0x000000000002448e      0x331 Core/Src/main.o
 .debug_macro   0x00000000000247bf      0x436 Core/Src/main.o
 .debug_macro   0x0000000000024bf5       0x52 Core/Src/main.o
 .debug_macro   0x0000000000024c47       0x18 Core/Src/main.o
 .debug_macro   0x0000000000024c5f       0x3c Core/Src/main.o
 .debug_macro   0x0000000000024c9b       0x34 Core/Src/main.o
 .debug_macro   0x0000000000024ccf       0x16 Core/Src/main.o
 .debug_macro   0x0000000000024ce5       0x35 Core/Src/main.o
 .debug_macro   0x0000000000024d1a      0x333 Core/Src/main.o
 .debug_macro   0x000000000002504d       0x10 Core/Src/main.o
 .debug_macro   0x000000000002505d       0x16 Core/Src/main.o
 .debug_macro   0x0000000000025073       0x43 Core/Src/main.o
 .debug_macro   0x00000000000250b6       0x34 Core/Src/main.o
 .debug_macro   0x00000000000250ea       0x10 Core/Src/main.o
 .debug_macro   0x00000000000250fa       0x58 Core/Src/main.o
 .debug_macro   0x0000000000025152       0x71 Core/Src/main.o
 .debug_macro   0x00000000000251c3       0x1c Core/Src/main.o
 .debug_macro   0x00000000000251df      0x12a Core/Src/main.o
 .debug_macro   0x0000000000025309       0x10 Core/Src/main.o
 .debug_macro   0x0000000000025319       0x1c Core/Src/main.o
 .debug_macro   0x0000000000025335       0x52 Core/Src/main.o
 .debug_macro   0x0000000000025387       0x22 Core/Src/main.o
 .debug_macro   0x00000000000253a9       0x10 Core/Src/main.o
 .debug_macro   0x00000000000253b9       0x40 Core/Src/main.o
 .debug_macro   0x00000000000253f9       0xd5 Core/Src/main.o
 .debug_macro   0x00000000000254ce       0x1c Core/Src/main.o
 .debug_macro   0x00000000000254ea       0x3d Core/Src/main.o
 .debug_macro   0x0000000000025527       0x16 Core/Src/main.o
 .debug_macro   0x000000000002553d      0x145 Core/Src/main.o
 .debug_macro   0x0000000000025682       0x16 Core/Src/main.o
 .debug_macro   0x0000000000025698       0x16 Core/Src/main.o
 .debug_macro   0x00000000000256ae       0x29 Core/Src/main.o
 .debug_macro   0x00000000000256d7       0x16 Core/Src/main.o
 .debug_macro   0x00000000000256ed       0x20 Core/Src/main.o
 .debug_macro   0x000000000002570d       0x66 Core/Src/main.o
 .debug_macro   0x0000000000025773      0x1ef Core/Src/main.o
 .debug_macro   0x0000000000025962      0x216 Core/Src/stm32l4xx_hal_msp.o
 .debug_macro   0x0000000000025b78      0x220 Core/Src/stm32l4xx_it.o
 .debug_macro   0x0000000000025d98      0x207 Core/Src/system_stm32l4xx.o
 .debug_macro   0x0000000000025f9f      0x255 Drivers/STM32L4xx_HAL_Driver/Src/stm32l4xx_hal.o
 .debug_macro   0x00000000000261f4      0x207 Drivers/STM32L4xx_HAL_Driver/Src/stm32l4xx_hal_cortex.o
 .debug_macro   0x00000000000263fb      0x216 Drivers/STM32L4xx_HAL_Driver/Src/stm32l4xx_hal_dac.o
 .debug_macro   0x0000000000026611      0x207 Drivers/STM32L4xx_HAL_Driver/Src/stm32l4xx_hal_dac_ex.o
 .debug_macro   0x0000000000026818      0x22b Drivers/STM32L4xx_HAL_Driver/Src/stm32l4xx_hal_dfsdm.o
 .debug_macro   0x0000000000026a43      0x207 Drivers/STM32L4xx_HAL_Driver/Src/stm32l4xx_hal_dma.o
 .debug_macro   0x0000000000026c4a      0x246 Drivers/STM32L4xx_HAL_Driver/Src/stm32l4xx_hal_gpio.o
 .debug_macro   0x0000000000026e90      0x213 Drivers/STM32L4xx_HAL_Driver/Src/stm32l4xx_hal_pcd.o
 .debug_macro   0x00000000000270a3      0x207 Drivers/STM32L4xx_HAL_Driver/Src/stm32l4xx_hal_pcd_ex.o
 .debug_macro   0x00000000000272aa      0x21f Drivers/STM32L4xx_HAL_Driver/Src/stm32l4xx_hal_pwr.o
 .debug_macro   0x00000000000274c9      0x22b Drivers/STM32L4xx_HAL_Driver/Src/stm32l4xx_hal_pwr_ex.o
 .debug_macro   0x00000000000276f4      0x249 Drivers/STM32L4xx_HAL_Driver/Src/stm32l4xx_hal_rcc.o
 .debug_macro   0x000000000002793d      0x23d Drivers/STM32L4xx_HAL_Driver/Src/stm32l4xx_hal_rcc_ex.o
 .debug_macro   0x0000000000027b7a      0x208 Drivers/STM32L4xx_HAL_Driver/Src/stm32l4xx_hal_tim.o
 .debug_macro   0x0000000000027d82      0x207 Drivers/STM32L4xx_HAL_Driver/Src/stm32l4xx_hal_tim_ex.o
 .debug_macro   0x0000000000027f89      0x207 Drivers/STM32L4xx_HAL_Driver/Src/stm32l4xx_ll_usb.o
 .debug_macro   0x0000000000028190      0x438 Middlewares/ST/STM32_USB_Device_Library/Class/AUDIO/Src/usbd_audio.o
 .debug_macro   0x00000000000285c8       0x97 Middlewares/ST/STM32_USB_Device_Library/Class/AUDIO/Src/usbd_audio.o
 .debug_macro   0x000000000002865f       0xfd Middlewares/ST/STM32_USB_Device_Library/Class/AUDIO/Src/usbd_audio.o
 .debug_macro   0x000000000002875c       0xfb Middlewares/ST/STM32_USB_Device_Library/Class/AUDIO/Src/usbd_audio.o
 .debug_macro   0x0000000000028857       0x56 Middlewares/ST/STM32_USB_Device_Library/Class/AUDIO/Src/usbd_audio.o
 .debug_macro   0x00000000000288ad       0xe9 Middlewares/ST/STM32_USB_Device_Library/Class/AUDIO/Src/usbd_audio.o
 .debug_macro   0x0000000000028996      0x413 Middlewares/ST/STM32_USB_Device_Library/Core/Src/usbd_core.o
 .debug_macro   0x0000000000028da9      0x1f5 Middlewares/ST/STM32_USB_Device_Library/Core/Src/usbd_core.o
 .debug_macro   0x0000000000028f9e      0x41d Middlewares/ST/STM32_USB_Device_Library/Core/Src/usbd_ctlreq.o
 .debug_macro   0x00000000000293bb      0x419 Middlewares/ST/STM32_USB_Device_Library/Core/Src/usbd_ioreq.o
 .debug_macro   0x00000000000297d4      0x44d USB_DEVICE/App/usb_device.o
 .debug_macro   0x0000000000029c21      0x43c USB_DEVICE/App/usb_device.o
 .debug_macro   0x000000000002a05d       0x22 USB_DEVICE/App/usb_device.o
 .debug_macro   0x000000000002a07f      0x432 USB_DEVICE/App/usbd_audio_if.o
 .debug_macro   0x000000000002a4b1      0x456 USB_DEVICE/App/usbd_desc.o
 .debug_macro   0x000000000002a907       0x1c USB_DEVICE/App/usbd_desc.o
 .debug_macro   0x000000000002a923      0x430 USB_DEVICE/Target/usbd_conf.o

.debug_line     0x0000000000000000    0x1be0f
 .debug_line    0x0000000000000000      0xf1e Core/Src/main.o
 .debug_line    0x0000000000000f1e      0x955 Core/Src/stm32l4xx_hal_msp.o
 .debug_line    0x0000000000001873      0x8bc Core/Src/stm32l4xx_it.o